#-----------------------------------------------------------
# Vivado v2020.1 (64-bit)
# SW Build 2902540 on Wed May 27 19:54:49 MDT 2020
# IP Build 2902112 on Wed May 27 22:43:36 MDT 2020
# Start of session at: Tue Sep 22 13:16:02 2026
# Process ID: 22208
# Current directory: C:/Users/TECH POINT/AppData/Roaming/Xilinx/Vivado
# Command line: vivado.exe -gui_launcher_event rodinguilauncherevent34568
# Log file: C:/Users/TECH POINT/AppData/Roaming/Xilinx/Vivado/vivado.log
# Journal file: C:/Users/TECH POINT/AppData/Roaming/Xilinx/Vivado\vivado.jou
#-----------------------------------------------------------
start_gui
open_project {C:/Users/TECH POINT/lab5/lab5.xpr}
Scanning sources...
Finished scanning sources
INFO: [IP_Flow 19-234] Refreshing IP repositories
INFO: [IP_Flow 19-1704] No user IP repositories specified
INFO: [IP_Flow 19-2313] Loaded Vivado IP repository 'C:/Xilinx/Vivado/2020.1/data/ip'.
open_project: Time (s): cpu = 00:00:27 ; elapsed = 00:00:16 . Memory (MB): peak = 1015.789 ; gain = 0.000
update_compile_order -fileset sources_1
launch_runs synth_1 -jobs 4
[Tue Sep 22 13:29:27 2026] Launched synth_1...
Run output will be captured here: C:/Users/TECH POINT/lab5/lab5.runs/synth_1/runme.log
launch_simulation
Command: launch_simulation 
INFO: [Vivado 12-5682] Launching behavioral simulation in 'C:/Users/TECH POINT/lab5/lab5.sim/sim_1/behav/xsim'
INFO: [SIM-utils-51] Simulation object is 'sim_1'
INFO: [SIM-utils-54] Inspecting design source files for 'tb_top_fsm' in fileset 'sim_1'...
INFO: [USF-XSim-97] Finding global include files...
INFO: [USF-XSim-98] Fetching design files from 'sim_1'...
INFO: [USF-XSim-2] XSim::Compile design
INFO: [USF-XSim-61] Executing 'COMPILE and ANALYZE' step in 'C:/Users/TECH POINT/lab5/lab5.sim/sim_1/behav/xsim'
"xvlog --incr --relax -prj tb_top_fsm_vlog.prj"
run_program: Time (s): cpu = 00:00:01 ; elapsed = 00:00:05 . Memory (MB): peak = 1015.789 ; gain = 0.000
INFO: [USF-XSim-69] 'compile' step finished in '5' seconds
INFO: [USF-XSim-3] XSim::Elaborate design
INFO: [USF-XSim-61] Executing 'ELABORATE' step in 'C:/Users/TECH POINT/lab5/lab5.sim/sim_1/behav/xsim'
"xelab -wto 092169e501a4420e887932fb6d462598 --incr --debug typical --relax --mt 2 -L xil_defaultlib -L unisims_ver -L unimacro_ver -L secureip --snapshot tb_top_fsm_behav xil_defaultlib.tb_top_fsm xil_defaultlib.glbl -log elaborate.log"
Vivado Simulator 2020.1
Copyright 1986-1999, 2001-2020 Xilinx, Inc. All Rights Reserved.
Running: C:/Xilinx/Vivado/2020.1/bin/unwrapped/win64.o/xelab.exe -wto 092169e501a4420e887932fb6d462598 --incr --debug typical --relax --mt 2 -L xil_defaultlib -L unisims_ver -L unimacro_ver -L secureip --snapshot tb_top_fsm_behav xil_defaultlib.tb_top_fsm xil_defaultlib.glbl -log elaborate.log 
Using 2 slave threads.
Starting static elaboration
Pass Through NonSizing Optimizer
Completed static elaboration
INFO: [XSIM 43-4323] No Change in HDL. Linking previously generated obj files to create kernel
INFO: [USF-XSim-69] 'elaborate' step finished in '4' seconds
INFO: [USF-XSim-4] XSim::Simulate design
INFO: [USF-XSim-61] Executing 'SIMULATE' step in 'C:/Users/TECH POINT/lab5/lab5.sim/sim_1/behav/xsim'
INFO: [USF-XSim-98] *** Running xsim
   with args "tb_top_fsm_behav -key {Behavioral:sim_1:Functional:tb_top_fsm} -tclbatch {tb_top_fsm.tcl} -view {{C:/Users/TECH POINT/lab5/tb_top_fsm_behav.wcfg}} -log {simulate.log}"
INFO: [USF-XSim-8] Loading simulator feature
Vivado Simulator 2020.1
Time resolution is 1 ps
open_wave_config {C:/Users/TECH POINT/lab5/tb_top_fsm_behav.wcfg}
source tb_top_fsm.tcl
# set curr_wave [current_wave_config]
# if { [string length $curr_wave] == 0 } {
#   if { [llength [get_objects]] > 0} {
#     add_wave /
#     set_property needs_save false [current_wave_config]
#   } else {
#      send_msg_id Add_Wave-1 WARNING "No top level signals found. Simulator will start without a wave window. If you want to open a wave window go to 'File->New Waveform Configuration' or type 'create_wave_config' in the TCL console."
#   }
# }
# run 1000ns
time=0 leds=x
time=110000 leds=5
time=120000 leds=5
time=130000 leds=4
time=140000 leds=4
time=150000 leds=4
time=160000 leds=4
time=170000 leds=4
time=180000 leds=4
time=190000 leds=3
time=200000 leds=3
time=210000 leds=3
time=220000 leds=3
time=230000 leds=3
time=240000 leds=3
time=250000 leds=2
time=260000 leds=2
time=270000 leds=2
time=280000 leds=2
time=290000 leds=2
time=300000 leds=2
time=310000 leds=1
time=320000 leds=1
time=330000 leds=1
time=340000 leds=1
time=350000 leds=1
time=360000 leds=1
time=370000 leds=0
time=380000 leds=0
time=390000 leds=0
time=400000 leds=0
time=410000 leds=0
time=420000 leds=0
time=430000 leds=0
time=440000 leds=0
time=450000 leds=0
time=460000 leds=0
time=470000 leds=0
time=480000 leds=0
time=490000 leds=0
time=500000 leds=0
mid-count leds=6
after reset leds=0 (expect 0)
TEST DONE
$finish called at time : 590 ns : File "C:/Users/TECH POINT/lab5/lab5.srcs/sim_1/new/tb_top_fsm.v" Line 59
xsim: Time (s): cpu = 00:00:19 ; elapsed = 00:00:16 . Memory (MB): peak = 1015.789 ; gain = 0.000
INFO: [USF-XSim-96] XSim completed. Design snapshot 'tb_top_fsm_behav' loaded.
INFO: [USF-XSim-97] XSim simulation ran for 1000ns
launch_simulation: Time (s): cpu = 00:00:23 ; elapsed = 00:00:27 . Memory (MB): peak = 1015.789 ; gain = 0.000
open_run synth_1 -name synth_1
Design is defaulting to impl run constrset: constrs_1
Design is defaulting to synth run part: xc7a35tcpg236-1
INFO: [Device 21-403] Loading part xc7a35tcpg236-1
Netlist sorting complete. Time (s): cpu = 00:00:00 ; elapsed = 00:00:00.002 . Memory (MB): peak = 1104.344 ; gain = 0.000
INFO: [Netlist 29-17] Analyzing 11 Unisim elements for replacement
INFO: [Netlist 29-28] Unisim Transformation completed in 0 CPU seconds
INFO: [Project 1-479] Netlist was created with Vivado 2020.1
INFO: [Project 1-570] Preparing netlist for logic optimization
Parsing XDC File [C:/Users/TECH POINT/lab5/lab5.srcs/constrs_1/new/fsm_xdc.xdc]
Finished Parsing XDC File [C:/Users/TECH POINT/lab5/lab5.srcs/constrs_1/new/fsm_xdc.xdc]
INFO: [Opt 31-138] Pushed 0 inverter(s) to 0 load pin(s).
Netlist sorting complete. Time (s): cpu = 00:00:00 ; elapsed = 00:00:00 . Memory (MB): peak = 1213.137 ; gain = 0.000
INFO: [Project 1-111] Unisim Transformation Summary:
No Unisim elements were transformed.

open_run: Time (s): cpu = 00:00:33 ; elapsed = 00:00:22 . Memory (MB): peak = 1339.305 ; gain = 323.516
synth_design -rtl -name rtl_1
Command: synth_design -rtl -name rtl_1
Starting synth_design
Using part: xc7a35tcpg236-1
Top: top_fsm_system
---------------------------------------------------------------------------------
Starting RTL Elaboration : Time (s): cpu = 00:00:07 ; elapsed = 00:00:06 . Memory (MB): peak = 2063.254 ; gain = 236.688
---------------------------------------------------------------------------------
INFO: [Synth 8-6157] synthesizing module 'top_fsm_system' [C:/Users/TECH POINT/lab5/lab5.srcs/sources_1/new/skeleton_top_fsm.v:12]
	Parameter S_RESET bound to: 2'b00 
	Parameter S_IDLE bound to: 2'b01 
	Parameter S_COUNT bound to: 2'b10 
INFO: [Synth 8-6157] synthesizing module 'debouncer' [C:/Users/TECH POINT/lab5/lab5.srcs/sources_1/new/debouncer.v:13]
INFO: [Synth 8-6155] done synthesizing module 'debouncer' (1#1) [C:/Users/TECH POINT/lab5/lab5.srcs/sources_1/new/debouncer.v:13]
INFO: [Synth 8-6157] synthesizing module 'leds' [C:/Users/TECH POINT/lab5/lab5.srcs/sources_1/new/leds.v:13]
INFO: [Synth 8-6155] done synthesizing module 'leds' (2#1) [C:/Users/TECH POINT/lab5/lab5.srcs/sources_1/new/leds.v:13]
INFO: [Synth 8-6157] synthesizing module 'switches' [C:/Users/TECH POINT/lab5/lab5.srcs/sources_1/new/switches.v:13]
INFO: [Synth 8-6155] done synthesizing module 'switches' (3#1) [C:/Users/TECH POINT/lab5/lab5.srcs/sources_1/new/switches.v:13]
INFO: [Synth 8-6157] synthesizing module 'clock_divider' [C:/Users/TECH POINT/lab5/lab5.srcs/sources_1/new/clock_divider.v:13]
	Parameter MAX_COUNT bound to: 2 - type: integer 
INFO: [Synth 8-6155] done synthesizing module 'clock_divider' (4#1) [C:/Users/TECH POINT/lab5/lab5.srcs/sources_1/new/clock_divider.v:13]
INFO: [Synth 8-6155] done synthesizing module 'top_fsm_system' (5#1) [C:/Users/TECH POINT/lab5/lab5.srcs/sources_1/new/skeleton_top_fsm.v:12]
---------------------------------------------------------------------------------
Finished RTL Elaboration : Time (s): cpu = 00:00:09 ; elapsed = 00:00:08 . Memory (MB): peak = 2112.855 ; gain = 286.289
---------------------------------------------------------------------------------
---------------------------------------------------------------------------------
Start Handling Custom Attributes
---------------------------------------------------------------------------------
---------------------------------------------------------------------------------
Finished Handling Custom Attributes : Time (s): cpu = 00:00:10 ; elapsed = 00:00:09 . Memory (MB): peak = 2131.781 ; gain = 305.215
---------------------------------------------------------------------------------
---------------------------------------------------------------------------------
Finished RTL Optimization Phase 1 : Time (s): cpu = 00:00:10 ; elapsed = 00:00:09 . Memory (MB): peak = 2131.781 ; gain = 305.215
---------------------------------------------------------------------------------
Netlist sorting complete. Time (s): cpu = 00:00:00 ; elapsed = 00:00:00.007 . Memory (MB): peak = 2131.781 ; gain = 0.000
INFO: [Project 1-570] Preparing netlist for logic optimization

Processing XDC Constraints
Initializing timing engine
Parsing XDC File [C:/Users/TECH POINT/lab5/lab5.srcs/constrs_1/new/fsm_xdc.xdc]
Finished Parsing XDC File [C:/Users/TECH POINT/lab5/lab5.srcs/constrs_1/new/fsm_xdc.xdc]
Completed Processing XDC Constraints

INFO: [Opt 31-138] Pushed 0 inverter(s) to 0 load pin(s).
Netlist sorting complete. Time (s): cpu = 00:00:00 ; elapsed = 00:00:00.001 . Memory (MB): peak = 2238.664 ; gain = 0.000
INFO: [Project 1-111] Unisim Transformation Summary:
No Unisim elements were transformed.

RTL Elaboration Complete:  : Time (s): cpu = 00:00:36 ; elapsed = 00:00:24 . Memory (MB): peak = 2291.848 ; gain = 465.281
13 Infos, 0 Warnings, 0 Critical Warnings and 0 Errors encountered.
synth_design completed successfully
synth_design: Time (s): cpu = 00:00:36 ; elapsed = 00:00:24 . Memory (MB): peak = 2291.848 ; gain = 465.281
close_sim
ERROR: [Vivado 12-106] *** Exception: java.lang.NullPointerException (See C:/Users/TECH POINT/AppData/Roaming/Xilinx/Vivado/vivado_pid22208.debug)
INFO: [Simtcl 6-16] Simulation closed
close_sim: Time (s): cpu = 00:00:09 ; elapsed = 00:00:19 . Memory (MB): peak = 2605.672 ; gain = 200.352
ERROR: [Common 17-39] 'close_sim' failed due to earlier errors.
launch_simulation
Command: launch_simulation 
INFO: [Vivado 12-5682] Launching behavioral simulation in 'C:/Users/TECH POINT/lab5/lab5.sim/sim_1/behav/xsim'
INFO: [SIM-utils-51] Simulation object is 'sim_1'
INFO: [SIM-utils-54] Inspecting design source files for 'tb_top_fsm' in fileset 'sim_1'...
INFO: [USF-XSim-97] Finding global include files...
INFO: [USF-XSim-98] Fetching design files from 'sim_1'...
INFO: [USF-XSim-2] XSim::Compile design
INFO: [USF-XSim-61] Executing 'COMPILE and ANALYZE' step in 'C:/Users/TECH POINT/lab5/lab5.sim/sim_1/behav/xsim'
"xvlog --incr --relax -prj tb_top_fsm_vlog.prj"
INFO: [USF-XSim-69] 'compile' step finished in '4' seconds
INFO: [USF-XSim-3] XSim::Elaborate design
INFO: [USF-XSim-61] Executing 'ELABORATE' step in 'C:/Users/TECH POINT/lab5/lab5.sim/sim_1/behav/xsim'
"xelab -wto 092169e501a4420e887932fb6d462598 --incr --debug typical --relax --mt 2 -L xil_defaultlib -L unisims_ver -L unimacro_ver -L secureip --snapshot tb_top_fsm_behav xil_defaultlib.tb_top_fsm xil_defaultlib.glbl -log elaborate.log"
Vivado Simulator 2020.1
Copyright 1986-1999, 2001-2020 Xilinx, Inc. All Rights Reserved.
Running: C:/Xilinx/Vivado/2020.1/bin/unwrapped/win64.o/xelab.exe -wto 092169e501a4420e887932fb6d462598 --incr --debug typical --relax --mt 2 -L xil_defaultlib -L unisims_ver -L unimacro_ver -L secureip --snapshot tb_top_fsm_behav xil_defaultlib.tb_top_fsm xil_defaultlib.glbl -log elaborate.log 
Using 2 slave threads.
Starting static elaboration
Pass Through NonSizing Optimizer
Completed static elaboration
INFO: [XSIM 43-4323] No Change in HDL. Linking previously generated obj files to create kernel
INFO: [USF-XSim-69] 'elaborate' step finished in '3' seconds
INFO: [USF-XSim-4] XSim::Simulate design
INFO: [USF-XSim-61] Executing 'SIMULATE' step in 'C:/Users/TECH POINT/lab5/lab5.sim/sim_1/behav/xsim'
INFO: [USF-XSim-98] *** Running xsim
   with args "tb_top_fsm_behav -key {Behavioral:sim_1:Functional:tb_top_fsm} -tclbatch {tb_top_fsm.tcl} -view {{C:/Users/TECH POINT/lab5/tb_top_fsm_behav.wcfg}} -log {simulate.log}"
INFO: [USF-XSim-8] Loading simulator feature
Vivado Simulator 2020.1
Time resolution is 1 ps
open_wave_config {C:/Users/TECH POINT/lab5/tb_top_fsm_behav.wcfg}
source tb_top_fsm.tcl
# set curr_wave [current_wave_config]
# if { [string length $curr_wave] == 0 } {
#   if { [llength [get_objects]] > 0} {
#     add_wave /
#     set_property needs_save false [current_wave_config]
#   } else {
#      send_msg_id Add_Wave-1 WARNING "No top level signals found. Simulator will start without a wave window. If you want to open a wave window go to 'File->New Waveform Configuration' or type 'create_wave_config' in the TCL console."
#   }
# }
# run 1000ns
time=0 leds=x
time=110000 leds=5
time=120000 leds=5
time=130000 leds=4
time=140000 leds=4
time=150000 leds=4
time=160000 leds=4
time=170000 leds=4
time=180000 leds=4
time=190000 leds=3
time=200000 leds=3
time=210000 leds=3
time=220000 leds=3
time=230000 leds=3
time=240000 leds=3
time=250000 leds=2
time=260000 leds=2
time=270000 leds=2
time=280000 leds=2
time=290000 leds=2
time=300000 leds=2
time=310000 leds=1
time=320000 leds=1
time=330000 leds=1
time=340000 leds=1
time=350000 leds=1
time=360000 leds=1
time=370000 leds=0
time=380000 leds=0
time=390000 leds=0
time=400000 leds=0
time=410000 leds=0
time=420000 leds=0
time=430000 leds=0
time=440000 leds=0
time=450000 leds=0
time=460000 leds=0
time=470000 leds=0
time=480000 leds=0
time=490000 leds=0
time=500000 leds=0
mid-count leds=6
after reset leds=0 (expect 0)
TEST DONE
$finish called at time : 590 ns : File "C:/Users/TECH POINT/lab5/lab5.srcs/sim_1/new/tb_top_fsm.v" Line 59
xsim: Time (s): cpu = 00:00:11 ; elapsed = 00:00:25 . Memory (MB): peak = 2701.504 ; gain = 95.832
INFO: [USF-XSim-96] XSim completed. Design snapshot 'tb_top_fsm_behav' loaded.
INFO: [USF-XSim-97] XSim simulation ran for 1000ns
launch_simulation: Time (s): cpu = 00:00:13 ; elapsed = 00:00:34 . Memory (MB): peak = 2701.504 ; gain = 95.832
close_sim
ERROR: [Vivado 12-106] *** Exception: java.lang.NullPointerException (See C:/Users/TECH POINT/AppData/Roaming/Xilinx/Vivado/vivado_pid22208.debug)
INFO: [Simtcl 6-16] Simulation closed
close_sim: Time (s): cpu = 00:00:06 ; elapsed = 00:00:12 . Memory (MB): peak = 2859.484 ; gain = 0.000
ERROR: [Common 17-39] 'close_sim' failed due to earlier errors.
launch_simulation
Command: launch_simulation 
INFO: [Vivado 12-5682] Launching behavioral simulation in 'C:/Users/TECH POINT/lab5/lab5.sim/sim_1/behav/xsim'
INFO: [SIM-utils-51] Simulation object is 'sim_1'
INFO: [SIM-utils-54] Inspecting design source files for 'tb_top_fsm' in fileset 'sim_1'...
INFO: [USF-XSim-97] Finding global include files...
INFO: [USF-XSim-98] Fetching design files from 'sim_1'...
INFO: [USF-XSim-2] XSim::Compile design
INFO: [USF-XSim-61] Executing 'COMPILE and ANALYZE' step in 'C:/Users/TECH POINT/lab5/lab5.sim/sim_1/behav/xsim'
"xvlog --incr --relax -prj tb_top_fsm_vlog.prj"
INFO: [USF-XSim-69] 'compile' step finished in '3' seconds
INFO: [USF-XSim-3] XSim::Elaborate design
INFO: [USF-XSim-61] Executing 'ELABORATE' step in 'C:/Users/TECH POINT/lab5/lab5.sim/sim_1/behav/xsim'
"xelab -wto 092169e501a4420e887932fb6d462598 --incr --debug typical --relax --mt 2 -L xil_defaultlib -L unisims_ver -L unimacro_ver -L secureip --snapshot tb_top_fsm_behav xil_defaultlib.tb_top_fsm xil_defaultlib.glbl -log elaborate.log"
Vivado Simulator 2020.1
Copyright 1986-1999, 2001-2020 Xilinx, Inc. All Rights Reserved.
Running: C:/Xilinx/Vivado/2020.1/bin/unwrapped/win64.o/xelab.exe -wto 092169e501a4420e887932fb6d462598 --incr --debug typical --relax --mt 2 -L xil_defaultlib -L unisims_ver -L unimacro_ver -L secureip --snapshot tb_top_fsm_behav xil_defaultlib.tb_top_fsm xil_defaultlib.glbl -log elaborate.log 
Using 2 slave threads.
Starting static elaboration
Pass Through NonSizing Optimizer
Completed static elaboration
INFO: [XSIM 43-4323] No Change in HDL. Linking previously generated obj files to create kernel
INFO: [USF-XSim-69] 'elaborate' step finished in '3' seconds
INFO: [USF-XSim-4] XSim::Simulate design
INFO: [USF-XSim-61] Executing 'SIMULATE' step in 'C:/Users/TECH POINT/lab5/lab5.sim/sim_1/behav/xsim'
INFO: [USF-XSim-98] *** Running xsim
   with args "tb_top_fsm_behav -key {Behavioral:sim_1:Functional:tb_top_fsm} -tclbatch {tb_top_fsm.tcl} -view {{C:/Users/TECH POINT/lab5/tb_top_fsm_behav.wcfg}} -log {simulate.log}"
INFO: [USF-XSim-8] Loading simulator feature
Vivado Simulator 2020.1
Time resolution is 1 ps
open_wave_config {C:/Users/TECH POINT/lab5/tb_top_fsm_behav.wcfg}
source tb_top_fsm.tcl
# set curr_wave [current_wave_config]
# if { [string length $curr_wave] == 0 } {
#   if { [llength [get_objects]] > 0} {
#     add_wave /
#     set_property needs_save false [current_wave_config]
#   } else {
#      send_msg_id Add_Wave-1 WARNING "No top level signals found. Simulator will start without a wave window. If you want to open a wave window go to 'File->New Waveform Configuration' or type 'create_wave_config' in the TCL console."
#   }
# }
# run 1000ns
time=0 leds=x
time=110000 leds=5
time=120000 leds=5
time=130000 leds=4
time=140000 leds=4
time=150000 leds=4
time=160000 leds=4
time=170000 leds=4
time=180000 leds=4
time=190000 leds=3
time=200000 leds=3
time=210000 leds=3
time=220000 leds=3
time=230000 leds=3
time=240000 leds=3
time=250000 leds=2
time=260000 leds=2
time=270000 leds=2
time=280000 leds=2
time=290000 leds=2
time=300000 leds=2
time=310000 leds=1
time=320000 leds=1
time=330000 leds=1
time=340000 leds=1
time=350000 leds=1
time=360000 leds=1
time=370000 leds=0
time=380000 leds=0
time=390000 leds=0
time=400000 leds=0
time=410000 leds=0
time=420000 leds=0
time=430000 leds=0
time=440000 leds=0
time=450000 leds=0
time=460000 leds=0
time=470000 leds=0
time=480000 leds=0
time=490000 leds=0
time=500000 leds=0
mid-count leds=6
after reset leds=0 (expect 0)
TEST DONE
$finish called at time : 590 ns : File "C:/Users/TECH POINT/lab5/lab5.srcs/sim_1/new/tb_top_fsm.v" Line 59
xsim: Time (s): cpu = 00:00:11 ; elapsed = 00:00:12 . Memory (MB): peak = 2859.484 ; gain = 0.000
INFO: [USF-XSim-96] XSim completed. Design snapshot 'tb_top_fsm_behav' loaded.
INFO: [USF-XSim-97] XSim simulation ran for 1000ns
launch_simulation: Time (s): cpu = 00:00:12 ; elapsed = 00:00:18 . Memory (MB): peak = 2859.484 ; gain = 0.000
reset_run synth_1
WARNING: [Vivado 12-1017] Problems encountered:
1. Failed to delete one or more files in run directory C:/Users/TECH POINT/lab5/lab5.runs/synth_1

launch_runs synth_1 -jobs 4
[Tue Sep 22 16:37:47 2026] Launched synth_1...
Run output will be captured here: C:/Users/TECH POINT/lab5/lab5.runs/synth_1/runme.log
current_design synth_1
close_design
close_design: Time (s): cpu = 00:00:15 ; elapsed = 00:00:14 . Memory (MB): peak = 2859.484 ; gain = 0.000
open_run synth_1 -name synth_1
Design is defaulting to impl run constrset: constrs_1
Design is defaulting to synth run part: xc7a35tcpg236-1
Netlist sorting complete. Time (s): cpu = 00:00:00 ; elapsed = 00:00:00.005 . Memory (MB): peak = 2859.484 ; gain = 0.000
INFO: [Netlist 29-17] Analyzing 11 Unisim elements for replacement
INFO: [Netlist 29-28] Unisim Transformation completed in 0 CPU seconds
INFO: [Project 1-479] Netlist was created with Vivado 2020.1
INFO: [Project 1-570] Preparing netlist for logic optimization
Parsing XDC File [C:/Users/TECH POINT/lab5/lab5.srcs/constrs_1/new/fsm_xdc.xdc]
Finished Parsing XDC File [C:/Users/TECH POINT/lab5/lab5.srcs/constrs_1/new/fsm_xdc.xdc]
INFO: [Opt 31-138] Pushed 0 inverter(s) to 0 load pin(s).
Netlist sorting complete. Time (s): cpu = 00:00:00 ; elapsed = 00:00:00 . Memory (MB): peak = 2859.484 ; gain = 0.000
INFO: [Project 1-111] Unisim Transformation Summary:
No Unisim elements were transformed.

open_run: Time (s): cpu = 00:00:11 ; elapsed = 00:00:10 . Memory (MB): peak = 2859.484 ; gain = 0.000
launch_runs impl_1 -to_step write_bitstream -jobs 4
INFO: [Timing 38-480] Writing timing data to binary archive.
Writing placer database...
Writing XDEF routing.
Writing XDEF routing logical nets.
Writing XDEF routing special nets.
Write XDEF Complete: Time (s): cpu = 00:00:00 ; elapsed = 00:00:00.240 . Memory (MB): peak = 2859.484 ; gain = 0.000
[Tue Sep 22 16:40:02 2026] Launched impl_1...
Run output will be captured here: C:/Users/TECH POINT/lab5/lab5.runs/impl_1/runme.log
open_hw_manager
connect_hw_server -allow_non_jtag
INFO: [Labtools 27-2285] Connecting to hw_server url TCP:localhost:3121
INFO: [Labtools 27-2222] Launching hw_server...
INFO: [Labtools 27-2221] Launch Output:

****** Xilinx hw_server v2020.1
  **** Build date : May 27 2020 at 20:24:38
    ** Copyright 1986-2020 Xilinx, Inc. All Rights Reserved.


INFO: [Labtools 27-3415] Connecting to cs_server url TCP:localhost:3042
INFO: [Labtools 27-3417] Launching cs_server...
INFO: [Labtools 27-2221] Launch Output:


****** Xilinx cs_server v2020.1.0
  **** Build date : May 14 2020-06:10:29
    ** Copyright 2017-2020 Xilinx, Inc. All Rights Reserved.



connect_hw_server: Time (s): cpu = 00:00:01 ; elapsed = 00:00:17 . Memory (MB): peak = 2859.484 ; gain = 0.000
open_hw_target
INFO: [Labtoolstcl 44-466] Opening hw_target localhost:3121/xilinx_tcf/Digilent/210183BE11FAA
open_hw_target: Time (s): cpu = 00:00:08 ; elapsed = 00:00:09 . Memory (MB): peak = 3905.980 ; gain = 1046.496
set_property PROGRAM.FILE {C:/Users/TECH POINT/lab5/lab5.runs/impl_1/top_fsm_system.bit} [get_hw_devices xc7a35t_0]
current_hw_device [get_hw_devices xc7a35t_0]
refresh_hw_device -update_hw_probes false [lindex [get_hw_devices xc7a35t_0] 0]
INFO: [Labtools 27-1434] Device xc7a35t (JTAG device index = 0) is programmed with a design that has no supported debug core(s) in it.
set_property PROBES.FILE {} [get_hw_devices xc7a35t_0]
set_property FULL_PROBES.FILE {} [get_hw_devices xc7a35t_0]
set_property PROGRAM.FILE {C:/Users/TECH POINT/lab5/lab5.runs/impl_1/top_fsm_system.bit} [get_hw_devices xc7a35t_0]
program_hw_devices [get_hw_devices xc7a35t_0]
INFO: [Labtools 27-3164] End of startup status: HIGH
refresh_hw_device [lindex [get_hw_devices xc7a35t_0] 0]
INFO: [Labtools 27-1434] Device xc7a35t (JTAG device index = 0) is programmed with a design that has no supported debug core(s) in it.
ERROR: [Labtoolstcl 44-513] HW Target shutdown. Closing target: localhost:3121/xilinx_tcf/Digilent/210183BE11FAA
INFO: [Labtoolstcl 44-466] Opening hw_target localhost:3121/xilinx_tcf/Digilent/210183BE11FAA
INFO: [Labtools 27-1434] Device xc7a35t (JTAG device index = 0) is programmed with a design that has no supported debug core(s) in it.
WARNING: [Labtoolstcl 44-129] No matching hw_ila_data was found.
set_property PROBES.FILE {} [get_hw_devices xc7a35t_0]
set_property FULL_PROBES.FILE {} [get_hw_devices xc7a35t_0]
set_property PROGRAM.FILE {C:/Users/TECH POINT/lab5/lab5.runs/impl_1/top_fsm_system.bit} [get_hw_devices xc7a35t_0]
program_hw_devices [get_hw_devices xc7a35t_0]
ERROR: [Labtools 27-3165] End of startup status: LOW
ERROR: [Common 17-39] 'program_hw_devices' failed due to earlier errors.
ERROR: [Labtoolstcl 44-513] HW Target shutdown. Closing target: localhost:3121/xilinx_tcf/Digilent/210183BE11FAA
disconnect_hw_server localhost:3121
connect_hw_server -allow_non_jtag
INFO: [Labtools 27-2285] Connecting to hw_server url TCP:localhost:3121
INFO: [Labtools 27-3415] Connecting to cs_server url TCP:localhost:3042
INFO: [Labtools 27-3414] Connected to existing cs_server.
ERROR: [Labtoolstcl 44-494] There is no active target available for server at localhost.
 Targets(s) ", jsn-Basys3-210183BE11FAA" may be locked by another hw_server.
disconnect_hw_server localhost:3121
connect_hw_server -allow_non_jtag
INFO: [Labtools 27-2285] Connecting to hw_server url TCP:localhost:3121
INFO: [Labtools 27-3415] Connecting to cs_server url TCP:localhost:3042
INFO: [Labtools 27-3414] Connected to existing cs_server.
open_hw_target
INFO: [Labtoolstcl 44-466] Opening hw_target localhost:3121/xilinx_tcf/Digilent/210183BE11FAA
set_property PROGRAM.FILE {C:/Users/TECH POINT/lab5/lab5.runs/impl_1/top_fsm_system.bit} [get_hw_devices xc7a35t_0]
current_hw_device [get_hw_devices xc7a35t_0]
refresh_hw_device -update_hw_probes false [lindex [get_hw_devices xc7a35t_0] 0]
INFO: [Labtools 27-1434] Device xc7a35t (JTAG device index = 0) is programmed with a design that has no supported debug core(s) in it.
set_property PROBES.FILE {} [get_hw_devices xc7a35t_0]
set_property FULL_PROBES.FILE {} [get_hw_devices xc7a35t_0]
set_property PROGRAM.FILE {C:/Users/TECH POINT/lab5/lab5.runs/impl_1/top_fsm_system.bit} [get_hw_devices xc7a35t_0]
program_hw_devices [get_hw_devices xc7a35t_0]
INFO: [Labtools 27-3164] End of startup status: HIGH
refresh_hw_device [lindex [get_hw_devices xc7a35t_0] 0]
INFO: [Labtools 27-1434] Device xc7a35t (JTAG device index = 0) is programmed with a design that has no supported debug core(s) in it.
set_property PROBES.FILE {} [get_hw_devices xc7a35t_0]
set_property FULL_PROBES.FILE {} [get_hw_devices xc7a35t_0]
set_property PROGRAM.FILE {C:/Users/TECH POINT/lab5/lab5.runs/impl_1/top_fsm_system.bit} [get_hw_devices xc7a35t_0]
program_hw_devices [get_hw_devices xc7a35t_0]
INFO: [Labtools 27-3164] End of startup status: HIGH
refresh_hw_device [lindex [get_hw_devices xc7a35t_0] 0]
INFO: [Labtools 27-1434] Device xc7a35t (JTAG device index = 0) is programmed with a design that has no supported debug core(s) in it.
ERROR: [Labtoolstcl 44-513] HW Target shutdown. Closing target: localhost:3121/xilinx_tcf/Digilent/210183BE11FAA
update_compile_order -fileset sources_1
update_compile_order -fileset sources_1
close_sim
INFO: [Simtcl 6-16] Simulation closed
launch_simulation
Command: launch_simulation 
INFO: [Vivado 12-5682] Launching behavioral simulation in 'C:/Users/TECH POINT/lab5/lab5.sim/sim_1/behav/xsim'
INFO: [SIM-utils-51] Simulation object is 'sim_1'
INFO: [SIM-utils-54] Inspecting design source files for 'tb_top_fsm' in fileset 'sim_1'...
INFO: [USF-XSim-97] Finding global include files...
INFO: [USF-XSim-98] Fetching design files from 'sim_1'...
INFO: [USF-XSim-2] XSim::Compile design
INFO: [USF-XSim-61] Executing 'COMPILE and ANALYZE' step in 'C:/Users/TECH POINT/lab5/lab5.sim/sim_1/behav/xsim'
"xvlog --incr --relax -prj tb_top_fsm_vlog.prj"
INFO: [USF-XSim-69] 'compile' step finished in '3' seconds
INFO: [USF-XSim-3] XSim::Elaborate design
INFO: [USF-XSim-61] Executing 'ELABORATE' step in 'C:/Users/TECH POINT/lab5/lab5.sim/sim_1/behav/xsim'
"xelab -wto 092169e501a4420e887932fb6d462598 --incr --debug typical --relax --mt 2 -L xil_defaultlib -L unisims_ver -L unimacro_ver -L secureip --snapshot tb_top_fsm_behav xil_defaultlib.tb_top_fsm xil_defaultlib.glbl -log elaborate.log"
Vivado Simulator 2020.1
Copyright 1986-1999, 2001-2020 Xilinx, Inc. All Rights Reserved.
Running: C:/Xilinx/Vivado/2020.1/bin/unwrapped/win64.o/xelab.exe -wto 092169e501a4420e887932fb6d462598 --incr --debug typical --relax --mt 2 -L xil_defaultlib -L unisims_ver -L unimacro_ver -L secureip --snapshot tb_top_fsm_behav xil_defaultlib.tb_top_fsm xil_defaultlib.glbl -log elaborate.log 
Using 2 slave threads.
Starting static elaboration
Pass Through NonSizing Optimizer
Completed static elaboration
INFO: [XSIM 43-4323] No Change in HDL. Linking previously generated obj files to create kernel
INFO: [USF-XSim-69] 'elaborate' step finished in '3' seconds
INFO: [USF-XSim-4] XSim::Simulate design
INFO: [USF-XSim-61] Executing 'SIMULATE' step in 'C:/Users/TECH POINT/lab5/lab5.sim/sim_1/behav/xsim'
INFO: [USF-XSim-98] *** Running xsim
   with args "tb_top_fsm_behav -key {Behavioral:sim_1:Functional:tb_top_fsm} -tclbatch {tb_top_fsm.tcl} -view {{C:/Users/TECH POINT/lab5/tb_top_fsm_behav.wcfg}} -log {simulate.log}"
INFO: [USF-XSim-8] Loading simulator feature
Vivado Simulator 2020.1
Time resolution is 1 ps
open_wave_config {C:/Users/TECH POINT/lab5/tb_top_fsm_behav.wcfg}
source tb_top_fsm.tcl
# set curr_wave [current_wave_config]
# if { [string length $curr_wave] == 0 } {
#   if { [llength [get_objects]] > 0} {
#     add_wave /
#     set_property needs_save false [current_wave_config]
#   } else {
#      send_msg_id Add_Wave-1 WARNING "No top level signals found. Simulator will start without a wave window. If you want to open a wave window go to 'File->New Waveform Configuration' or type 'create_wave_config' in the TCL console."
#   }
# }
# run 1000ns
time=0 leds=x
time=110000 leds=5
time=120000 leds=5
time=130000 leds=4
time=140000 leds=4
time=150000 leds=4
time=160000 leds=4
time=170000 leds=4
time=180000 leds=4
time=190000 leds=3
time=200000 leds=3
time=210000 leds=3
time=220000 leds=3
time=230000 leds=3
time=240000 leds=3
time=250000 leds=2
time=260000 leds=2
time=270000 leds=2
time=280000 leds=2
time=290000 leds=2
time=300000 leds=2
time=310000 leds=1
time=320000 leds=1
time=330000 leds=1
time=340000 leds=1
time=350000 leds=1
time=360000 leds=1
time=370000 leds=0
time=380000 leds=0
time=390000 leds=0
time=400000 leds=0
time=410000 leds=0
time=420000 leds=0
time=430000 leds=0
time=440000 leds=0
time=450000 leds=0
time=460000 leds=0
time=470000 leds=0
time=480000 leds=0
time=490000 leds=0
time=500000 leds=0
mid-count leds=6
after reset leds=0 (expect 0)
TEST DONE
$finish called at time : 590 ns : File "C:/Users/TECH POINT/lab5/lab5.srcs/sim_1/new/tb_top_fsm.v" Line 59
xsim: Time (s): cpu = 00:00:08 ; elapsed = 00:00:15 . Memory (MB): peak = 4063.434 ; gain = 3.668
INFO: [USF-XSim-96] XSim completed. Design snapshot 'tb_top_fsm_behav' loaded.
INFO: [USF-XSim-97] XSim simulation ran for 1000ns
launch_simulation: Time (s): cpu = 00:00:10 ; elapsed = 00:00:23 . Memory (MB): peak = 4063.434 ; gain = 3.668
close_sim
INFO: [Simtcl 6-16] Simulation closed
launch_simulation
Command: launch_simulation 
INFO: [Vivado 12-5682] Launching behavioral simulation in 'C:/Users/TECH POINT/lab5/lab5.sim/sim_1/behav/xsim'
INFO: [SIM-utils-51] Simulation object is 'sim_1'
INFO: [SIM-utils-54] Inspecting design source files for 'tb_top_fsm' in fileset 'sim_1'...
INFO: [USF-XSim-97] Finding global include files...
INFO: [USF-XSim-98] Fetching design files from 'sim_1'...
INFO: [USF-XSim-2] XSim::Compile design
INFO: [USF-XSim-61] Executing 'COMPILE and ANALYZE' step in 'C:/Users/TECH POINT/lab5/lab5.sim/sim_1/behav/xsim'
"xvlog --incr --relax -prj tb_top_fsm_vlog.prj"
INFO: [USF-XSim-69] 'compile' step finished in '2' seconds
INFO: [USF-XSim-3] XSim::Elaborate design
INFO: [USF-XSim-61] Executing 'ELABORATE' step in 'C:/Users/TECH POINT/lab5/lab5.sim/sim_1/behav/xsim'
"xelab -wto 092169e501a4420e887932fb6d462598 --incr --debug typical --relax --mt 2 -L xil_defaultlib -L unisims_ver -L unimacro_ver -L secureip --snapshot tb_top_fsm_behav xil_defaultlib.tb_top_fsm xil_defaultlib.glbl -log elaborate.log"
Vivado Simulator 2020.1
Copyright 1986-1999, 2001-2020 Xilinx, Inc. All Rights Reserved.
Running: C:/Xilinx/Vivado/2020.1/bin/unwrapped/win64.o/xelab.exe -wto 092169e501a4420e887932fb6d462598 --incr --debug typical --relax --mt 2 -L xil_defaultlib -L unisims_ver -L unimacro_ver -L secureip --snapshot tb_top_fsm_behav xil_defaultlib.tb_top_fsm xil_defaultlib.glbl -log elaborate.log 
Using 2 slave threads.
Starting static elaboration
Pass Through NonSizing Optimizer
Completed static elaboration
INFO: [XSIM 43-4323] No Change in HDL. Linking previously generated obj files to create kernel
INFO: [USF-XSim-69] 'elaborate' step finished in '2' seconds
INFO: [USF-XSim-4] XSim::Simulate design
INFO: [USF-XSim-61] Executing 'SIMULATE' step in 'C:/Users/TECH POINT/lab5/lab5.sim/sim_1/behav/xsim'
INFO: [USF-XSim-98] *** Running xsim
   with args "tb_top_fsm_behav -key {Behavioral:sim_1:Functional:tb_top_fsm} -tclbatch {tb_top_fsm.tcl} -view {{C:/Users/TECH POINT/lab5/tb_top_fsm_behav.wcfg}} -log {simulate.log}"
INFO: [USF-XSim-8] Loading simulator feature
Vivado Simulator 2020.1
Time resolution is 1 ps
open_wave_config {C:/Users/TECH POINT/lab5/tb_top_fsm_behav.wcfg}
source tb_top_fsm.tcl
# set curr_wave [current_wave_config]
# if { [string length $curr_wave] == 0 } {
#   if { [llength [get_objects]] > 0} {
#     add_wave /
#     set_property needs_save false [current_wave_config]
#   } else {
#      send_msg_id Add_Wave-1 WARNING "No top level signals found. Simulator will start without a wave window. If you want to open a wave window go to 'File->New Waveform Configuration' or type 'create_wave_config' in the TCL console."
#   }
# }
# run 1000ns
time=0 leds=x
time=110000 leds=5
time=120000 leds=5
time=130000 leds=4
time=140000 leds=4
time=150000 leds=4
time=160000 leds=4
time=170000 leds=4
time=180000 leds=4
time=190000 leds=3
time=200000 leds=3
time=210000 leds=3
time=220000 leds=3
time=230000 leds=3
time=240000 leds=3
time=250000 leds=2
time=260000 leds=2
time=270000 leds=2
time=280000 leds=2
time=290000 leds=2
time=300000 leds=2
time=310000 leds=1
time=320000 leds=1
time=330000 leds=1
time=340000 leds=1
time=350000 leds=1
time=360000 leds=1
time=370000 leds=0
time=380000 leds=0
time=390000 leds=0
time=400000 leds=0
time=410000 leds=0
time=420000 leds=0
time=430000 leds=0
time=440000 leds=0
time=450000 leds=0
time=460000 leds=0
time=470000 leds=0
time=480000 leds=0
time=490000 leds=0
time=500000 leds=0
mid-count leds=6
after reset leds=0 (expect 0)
TEST DONE
$finish called at time : 590 ns : File "C:/Users/TECH POINT/lab5/lab5.srcs/sim_1/new/tb_top_fsm.v" Line 59
xsim: Time (s): cpu = 00:00:05 ; elapsed = 00:00:11 . Memory (MB): peak = 4063.434 ; gain = 0.000
INFO: [USF-XSim-96] XSim completed. Design snapshot 'tb_top_fsm_behav' loaded.
INFO: [USF-XSim-97] XSim simulation ran for 1000ns
launch_simulation: Time (s): cpu = 00:00:07 ; elapsed = 00:00:16 . Memory (MB): peak = 4063.434 ; gain = 0.000
reset_run synth_1
WARNING: [Vivado 12-1017] Problems encountered:
1. Failed to delete one or more files in run directory C:/Users/TECH POINT/lab5/lab5.runs/synth_1

launch_runs synth_1 -jobs 4
WARNING: [HDL 9-3756] overwriting previous definition of module 'clock_divider' [C:/Users/TECH POINT/lab5/lab5.srcs/sources_1/new/clock_divider.v:59]
[Tue Sep 22 17:25:56 2026] Launched synth_1...
Run output will be captured here: C:/Users/TECH POINT/lab5/lab5.runs/synth_1/runme.log
launch_runs impl_1 -jobs 4
WARNING: [Project 1-478] Design 'synth_1' is stale and will not be used when launching 'impl_1'
[Tue Sep 22 17:28:34 2026] Launched impl_1...
Run output will be captured here: C:/Users/TECH POINT/lab5/lab5.runs/impl_1/runme.log
launch_runs impl_1 -to_step write_bitstream -jobs 4
[Tue Sep 22 17:30:37 2026] Launched impl_1...
Run output will be captured here: C:/Users/TECH POINT/lab5/lab5.runs/impl_1/runme.log
current_design rtl_1
reset_run synth_1
WARNING: [Vivado 12-1017] Problems encountered:
1. Failed to delete one or more files in run directory C:/Users/TECH POINT/lab5/lab5.runs/synth_1

launch_runs synth_1 -jobs 4
[Tue Sep 22 22:43:14 2026] Launched synth_1...
Run output will be captured here: C:/Users/TECH POINT/lab5/lab5.runs/synth_1/runme.log
launch_runs impl_1 -jobs 4
WARNING: [Project 1-478] Design 'synth_1' is stale and will not be used when launching 'impl_1'
[Tue Sep 22 22:56:43 2026] Launched impl_1...
Run output will be captured here: C:/Users/TECH POINT/lab5/lab5.runs/impl_1/runme.log
launch_runs impl_1 -to_step write_bitstream -jobs 4
[Tue Sep 22 22:58:55 2026] Launched impl_1...
Run output will be captured here: C:/Users/TECH POINT/lab5/lab5.runs/impl_1/runme.log
disconnect_hw_server localhost:3121
connect_hw_server -allow_non_jtag
INFO: [Labtools 27-2285] Connecting to hw_server url TCP:localhost:3121
INFO: [Labtools 27-3415] Connecting to cs_server url TCP:localhost:3042
INFO: [Labtools 27-3414] Connected to existing cs_server.
open_hw_target
INFO: [Labtoolstcl 44-466] Opening hw_target localhost:3121/xilinx_tcf/Digilent/210183AF3071A
set_property PROGRAM.FILE {C:/Users/TECH POINT/lab5/lab5.runs/impl_1/skeleton_top_fsm.bit} [get_hw_devices xc7a35t_0]
current_hw_device [get_hw_devices xc7a35t_0]
refresh_hw_device -update_hw_probes false [lindex [get_hw_devices xc7a35t_0] 0]
INFO: [Labtools 27-1434] Device xc7a35t (JTAG device index = 0) is programmed with a design that has no supported debug core(s) in it.
set_property PROBES.FILE {} [get_hw_devices xc7a35t_0]
set_property FULL_PROBES.FILE {} [get_hw_devices xc7a35t_0]
set_property PROGRAM.FILE {C:/Users/TECH POINT/lab5/lab5.runs/impl_1/skeleton_top_fsm.bit} [get_hw_devices xc7a35t_0]
program_hw_devices [get_hw_devices xc7a35t_0]
INFO: [Labtools 27-3164] End of startup status: HIGH
refresh_hw_device [lindex [get_hw_devices xc7a35t_0] 0]
INFO: [Labtools 27-1434] Device xc7a35t (JTAG device index = 0) is programmed with a design that has no supported debug core(s) in it.
ERROR: [Labtoolstcl 44-513] HW Target shutdown. Closing target: localhost:3121/xilinx_tcf/Digilent/210183AF3071A
INFO: [Labtoolstcl 44-466] Opening hw_target localhost:3121/xilinx_tcf/Digilent/210183AF3071A
INFO: [Labtools 27-1434] Device xc7a35t (JTAG device index = 0) is programmed with a design that has no supported debug core(s) in it.
WARNING: [Labtoolstcl 44-129] No matching hw_ila_data was found.
ERROR: [Labtoolstcl 44-513] HW Target shutdown. Closing target: localhost:3121/xilinx_tcf/Digilent/210183AF3071A
archive_project {C:/Users/TECH POINT/Downloads/lab5.xpr.zip} -temp_dir {C:/Users/TECH POINT/AppData/Roaming/Xilinx/Vivado/.Xil/Vivado-22208-DESKTOP-KENK950} -force -include_local_ip_cache
INFO: [Coretcl 2-137] starting archive...
INFO: [Coretcl 2-1499] Saving project copy to temporary location 'C:/Users/TECH POINT/AppData/Roaming/Xilinx/Vivado/.Xil/Vivado-22208-DESKTOP-KENK950' for archiving project
Scanning sources...
Finished scanning sources
INFO: [Coretcl 2-1211] Creating project copy for archival...
INFO: [ProjectBase 1-495] The host OS only allows 260 characters in a normal path. The project is stored in a path with more than 80 characters. If you experience any problem with archiving the project, please consider setting environment variable $TEMP to a shorter path.
Current project path is 'C:/Users/TECH POINT/AppData/Roaming/Xilinx/Vivado/.Xil/Vivado-22208-DESKTOP-KENK950/PrjAr/_X_'.
INFO: [Coretcl 2-1213] Including run results for 'synth_1'
INFO: [Coretcl 2-1213] Including run results for 'impl_1'
INFO: [Coretcl 2-1212] Importing remotely added design sources and verilog include files (if any)...
INFO: [filemgmt 20-334] All file(s) are already imported in fileset: 'constrs_1'
INFO: [filemgmt 20-348] Importing the appropriate files for fileset: 'constrs_1'
INFO: [filemgmt 20-348] Importing the appropriate files for fileset: 'sim_1'
INFO: [filemgmt 20-334] All file(s) are already imported in fileset: 'sources_1'
INFO: [filemgmt 20-348] Importing the appropriate files for fileset: 'sources_1'
