#-----------------------------------------------------------
# Vivado v2020.1 (64-bit)
# SW Build 2902540 on Wed May 27 19:54:49 MDT 2020
# IP Build 2902112 on Wed May 27 22:43:36 MDT 2020
# Start of session at: Fri Sep 25 09:06:54 2026
# Process ID: 19468
# Current directory: C:/Users/user/AppData/Roaming/Xilinx/Vivado
# Command line: vivado.exe -gui_launcher_event rodinguilauncherevent16656
# Log file: C:/Users/user/AppData/Roaming/Xilinx/Vivado/vivado.log
# Journal file: C:/Users/user/AppData/Roaming/Xilinx/Vivado\vivado.jou
#-----------------------------------------------------------
start_gui
create_project CA_lab6 C:/Users/user/Downloads/CA_lab6 -part xc7a35tcpg236-1
INFO: [IP_Flow 19-234] Refreshing IP repositories
INFO: [IP_Flow 19-1704] No user IP repositories specified
INFO: [IP_Flow 19-2313] Loaded Vivado IP repository 'C:/Xilinx/Vivado/2020.1/data/ip'.
create_project: Time (s): cpu = 00:00:18 ; elapsed = 00:00:10 . Memory (MB): peak = 1028.375 ; gain = 0.000
file mkdir C:/Users/user/Downloads/CA_lab6/CA_lab6.srcs/sources_1/new
close [ open C:/Users/user/Downloads/CA_lab6/CA_lab6.srcs/sources_1/new/and_gate.v w ]
add_files C:/Users/user/Downloads/CA_lab6/CA_lab6.srcs/sources_1/new/and_gate.v
close [ open C:/Users/user/Downloads/CA_lab6/CA_lab6.srcs/sources_1/new/or_gate.v w ]
add_files C:/Users/user/Downloads/CA_lab6/CA_lab6.srcs/sources_1/new/or_gate.v
close [ open C:/Users/user/Downloads/CA_lab6/CA_lab6.srcs/sources_1/new/xor_gate.v w ]
add_files C:/Users/user/Downloads/CA_lab6/CA_lab6.srcs/sources_1/new/xor_gate.v
update_compile_order -fileset sources_1
update_compile_order -fileset sources_1
close [ open C:/Users/user/Downloads/CA_lab6/CA_lab6.srcs/sources_1/new/full_adder.v w ]
add_files C:/Users/user/Downloads/CA_lab6/CA_lab6.srcs/sources_1/new/full_adder.v
update_compile_order -fileset sources_1
update_compile_order -fileset sources_1
close [ open C:/Users/user/Downloads/CA_lab6/CA_lab6.srcs/sources_1/new/ALU.v w ]
add_files C:/Users/user/Downloads/CA_lab6/CA_lab6.srcs/sources_1/new/ALU.v
update_compile_order -fileset sources_1
update_compile_order -fileset sources_1
update_compile_order -fileset sources_1
file mkdir C:/Users/user/Downloads/CA_lab6/CA_lab6.srcs/sim_1/new
set_property SOURCE_SET sources_1 [get_filesets sim_1]
close [ open C:/Users/user/Downloads/CA_lab6/CA_lab6.srcs/sim_1/new/ALU_tb.v w ]
add_files -fileset sim_1 C:/Users/user/Downloads/CA_lab6/CA_lab6.srcs/sim_1/new/ALU_tb.v
update_compile_order -fileset sim_1
launch_simulation
Command: launch_simulation 
INFO: [Vivado 12-5682] Launching behavioral simulation in 'C:/Users/user/Downloads/CA_lab6/CA_lab6.sim/sim_1/behav/xsim'
INFO: [SIM-utils-51] Simulation object is 'sim_1'
INFO: [SIM-utils-54] Inspecting design source files for 'ALU_tb' in fileset 'sim_1'...
INFO: [USF-XSim-97] Finding global include files...
INFO: [USF-XSim-98] Fetching design files from 'sim_1'...
INFO: [USF-XSim-2] XSim::Compile design
INFO: [USF-XSim-61] Executing 'COMPILE and ANALYZE' step in 'C:/Users/user/Downloads/CA_lab6/CA_lab6.sim/sim_1/behav/xsim'
"xvlog --incr --relax -prj ALU_tb_vlog.prj"
INFO: [VRFC 10-2263] Analyzing Verilog file "C:/Users/user/Downloads/CA_lab6/CA_lab6.srcs/sources_1/new/ALU.v" into library xil_defaultlib
INFO: [VRFC 10-311] analyzing module ALU
INFO: [VRFC 10-2263] Analyzing Verilog file "C:/Users/user/Downloads/CA_lab6/CA_lab6.srcs/sources_1/new/and_gate.v" into library xil_defaultlib
INFO: [VRFC 10-311] analyzing module and_gate
INFO: [VRFC 10-2263] Analyzing Verilog file "C:/Users/user/Downloads/CA_lab6/CA_lab6.srcs/sources_1/new/full_adder.v" into library xil_defaultlib
INFO: [VRFC 10-311] analyzing module full_adder
INFO: [VRFC 10-2263] Analyzing Verilog file "C:/Users/user/Downloads/CA_lab6/CA_lab6.srcs/sources_1/new/or_gate.v" into library xil_defaultlib
INFO: [VRFC 10-311] analyzing module or_gate
INFO: [VRFC 10-2263] Analyzing Verilog file "C:/Users/user/Downloads/CA_lab6/CA_lab6.srcs/sources_1/new/xor_gate.v" into library xil_defaultlib
INFO: [VRFC 10-311] analyzing module xor_gate
INFO: [VRFC 10-2263] Analyzing Verilog file "C:/Users/user/Downloads/CA_lab6/CA_lab6.srcs/sim_1/new/ALU_tb.v" into library xil_defaultlib
INFO: [VRFC 10-311] analyzing module ALU_tb
INFO: [VRFC 10-2263] Analyzing Verilog file "C:/Users/user/Downloads/CA_lab6/CA_lab6.sim/sim_1/behav/xsim/glbl.v" into library xil_defaultlib
INFO: [VRFC 10-311] analyzing module glbl
INFO: [USF-XSim-69] 'compile' step finished in '4' seconds
INFO: [USF-XSim-3] XSim::Elaborate design
INFO: [USF-XSim-61] Executing 'ELABORATE' step in 'C:/Users/user/Downloads/CA_lab6/CA_lab6.sim/sim_1/behav/xsim'
"xelab -wto d5e40e47fb944a37b65f8ab441abef96 --incr --debug typical --relax --mt 2 -L xil_defaultlib -L unisims_ver -L unimacro_ver -L secureip --snapshot ALU_tb_behav xil_defaultlib.ALU_tb xil_defaultlib.glbl -log elaborate.log"
Vivado Simulator 2020.1
Copyright 1986-1999, 2001-2020 Xilinx, Inc. All Rights Reserved.
Running: C:/Xilinx/Vivado/2020.1/bin/unwrapped/win64.o/xelab.exe -wto d5e40e47fb944a37b65f8ab441abef96 --incr --debug typical --relax --mt 2 -L xil_defaultlib -L unisims_ver -L unimacro_ver -L secureip --snapshot ALU_tb_behav xil_defaultlib.ALU_tb xil_defaultlib.glbl -log elaborate.log 
Using 2 slave threads.
Starting static elaboration
Pass Through NonSizing Optimizer
Completed static elaboration
Starting simulation data flow analysis
WARNING: [XSIM 43-4099] "C:/Users/user/Downloads/CA_lab6/CA_lab6.srcs/sources_1/new/ALU.v" Line 6. Module ALU_default doesn't have a timescale but at least one module in design has a timescale.
WARNING: [XSIM 43-4099] "C:/Users/user/Downloads/CA_lab6/CA_lab6.srcs/sources_1/new/xor_gate.v" Line 5. Module xor_gate doesn't have a timescale but at least one module in design has a timescale.
WARNING: [XSIM 43-4099] "C:/Users/user/Downloads/CA_lab6/CA_lab6.srcs/sources_1/new/full_adder.v" Line 4. Module full_adder doesn't have a timescale but at least one module in design has a timescale.
WARNING: [XSIM 43-4099] "C:/Users/user/Downloads/CA_lab6/CA_lab6.srcs/sources_1/new/xor_gate.v" Line 5. Module xor_gate doesn't have a timescale but at least one module in design has a timescale.
WARNING: [XSIM 43-4099] "C:/Users/user/Downloads/CA_lab6/CA_lab6.srcs/sources_1/new/xor_gate.v" Line 5. Module xor_gate doesn't have a timescale but at least one module in design has a timescale.
WARNING: [XSIM 43-4099] "C:/Users/user/Downloads/CA_lab6/CA_lab6.srcs/sources_1/new/and_gate.v" Line 4. Module and_gate doesn't have a timescale but at least one module in design has a timescale.
WARNING: [XSIM 43-4099] "C:/Users/user/Downloads/CA_lab6/CA_lab6.srcs/sources_1/new/and_gate.v" Line 4. Module and_gate doesn't have a timescale but at least one module in design has a timescale.
WARNING: [XSIM 43-4099] "C:/Users/user/Downloads/CA_lab6/CA_lab6.srcs/sources_1/new/and_gate.v" Line 4. Module and_gate doesn't have a timescale but at least one module in design has a timescale.
WARNING: [XSIM 43-4099] "C:/Users/user/Downloads/CA_lab6/CA_lab6.srcs/sources_1/new/or_gate.v" Line 4. Module or_gate doesn't have a timescale but at least one module in design has a timescale.
WARNING: [XSIM 43-4099] "C:/Users/user/Downloads/CA_lab6/CA_lab6.srcs/sources_1/new/or_gate.v" Line 4. Module or_gate doesn't have a timescale but at least one module in design has a timescale.
WARNING: [XSIM 43-4099] "C:/Users/user/Downloads/CA_lab6/CA_lab6.srcs/sources_1/new/and_gate.v" Line 4. Module and_gate doesn't have a timescale but at least one module in design has a timescale.
WARNING: [XSIM 43-4099] "C:/Users/user/Downloads/CA_lab6/CA_lab6.srcs/sources_1/new/or_gate.v" Line 4. Module or_gate doesn't have a timescale but at least one module in design has a timescale.
WARNING: [XSIM 43-4099] "C:/Users/user/Downloads/CA_lab6/CA_lab6.srcs/sources_1/new/xor_gate.v" Line 5. Module xor_gate doesn't have a timescale but at least one module in design has a timescale.
WARNING: [XSIM 43-4099] "C:/Users/user/Downloads/CA_lab6/CA_lab6.srcs/sources_1/new/xor_gate.v" Line 5. Module xor_gate doesn't have a timescale but at least one module in design has a timescale.
WARNING: [XSIM 43-4099] "C:/Users/user/Downloads/CA_lab6/CA_lab6.srcs/sources_1/new/full_adder.v" Line 4. Module full_adder doesn't have a timescale but at least one module in design has a timescale.
WARNING: [XSIM 43-4099] "C:/Users/user/Downloads/CA_lab6/CA_lab6.srcs/sources_1/new/xor_gate.v" Line 5. Module xor_gate doesn't have a timescale but at least one module in design has a timescale.
WARNING: [XSIM 43-4099] "C:/Users/user/Downloads/CA_lab6/CA_lab6.srcs/sources_1/new/xor_gate.v" Line 5. Module xor_gate doesn't have a timescale but at least one module in design has a timescale.
WARNING: [XSIM 43-4099] "C:/Users/user/Downloads/CA_lab6/CA_lab6.srcs/sources_1/new/and_gate.v" Line 4. Module and_gate doesn't have a timescale but at least one module in design has a timescale.
WARNING: [XSIM 43-4099] "C:/Users/user/Downloads/CA_lab6/CA_lab6.srcs/sources_1/new/and_gate.v" Line 4. Module and_gate doesn't have a timescale but at least one module in design has a timescale.
WARNING: [XSIM 43-4099] "C:/Users/user/Downloads/CA_lab6/CA_lab6.srcs/sources_1/new/and_gate.v" Line 4. Module and_gate doesn't have a timescale but at least one module in design has a timescale.
WARNING: [XSIM 43-4099] "C:/Users/user/Downloads/CA_lab6/CA_lab6.srcs/sources_1/new/or_gate.v" Line 4. Module or_gate doesn't have a timescale but at least one module in design has a timescale.
WARNING: [XSIM 43-4099] "C:/Users/user/Downloads/CA_lab6/CA_lab6.srcs/sources_1/new/or_gate.v" Line 4. Module or_gate doesn't have a timescale but at least one module in design has a timescale.
WARNING: [XSIM 43-4099] "C:/Users/user/Downloads/CA_lab6/CA_lab6.srcs/sources_1/new/and_gate.v" Line 4. Module and_gate doesn't have a timescale but at least one module in design has a timescale.
WARNING: [XSIM 43-4099] "C:/Users/user/Downloads/CA_lab6/CA_lab6.srcs/sources_1/new/or_gate.v" Line 4. Module or_gate doesn't have a timescale but at least one module in design has a timescale.
WARNING: [XSIM 43-4099] "C:/Users/user/Downloads/CA_lab6/CA_lab6.srcs/sources_1/new/xor_gate.v" Line 5. Module xor_gate doesn't have a timescale but at least one module in design has a timescale.
WARNING: [XSIM 43-4099] "C:/Users/user/Downloads/CA_lab6/CA_lab6.srcs/sources_1/new/xor_gate.v" Line 5. Module xor_gate doesn't have a timescale but at least one module in design has a timescale.
WARNING: [XSIM 43-4099] "C:/Users/user/Downloads/CA_lab6/CA_lab6.srcs/sources_1/new/full_adder.v" Line 4. Module full_adder doesn't have a timescale but at least one module in design has a timescale.
WARNING: [XSIM 43-4099] "C:/Users/user/Downloads/CA_lab6/CA_lab6.srcs/sources_1/new/xor_gate.v" Line 5. Module xor_gate doesn't have a timescale but at least one module in design has a timescale.
WARNING: [XSIM 43-4099] "C:/Users/user/Downloads/CA_lab6/CA_lab6.srcs/sources_1/new/xor_gate.v" Line 5. Module xor_gate doesn't have a timescale but at least one module in design has a timescale.
WARNING: [XSIM 43-4099] "C:/Users/user/Downloads/CA_lab6/CA_lab6.srcs/sources_1/new/and_gate.v" Line 4. Module and_gate doesn't have a timescale but at least one module in design has a timescale.
WARNING: [XSIM 43-4099] "C:/Users/user/Downloads/CA_lab6/CA_lab6.srcs/sources_1/new/and_gate.v" Line 4. Module and_gate doesn't have a timescale but at least one module in design has a timescale.
WARNING: [XSIM 43-4099] "C:/Users/user/Downloads/CA_lab6/CA_lab6.srcs/sources_1/new/and_gate.v" Line 4. Module and_gate doesn't have a timescale but at least one module in design has a timescale.
WARNING: [XSIM 43-4099] "C:/Users/user/Downloads/CA_lab6/CA_lab6.srcs/sources_1/new/or_gate.v" Line 4. Module or_gate doesn't have a timescale but at least one module in design has a timescale.
WARNING: [XSIM 43-4099] "C:/Users/user/Downloads/CA_lab6/CA_lab6.srcs/sources_1/new/or_gate.v" Line 4. Module or_gate doesn't have a timescale but at least one module in design has a timescale.
WARNING: [XSIM 43-4099] "C:/Users/user/Downloads/CA_lab6/CA_lab6.srcs/sources_1/new/and_gate.v" Line 4. Module and_gate doesn't have a timescale but at least one module in design has a timescale.
WARNING: [XSIM 43-4099] "C:/Users/user/Downloads/CA_lab6/CA_lab6.srcs/sources_1/new/or_gate.v" Line 4. Module or_gate doesn't have a timescale but at least one module in design has a timescale.
WARNING: [XSIM 43-4099] "C:/Users/user/Downloads/CA_lab6/CA_lab6.srcs/sources_1/new/xor_gate.v" Line 5. Module xor_gate doesn't have a timescale but at least one module in design has a timescale.
WARNING: [XSIM 43-4099] "C:/Users/user/Downloads/CA_lab6/CA_lab6.srcs/sources_1/new/xor_gate.v" Line 5. Module xor_gate doesn't have a timescale but at least one module in design has a timescale.
WARNING: [XSIM 43-4099] "C:/Users/user/Downloads/CA_lab6/CA_lab6.srcs/sources_1/new/full_adder.v" Line 4. Module full_adder doesn't have a timescale but at least one module in design has a timescale.
WARNING: [XSIM 43-4099] "C:/Users/user/Downloads/CA_lab6/CA_lab6.srcs/sources_1/new/xor_gate.v" Line 5. Module xor_gate doesn't have a timescale but at least one module in design has a timescale.
WARNING: [XSIM 43-4099] "C:/Users/user/Downloads/CA_lab6/CA_lab6.srcs/sources_1/new/xor_gate.v" Line 5. Module xor_gate doesn't have a timescale but at least one module in design has a timescale.
WARNING: [XSIM 43-4099] "C:/Users/user/Downloads/CA_lab6/CA_lab6.srcs/sources_1/new/and_gate.v" Line 4. Module and_gate doesn't have a timescale but at least one module in design has a timescale.
WARNING: [XSIM 43-4099] "C:/Users/user/Downloads/CA_lab6/CA_lab6.srcs/sources_1/new/and_gate.v" Line 4. Module and_gate doesn't have a timescale but at least one module in design has a timescale.
WARNING: [XSIM 43-4099] "C:/Users/user/Downloads/CA_lab6/CA_lab6.srcs/sources_1/new/and_gate.v" Line 4. Module and_gate doesn't have a timescale but at least one module in design has a timescale.
WARNING: [XSIM 43-4099] "C:/Users/user/Downloads/CA_lab6/CA_lab6.srcs/sources_1/new/or_gate.v" Line 4. Module or_gate doesn't have a timescale but at least one module in design has a timescale.
WARNING: [XSIM 43-4099] "C:/Users/user/Downloads/CA_lab6/CA_lab6.srcs/sources_1/new/or_gate.v" Line 4. Module or_gate doesn't have a timescale but at least one module in design has a timescale.
WARNING: [XSIM 43-4099] "C:/Users/user/Downloads/CA_lab6/CA_lab6.srcs/sources_1/new/and_gate.v" Line 4. Module and_gate doesn't have a timescale but at least one module in design has a timescale.
WARNING: [XSIM 43-4099] "C:/Users/user/Downloads/CA_lab6/CA_lab6.srcs/sources_1/new/or_gate.v" Line 4. Module or_gate doesn't have a timescale but at least one module in design has a timescale.
WARNING: [XSIM 43-4099] "C:/Users/user/Downloads/CA_lab6/CA_lab6.srcs/sources_1/new/xor_gate.v" Line 5. Module xor_gate doesn't have a timescale but at least one module in design has a timescale.
WARNING: [XSIM 43-4099] "C:/Users/user/Downloads/CA_lab6/CA_lab6.srcs/sources_1/new/xor_gate.v" Line 5. Module xor_gate doesn't have a timescale but at least one module in design has a timescale.
WARNING: [XSIM 43-4099] "C:/Users/user/Downloads/CA_lab6/CA_lab6.srcs/sources_1/new/full_adder.v" Line 4. Module full_adder doesn't have a timescale but at least one module in design has a timescale.
WARNING: [XSIM 43-4099] "C:/Users/user/Downloads/CA_lab6/CA_lab6.srcs/sources_1/new/xor_gate.v" Line 5. Module xor_gate doesn't have a timescale but at least one module in design has a timescale.
WARNING: [XSIM 43-4099] "C:/Users/user/Downloads/CA_lab6/CA_lab6.srcs/sources_1/new/xor_gate.v" Line 5. Module xor_gate doesn't have a timescale but at least one module in design has a timescale.
WARNING: [XSIM 43-4099] "C:/Users/user/Downloads/CA_lab6/CA_lab6.srcs/sources_1/new/and_gate.v" Line 4. Module and_gate doesn't have a timescale but at least one module in design has a timescale.
WARNING: [XSIM 43-4099] "C:/Users/user/Downloads/CA_lab6/CA_lab6.srcs/sources_1/new/and_gate.v" Line 4. Module and_gate doesn't have a timescale but at least one module in design has a timescale.
WARNING: [XSIM 43-4099] "C:/Users/user/Downloads/CA_lab6/CA_lab6.srcs/sources_1/new/and_gate.v" Line 4. Module and_gate doesn't have a timescale but at least one module in design has a timescale.
WARNING: [XSIM 43-4099] "C:/Users/user/Downloads/CA_lab6/CA_lab6.srcs/sources_1/new/or_gate.v" Line 4. Module or_gate doesn't have a timescale but at least one module in design has a timescale.
WARNING: [XSIM 43-4099] "C:/Users/user/Downloads/CA_lab6/CA_lab6.srcs/sources_1/new/or_gate.v" Line 4. Module or_gate doesn't have a timescale but at least one module in design has a timescale.
WARNING: [XSIM 43-4099] "C:/Users/user/Downloads/CA_lab6/CA_lab6.srcs/sources_1/new/and_gate.v" Line 4. Module and_gate doesn't have a timescale but at least one module in design has a timescale.
WARNING: [XSIM 43-4099] "C:/Users/user/Downloads/CA_lab6/CA_lab6.srcs/sources_1/new/or_gate.v" Line 4. Module or_gate doesn't have a timescale but at least one module in design has a timescale.
WARNING: [XSIM 43-4099] "C:/Users/user/Downloads/CA_lab6/CA_lab6.srcs/sources_1/new/xor_gate.v" Line 5. Module xor_gate doesn't have a timescale but at least one module in design has a timescale.
WARNING: [XSIM 43-4099] "C:/Users/user/Downloads/CA_lab6/CA_lab6.srcs/sources_1/new/xor_gate.v" Line 5. Module xor_gate doesn't have a timescale but at least one module in design has a timescale.
WARNING: [XSIM 43-4099] "C:/Users/user/Downloads/CA_lab6/CA_lab6.srcs/sources_1/new/full_adder.v" Line 4. Module full_adder doesn't have a timescale but at least one module in design has a timescale.
WARNING: [XSIM 43-4099] "C:/Users/user/Downloads/CA_lab6/CA_lab6.srcs/sources_1/new/xor_gate.v" Line 5. Module xor_gate doesn't have a timescale but at least one module in design has a timescale.
WARNING: [XSIM 43-4099] "C:/Users/user/Downloads/CA_lab6/CA_lab6.srcs/sources_1/new/xor_gate.v" Line 5. Module xor_gate doesn't have a timescale but at least one module in design has a timescale.
WARNING: [XSIM 43-4099] "C:/Users/user/Downloads/CA_lab6/CA_lab6.srcs/sources_1/new/and_gate.v" Line 4. Module and_gate doesn't have a timescale but at least one module in design has a timescale.
WARNING: [XSIM 43-4099] "C:/Users/user/Downloads/CA_lab6/CA_lab6.srcs/sources_1/new/and_gate.v" Line 4. Module and_gate doesn't have a timescale but at least one module in design has a timescale.
WARNING: [XSIM 43-4099] "C:/Users/user/Downloads/CA_lab6/CA_lab6.srcs/sources_1/new/and_gate.v" Line 4. Module and_gate doesn't have a timescale but at least one module in design has a timescale.
WARNING: [XSIM 43-4099] "C:/Users/user/Downloads/CA_lab6/CA_lab6.srcs/sources_1/new/or_gate.v" Line 4. Module or_gate doesn't have a timescale but at least one module in design has a timescale.
WARNING: [XSIM 43-4099] "C:/Users/user/Downloads/CA_lab6/CA_lab6.srcs/sources_1/new/or_gate.v" Line 4. Module or_gate doesn't have a timescale but at least one module in design has a timescale.
WARNING: [XSIM 43-4099] "C:/Users/user/Downloads/CA_lab6/CA_lab6.srcs/sources_1/new/and_gate.v" Line 4. Module and_gate doesn't have a timescale but at least one module in design has a timescale.
WARNING: [XSIM 43-4099] "C:/Users/user/Downloads/CA_lab6/CA_lab6.srcs/sources_1/new/or_gate.v" Line 4. Module or_gate doesn't have a timescale but at least one module in design has a timescale.
WARNING: [XSIM 43-4099] "C:/Users/user/Downloads/CA_lab6/CA_lab6.srcs/sources_1/new/xor_gate.v" Line 5. Module xor_gate doesn't have a timescale but at least one module in design has a timescale.
WARNING: [XSIM 43-4099] "C:/Users/user/Downloads/CA_lab6/CA_lab6.srcs/sources_1/new/xor_gate.v" Line 5. Module xor_gate doesn't have a timescale but at least one module in design has a timescale.
WARNING: [XSIM 43-4099] "C:/Users/user/Downloads/CA_lab6/CA_lab6.srcs/sources_1/new/full_adder.v" Line 4. Module full_adder doesn't have a timescale but at least one module in design has a timescale.
WARNING: [XSIM 43-4099] "C:/Users/user/Downloads/CA_lab6/CA_lab6.srcs/sources_1/new/xor_gate.v" Line 5. Module xor_gate doesn't have a timescale but at least one module in design has a timescale.
WARNING: [XSIM 43-4099] "C:/Users/user/Downloads/CA_lab6/CA_lab6.srcs/sources_1/new/xor_gate.v" Line 5. Module xor_gate doesn't have a timescale but at least one module in design has a timescale.
WARNING: [XSIM 43-4099] "C:/Users/user/Downloads/CA_lab6/CA_lab6.srcs/sources_1/new/and_gate.v" Line 4. Module and_gate doesn't have a timescale but at least one module in design has a timescale.
WARNING: [XSIM 43-4099] "C:/Users/user/Downloads/CA_lab6/CA_lab6.srcs/sources_1/new/and_gate.v" Line 4. Module and_gate doesn't have a timescale but at least one module in design has a timescale.
WARNING: [XSIM 43-4099] "C:/Users/user/Downloads/CA_lab6/CA_lab6.srcs/sources_1/new/and_gate.v" Line 4. Module and_gate doesn't have a timescale but at least one module in design has a timescale.
WARNING: [XSIM 43-4099] "C:/Users/user/Downloads/CA_lab6/CA_lab6.srcs/sources_1/new/or_gate.v" Line 4. Module or_gate doesn't have a timescale but at least one module in design has a timescale.
WARNING: [XSIM 43-4099] "C:/Users/user/Downloads/CA_lab6/CA_lab6.srcs/sources_1/new/or_gate.v" Line 4. Module or_gate doesn't have a timescale but at least one module in design has a timescale.
WARNING: [XSIM 43-4099] "C:/Users/user/Downloads/CA_lab6/CA_lab6.srcs/sources_1/new/and_gate.v" Line 4. Module and_gate doesn't have a timescale but at least one module in design has a timescale.
WARNING: [XSIM 43-4099] "C:/Users/user/Downloads/CA_lab6/CA_lab6.srcs/sources_1/new/or_gate.v" Line 4. Module or_gate doesn't have a timescale but at least one module in design has a timescale.
WARNING: [XSIM 43-4099] "C:/Users/user/Downloads/CA_lab6/CA_lab6.srcs/sources_1/new/xor_gate.v" Line 5. Module xor_gate doesn't have a timescale but at least one module in design has a timescale.
WARNING: [XSIM 43-4099] "C:/Users/user/Downloads/CA_lab6/CA_lab6.srcs/sources_1/new/xor_gate.v" Line 5. Module xor_gate doesn't have a timescale but at least one module in design has a timescale.
WARNING: [XSIM 43-4099] "C:/Users/user/Downloads/CA_lab6/CA_lab6.srcs/sources_1/new/full_adder.v" Line 4. Module full_adder doesn't have a timescale but at least one module in design has a timescale.
WARNING: [XSIM 43-4099] "C:/Users/user/Downloads/CA_lab6/CA_lab6.srcs/sources_1/new/xor_gate.v" Line 5. Module xor_gate doesn't have a timescale but at least one module in design has a timescale.
WARNING: [XSIM 43-4099] "C:/Users/user/Downloads/CA_lab6/CA_lab6.srcs/sources_1/new/xor_gate.v" Line 5. Module xor_gate doesn't have a timescale but at least one module in design has a timescale.
WARNING: [XSIM 43-4099] "C:/Users/user/Downloads/CA_lab6/CA_lab6.srcs/sources_1/new/and_gate.v" Line 4. Module and_gate doesn't have a timescale but at least one module in design has a timescale.
WARNING: [XSIM 43-4099] "C:/Users/user/Downloads/CA_lab6/CA_lab6.srcs/sources_1/new/and_gate.v" Line 4. Module and_gate doesn't have a timescale but at least one module in design has a timescale.
WARNING: [XSIM 43-4099] "C:/Users/user/Downloads/CA_lab6/CA_lab6.srcs/sources_1/new/and_gate.v" Line 4. Module and_gate doesn't have a timescale but at least one module in design has a timescale.
WARNING: [XSIM 43-4099] "C:/Users/user/Downloads/CA_lab6/CA_lab6.srcs/sources_1/new/or_gate.v" Line 4. Module or_gate doesn't have a timescale but at least one module in design has a timescale.
WARNING: [XSIM 43-4099] "C:/Users/user/Downloads/CA_lab6/CA_lab6.srcs/sources_1/new/or_gate.v" Line 4. Module or_gate doesn't have a timescale but at least one module in design has a timescale.
WARNING: [XSIM 43-4099] "C:/Users/user/Downloads/CA_lab6/CA_lab6.srcs/sources_1/new/and_gate.v" Line 4. Module and_gate doesn't have a timescale but at least one module in design has a timescale.
WARNING: [XSIM 43-4099] "C:/Users/user/Downloads/CA_lab6/CA_lab6.srcs/sources_1/new/or_gate.v" Line 4. Module or_gate doesn't have a timescale but at least one module in design has a timescale.
WARNING: [XSIM 43-4099] "C:/Users/user/Downloads/CA_lab6/CA_lab6.srcs/sources_1/new/xor_gate.v" Line 5. Module xor_gate doesn't have a timescale but at least one module in design has a timescale.
WARNING: [XSIM 43-4099] "C:/Users/user/Downloads/CA_lab6/CA_lab6.srcs/sources_1/new/xor_gate.v" Line 5. Module xor_gate doesn't have a timescale but at least one module in design has a timescale.
WARNING: [XSIM 43-4099] "C:/Users/user/Downloads/CA_lab6/CA_lab6.srcs/sources_1/new/full_adder.v" Line 4. Module full_adder doesn't have a timescale but at least one module in design has a timescale.
WARNING: [XSIM 43-4099] "C:/Users/user/Downloads/CA_lab6/CA_lab6.srcs/sources_1/new/xor_gate.v" Line 5. Module xor_gate doesn't have a timescale but at least one module in design has a timescale.
INFO: [Common 17-14] Message 'XSIM 43-4099' appears 100 times and further instances of the messages will be disabled. Use the Tcl command set_msg_config to change the current settings.
Completed simulation data flow analysis
Time Resolution for simulation is 1ps
Compiling module xil_defaultlib.xor_gate
Compiling module xil_defaultlib.and_gate
Compiling module xil_defaultlib.or_gate
Compiling module xil_defaultlib.full_adder
Compiling module xil_defaultlib.ALU_default
Compiling module xil_defaultlib.ALU_tb
Compiling module xil_defaultlib.glbl
Built simulation snapshot ALU_tb_behav

****** Webtalk v2020.1 (64-bit)
  **** SW Build 2902540 on Wed May 27 19:54:49 MDT 2020
  **** IP Build 2902112 on Wed May 27 22:43:36 MDT 2020
    ** Copyright 1986-2020 Xilinx, Inc. All Rights Reserved.

source C:/Users/user/Downloads/CA_lab6/CA_lab6.sim/sim_1/behav/xsim/xsim.dir/ALU_tb_behav/webtalk/xsim_webtalk.tcl -notrace
INFO: [Common 17-206] Exiting Webtalk at Fri Sep 25 10:23:50 2026...
run_program: Time (s): cpu = 00:00:01 ; elapsed = 00:00:17 . Memory (MB): peak = 1028.375 ; gain = 0.000
INFO: [USF-XSim-69] 'elaborate' step finished in '17' seconds
INFO: [USF-XSim-4] XSim::Simulate design
INFO: [USF-XSim-61] Executing 'SIMULATE' step in 'C:/Users/user/Downloads/CA_lab6/CA_lab6.sim/sim_1/behav/xsim'
INFO: [USF-XSim-98] *** Running xsim
   with args "ALU_tb_behav -key {Behavioral:sim_1:Functional:ALU_tb} -tclbatch {ALU_tb.tcl} -log {simulate.log}"
INFO: [USF-XSim-8] Loading simulator feature
Vivado Simulator 2020.1
Time resolution is 1 ps
source ALU_tb.tcl
# set curr_wave [current_wave_config]
# if { [string length $curr_wave] == 0 } {
#   if { [llength [get_objects]] > 0} {
#     add_wave /
#     set_property needs_save false [current_wave_config]
#   } else {
#      send_msg_id Add_Wave-1 WARNING "No top level signals found. Simulator will start without a wave window. If you want to open a wave window go to 'File->New Waveform Configuration' or type 'create_wave_config' in the TCL console."
#   }
# }
# run 1000ns
---- Starting ALU tests ----
PASS: ADD | A=15 B=10 -> Result=25
PASS: SUB | A=15 B=10 -> Result=5
PASS: AND | A=4278255360 B=252645135 -> Result=251662080
PASS: OR | A=4278255360 B=252645135 -> Result=4279238415
PASS: XOR | A=4278255360 B=252645135 -> Result=4027576335
PASS: SLL | A=1 B=4 -> Result=16
PASS: SRL | A=16 B=2 -> Result=4
PASS: QUAL(zero check) | A=7 B=7 -> Result=0
---- ALU tests complete ----
$finish called at time : 80 ns : File "C:/Users/user/Downloads/CA_lab6/CA_lab6.srcs/sim_1/new/ALU_tb.v" Line 47
xsim: Time (s): cpu = 00:00:21 ; elapsed = 00:00:09 . Memory (MB): peak = 1028.375 ; gain = 0.000
INFO: [USF-XSim-96] XSim completed. Design snapshot 'ALU_tb_behav' loaded.
INFO: [USF-XSim-97] XSim simulation ran for 1000ns
launch_simulation: Time (s): cpu = 00:00:25 ; elapsed = 00:00:32 . Memory (MB): peak = 1028.375 ; gain = 0.000
update_compile_order -fileset sim_1
close [ open C:/Users/user/Downloads/CA_lab6/CA_lab6.srcs/sources_1/new/debouncer.v w ]
add_files C:/Users/user/Downloads/CA_lab6/CA_lab6.srcs/sources_1/new/debouncer.v
close [ open C:/Users/user/Downloads/CA_lab6/CA_lab6.srcs/sources_1/new/fsm_top.v w ]
add_files C:/Users/user/Downloads/CA_lab6/CA_lab6.srcs/sources_1/new/fsm_top.v
close [ open C:/Users/user/Downloads/CA_lab6/CA_lab6.srcs/sources_1/new/switches.v w ]
add_files C:/Users/user/Downloads/CA_lab6/CA_lab6.srcs/sources_1/new/switches.v
update_compile_order -fileset sources_1
update_compile_order -fileset sources_1
update_compile_order -fileset sources_1
close [ open C:/Users/user/Downloads/CA_lab6/CA_lab6.srcs/sources_1/new/leds.v w ]
add_files C:/Users/user/Downloads/CA_lab6/CA_lab6.srcs/sources_1/new/leds.v
update_compile_order -fileset sources_1
file mkdir C:/Users/user/Downloads/CA_lab6/CA_lab6.srcs/constrs_1
file mkdir C:/Users/user/Downloads/CA_lab6/CA_lab6.srcs/constrs_1/new
close [ open C:/Users/user/Downloads/CA_lab6/CA_lab6.srcs/constrs_1/new/Basys3.xdc w ]
add_files -fileset constrs_1 C:/Users/user/Downloads/CA_lab6/CA_lab6.srcs/constrs_1/new/Basys3.xdc
close_sim
INFO: [Simtcl 6-16] Simulation closed
launch_simulation
Command: launch_simulation 
INFO: [Vivado 12-5682] Launching behavioral simulation in 'C:/Users/user/Downloads/CA_lab6/CA_lab6.sim/sim_1/behav/xsim'
INFO: [SIM-utils-51] Simulation object is 'sim_1'
INFO: [SIM-utils-54] Inspecting design source files for 'ALU_tb' in fileset 'sim_1'...
INFO: [USF-XSim-97] Finding global include files...
INFO: [USF-XSim-98] Fetching design files from 'sim_1'...
INFO: [USF-XSim-2] XSim::Compile design
INFO: [USF-XSim-61] Executing 'COMPILE and ANALYZE' step in 'C:/Users/user/Downloads/CA_lab6/CA_lab6.sim/sim_1/behav/xsim'
"xvlog --incr --relax -prj ALU_tb_vlog.prj"
INFO: [USF-XSim-69] 'compile' step finished in '2' seconds
INFO: [USF-XSim-3] XSim::Elaborate design
INFO: [USF-XSim-61] Executing 'ELABORATE' step in 'C:/Users/user/Downloads/CA_lab6/CA_lab6.sim/sim_1/behav/xsim'
"xelab -wto d5e40e47fb944a37b65f8ab441abef96 --incr --debug typical --relax --mt 2 -L xil_defaultlib -L unisims_ver -L unimacro_ver -L secureip --snapshot ALU_tb_behav xil_defaultlib.ALU_tb xil_defaultlib.glbl -log elaborate.log"
Vivado Simulator 2020.1
Copyright 1986-1999, 2001-2020 Xilinx, Inc. All Rights Reserved.
Running: C:/Xilinx/Vivado/2020.1/bin/unwrapped/win64.o/xelab.exe -wto d5e40e47fb944a37b65f8ab441abef96 --incr --debug typical --relax --mt 2 -L xil_defaultlib -L unisims_ver -L unimacro_ver -L secureip --snapshot ALU_tb_behav xil_defaultlib.ALU_tb xil_defaultlib.glbl -log elaborate.log 
Using 2 slave threads.
Starting static elaboration
Pass Through NonSizing Optimizer
Completed static elaboration
INFO: [XSIM 43-4323] No Change in HDL. Linking previously generated obj files to create kernel
INFO: [USF-XSim-69] 'elaborate' step finished in '1' seconds
INFO: [USF-XSim-4] XSim::Simulate design
INFO: [USF-XSim-61] Executing 'SIMULATE' step in 'C:/Users/user/Downloads/CA_lab6/CA_lab6.sim/sim_1/behav/xsim'
INFO: [USF-XSim-98] *** Running xsim
   with args "ALU_tb_behav -key {Behavioral:sim_1:Functional:ALU_tb} -tclbatch {ALU_tb.tcl} -log {simulate.log}"
INFO: [USF-XSim-8] Loading simulator feature
Vivado Simulator 2020.1
Time resolution is 1 ps
source ALU_tb.tcl
# set curr_wave [current_wave_config]
# if { [string length $curr_wave] == 0 } {
#   if { [llength [get_objects]] > 0} {
#     add_wave /
#     set_property needs_save false [current_wave_config]
#   } else {
#      send_msg_id Add_Wave-1 WARNING "No top level signals found. Simulator will start without a wave window. If you want to open a wave window go to 'File->New Waveform Configuration' or type 'create_wave_config' in the TCL console."
#   }
# }
# run 1000ns
---- Starting ALU tests ----
PASS: ADD | A=15 B=10 -> Result=25
PASS: SUB | A=15 B=10 -> Result=5
PASS: AND | A=4278255360 B=252645135 -> Result=251662080
PASS: OR | A=4278255360 B=252645135 -> Result=4279238415
PASS: XOR | A=4278255360 B=252645135 -> Result=4027576335
PASS: SLL | A=1 B=4 -> Result=16
PASS: SRL | A=16 B=2 -> Result=4
PASS: QUAL(zero check) | A=7 B=7 -> Result=0
---- ALU tests complete ----
$finish called at time : 80 ns : File "C:/Users/user/Downloads/CA_lab6/CA_lab6.srcs/sim_1/new/ALU_tb.v" Line 47
INFO: [USF-XSim-96] XSim completed. Design snapshot 'ALU_tb_behav' loaded.
INFO: [USF-XSim-97] XSim simulation ran for 1000ns
launch_simulation: Time (s): cpu = 00:00:04 ; elapsed = 00:00:06 . Memory (MB): peak = 1028.375 ; gain = 0.000
launch_runs synth_1 -jobs 4
[Fri Sep 25 11:26:28 2026] Launched synth_1...
Run output will be captured here: C:/Users/user/Downloads/CA_lab6/CA_lab6.runs/synth_1/runme.log
launch_runs impl_1 -jobs 4
[Fri Sep 25 11:27:57 2026] Launched impl_1...
Run output will be captured here: C:/Users/user/Downloads/CA_lab6/CA_lab6.runs/impl_1/runme.log
launch_runs impl_1 -to_step write_bitstream -jobs 4
[Fri Sep 25 11:29:10 2026] Launched impl_1...
Run output will be captured here: C:/Users/user/Downloads/CA_lab6/CA_lab6.runs/impl_1/runme.log
open_hw_manager
close_hw_manager
update_compile_order -fileset sources_1
close_sim
INFO: [Simtcl 6-16] Simulation closed
launch_simulation
Command: launch_simulation 
INFO: [Vivado 12-5682] Launching behavioral simulation in 'C:/Users/user/Downloads/CA_lab6/CA_lab6.sim/sim_1/behav/xsim'
INFO: [SIM-utils-51] Simulation object is 'sim_1'
INFO: [SIM-utils-54] Inspecting design source files for 'ALU_tb' in fileset 'sim_1'...
INFO: [USF-XSim-97] Finding global include files...
INFO: [USF-XSim-98] Fetching design files from 'sim_1'...
INFO: [USF-XSim-2] XSim::Compile design
INFO: [USF-XSim-61] Executing 'COMPILE and ANALYZE' step in 'C:/Users/user/Downloads/CA_lab6/CA_lab6.sim/sim_1/behav/xsim'
"xvlog --incr --relax -prj ALU_tb_vlog.prj"
INFO: [USF-XSim-69] 'compile' step finished in '2' seconds
INFO: [USF-XSim-3] XSim::Elaborate design
INFO: [USF-XSim-61] Executing 'ELABORATE' step in 'C:/Users/user/Downloads/CA_lab6/CA_lab6.sim/sim_1/behav/xsim'
"xelab -wto d5e40e47fb944a37b65f8ab441abef96 --incr --debug typical --relax --mt 2 -L xil_defaultlib -L unisims_ver -L unimacro_ver -L secureip --snapshot ALU_tb_behav xil_defaultlib.ALU_tb xil_defaultlib.glbl -log elaborate.log"
Vivado Simulator 2020.1
Copyright 1986-1999, 2001-2020 Xilinx, Inc. All Rights Reserved.
Running: C:/Xilinx/Vivado/2020.1/bin/unwrapped/win64.o/xelab.exe -wto d5e40e47fb944a37b65f8ab441abef96 --incr --debug typical --relax --mt 2 -L xil_defaultlib -L unisims_ver -L unimacro_ver -L secureip --snapshot ALU_tb_behav xil_defaultlib.ALU_tb xil_defaultlib.glbl -log elaborate.log 
Using 2 slave threads.
Starting static elaboration
Pass Through NonSizing Optimizer
Completed static elaboration
INFO: [XSIM 43-4323] No Change in HDL. Linking previously generated obj files to create kernel
INFO: [USF-XSim-69] 'elaborate' step finished in '3' seconds
INFO: [USF-XSim-4] XSim::Simulate design
INFO: [USF-XSim-61] Executing 'SIMULATE' step in 'C:/Users/user/Downloads/CA_lab6/CA_lab6.sim/sim_1/behav/xsim'
INFO: [USF-XSim-98] *** Running xsim
   with args "ALU_tb_behav -key {Behavioral:sim_1:Functional:ALU_tb} -tclbatch {ALU_tb.tcl} -log {simulate.log}"
INFO: [USF-XSim-8] Loading simulator feature
Vivado Simulator 2020.1
Time resolution is 1 ps
source ALU_tb.tcl
# set curr_wave [current_wave_config]
# if { [string length $curr_wave] == 0 } {
#   if { [llength [get_objects]] > 0} {
#     add_wave /
#     set_property needs_save false [current_wave_config]
#   } else {
#      send_msg_id Add_Wave-1 WARNING "No top level signals found. Simulator will start without a wave window. If you want to open a wave window go to 'File->New Waveform Configuration' or type 'create_wave_config' in the TCL console."
#   }
# }
# run 1000ns
---- Starting ALU tests ----
PASS: ADD | A=15 B=10 -> Result=25
PASS: SUB | A=15 B=10 -> Result=5
PASS: AND | A=4278255360 B=252645135 -> Result=251662080
PASS: OR | A=4278255360 B=252645135 -> Result=4279238415
PASS: XOR | A=4278255360 B=252645135 -> Result=4027576335
PASS: SLL | A=1 B=4 -> Result=16
PASS: SRL | A=16 B=2 -> Result=4
PASS: QUAL(zero check) | A=7 B=7 -> Result=0
---- ALU tests complete ----
$finish called at time : 80 ns : File "C:/Users/user/Downloads/CA_lab6/CA_lab6.srcs/sim_1/new/ALU_tb.v" Line 47
INFO: [USF-XSim-96] XSim completed. Design snapshot 'ALU_tb_behav' loaded.
INFO: [USF-XSim-97] XSim simulation ran for 1000ns
launch_simulation: Time (s): cpu = 00:00:03 ; elapsed = 00:00:09 . Memory (MB): peak = 1177.938 ; gain = 0.000
reset_run synth_1
WARNING: [Vivado 12-1017] Problems encountered:
1. Failed to delete one or more files in run directory C:/Users/user/Downloads/CA_lab6/CA_lab6.runs/synth_1

launch_runs synth_1 -jobs 4
[Fri Sep 25 11:39:24 2026] Launched synth_1...
Run output will be captured here: C:/Users/user/Downloads/CA_lab6/CA_lab6.runs/synth_1/runme.log
launch_runs impl_1 -jobs 4
[Fri Sep 25 11:40:43 2026] Launched impl_1...
Run output will be captured here: C:/Users/user/Downloads/CA_lab6/CA_lab6.runs/impl_1/runme.log
launch_runs impl_1 -to_step write_bitstream -jobs 4
[Fri Sep 25 11:41:36 2026] Launched impl_1...
Run output will be captured here: C:/Users/user/Downloads/CA_lab6/CA_lab6.runs/impl_1/runme.log
open_run impl_1
INFO: [Device 21-403] Loading part xc7a35tcpg236-1
Netlist sorting complete. Time (s): cpu = 00:00:00 ; elapsed = 00:00:00 . Memory (MB): peak = 1341.539 ; gain = 0.000
INFO: [Project 1-479] Netlist was created with Vivado 2020.1
INFO: [Project 1-570] Preparing netlist for logic optimization
INFO: [Timing 38-478] Restoring timing data from binary archive.
INFO: [Timing 38-479] Binary timing data restore complete.
INFO: [Project 1-856] Restoring constraints from binary archive.
INFO: [Project 1-853] Binary constraint restore complete.
Reading XDEF placement.
Reading placer database...
Reading XDEF routing.
Read XDEF File: Time (s): cpu = 00:00:00 ; elapsed = 00:00:00.034 . Memory (MB): peak = 2002.449 ; gain = 0.000
Restored from archive | CPU: 0.000000 secs | Memory: 0.000000 MB |
Finished XDEF File Restore: Time (s): cpu = 00:00:00 ; elapsed = 00:00:00.035 . Memory (MB): peak = 2002.449 ; gain = 0.000
Netlist sorting complete. Time (s): cpu = 00:00:00 ; elapsed = 00:00:00 . Memory (MB): peak = 2002.449 ; gain = 0.000
INFO: [Project 1-111] Unisim Transformation Summary:
No Unisim elements were transformed.

open_run: Time (s): cpu = 00:00:26 ; elapsed = 00:00:23 . Memory (MB): peak = 2110.195 ; gain = 932.258
archive_project C:/Users/user/Downloads/CA_lab6.xpr.zip -temp_dir C:/Users/user/AppData/Roaming/Xilinx/Vivado/.Xil/Vivado-19468-DESKTOP-DUMUOR7 -force -include_local_ip_cache
INFO: [Coretcl 2-137] starting archive...
INFO: [Coretcl 2-1499] Saving project copy to temporary location 'C:/Users/user/AppData/Roaming/Xilinx/Vivado/.Xil/Vivado-19468-DESKTOP-DUMUOR7' for archiving project
Scanning sources...
Finished scanning sources
INFO: [Coretcl 2-1211] Creating project copy for archival...
INFO: [ProjectBase 1-495] The host OS only allows 260 characters in a normal path. The project is stored in a path with more than 80 characters. If you experience any problem with archiving the project, please consider setting environment variable $TEMP to a shorter path.
Current project path is 'C:/Users/user/AppData/Roaming/Xilinx/Vivado/.Xil/Vivado-19468-DESKTOP-DUMUOR7/PrjAr/_X_'.
INFO: [Coretcl 2-1213] Including run results for 'synth_1'
INFO: [Coretcl 2-1213] Including run results for 'impl_1'
INFO: [Coretcl 2-1209] Adding archive summary file to the project...
INFO: [Coretcl 2-1214] Preparing project files for archive...
INFO: [Coretcl 2-1210] Compressing project files and data...
INFO: [Coretcl 2-1215] Project archived (C:/Users/user/Downloads/CA_lab6.xpr.zip)
INFO: [Coretcl 2-1216] To view the archive summary log in GUI, double click on 'Design Sources->Text->archive_project_summary.txt', or open this file from the archived project directory.
reset_run synth_1
WARNING: [Vivado 12-1017] Problems encountered:
1. Failed to delete one or more files in run directory C:/Users/user/Downloads/CA_lab6/CA_lab6.runs/synth_1

launch_runs synth_1 -jobs 4
[Fri Sep 25 11:50:27 2026] Launched synth_1...
Run output will be captured here: C:/Users/user/Downloads/CA_lab6/CA_lab6.runs/synth_1/runme.log
reset_run synth_1
WARNING: [Vivado 12-1017] Problems encountered:
1. Failed to delete one or more files in run directory C:/Users/user/Downloads/CA_lab6/CA_lab6.runs/synth_1

launch_runs synth_1 -jobs 4
[Fri Sep 25 11:52:59 2026] Launched synth_1...
Run output will be captured here: C:/Users/user/Downloads/CA_lab6/CA_lab6.runs/synth_1/runme.log
reset_run synth_1
WARNING: [Vivado 12-1017] Problems encountered:
1. Failed to delete one or more files in run directory C:/Users/user/Downloads/CA_lab6/CA_lab6.runs/synth_1

launch_runs synth_1 -jobs 4
[Fri Sep 25 11:54:40 2026] Launched synth_1...
Run output will be captured here: C:/Users/user/Downloads/CA_lab6/CA_lab6.runs/synth_1/runme.log
close_sim
INFO: [Simtcl 6-16] Simulation closed
launch_simulation
Command: launch_simulation 
INFO: [Vivado 12-5682] Launching behavioral simulation in 'C:/Users/user/Downloads/CA_lab6/CA_lab6.sim/sim_1/behav/xsim'
INFO: [SIM-utils-51] Simulation object is 'sim_1'
INFO: [SIM-utils-54] Inspecting design source files for 'ALU_tb' in fileset 'sim_1'...
INFO: [USF-XSim-97] Finding global include files...
INFO: [USF-XSim-98] Fetching design files from 'sim_1'...
INFO: [USF-XSim-2] XSim::Compile design
INFO: [USF-XSim-61] Executing 'COMPILE and ANALYZE' step in 'C:/Users/user/Downloads/CA_lab6/CA_lab6.sim/sim_1/behav/xsim'
"xvlog --incr --relax -prj ALU_tb_vlog.prj"
INFO: [USF-XSim-69] 'compile' step finished in '2' seconds
INFO: [USF-XSim-3] XSim::Elaborate design
INFO: [USF-XSim-61] Executing 'ELABORATE' step in 'C:/Users/user/Downloads/CA_lab6/CA_lab6.sim/sim_1/behav/xsim'
"xelab -wto d5e40e47fb944a37b65f8ab441abef96 --incr --debug typical --relax --mt 2 -L xil_defaultlib -L unisims_ver -L unimacro_ver -L secureip --snapshot ALU_tb_behav xil_defaultlib.ALU_tb xil_defaultlib.glbl -log elaborate.log"
Vivado Simulator 2020.1
Copyright 1986-1999, 2001-2020 Xilinx, Inc. All Rights Reserved.
Running: C:/Xilinx/Vivado/2020.1/bin/unwrapped/win64.o/xelab.exe -wto d5e40e47fb944a37b65f8ab441abef96 --incr --debug typical --relax --mt 2 -L xil_defaultlib -L unisims_ver -L unimacro_ver -L secureip --snapshot ALU_tb_behav xil_defaultlib.ALU_tb xil_defaultlib.glbl -log elaborate.log 
Using 2 slave threads.
Starting static elaboration
Pass Through NonSizing Optimizer
Completed static elaboration
INFO: [XSIM 43-4323] No Change in HDL. Linking previously generated obj files to create kernel
INFO: [USF-XSim-69] 'elaborate' step finished in '1' seconds
INFO: [USF-XSim-4] XSim::Simulate design
INFO: [USF-XSim-61] Executing 'SIMULATE' step in 'C:/Users/user/Downloads/CA_lab6/CA_lab6.sim/sim_1/behav/xsim'
INFO: [USF-XSim-98] *** Running xsim
   with args "ALU_tb_behav -key {Behavioral:sim_1:Functional:ALU_tb} -tclbatch {ALU_tb.tcl} -log {simulate.log}"
INFO: [USF-XSim-8] Loading simulator feature
Vivado Simulator 2020.1
Time resolution is 1 ps
source ALU_tb.tcl
# set curr_wave [current_wave_config]
# if { [string length $curr_wave] == 0 } {
#   if { [llength [get_objects]] > 0} {
#     add_wave /
#     set_property needs_save false [current_wave_config]
#   } else {
#      send_msg_id Add_Wave-1 WARNING "No top level signals found. Simulator will start without a wave window. If you want to open a wave window go to 'File->New Waveform Configuration' or type 'create_wave_config' in the TCL console."
#   }
# }
# run 1000ns
---- Starting ALU tests ----
PASS: ADD | A=15 B=10 -> Result=25
PASS: SUB | A=15 B=10 -> Result=5
PASS: AND | A=4278255360 B=252645135 -> Result=251662080
PASS: OR | A=4278255360 B=252645135 -> Result=4279238415
PASS: XOR | A=4278255360 B=252645135 -> Result=4027576335
PASS: SLL | A=1 B=4 -> Result=16
PASS: SRL | A=16 B=2 -> Result=4
PASS: QUAL(zero check) | A=7 B=7 -> Result=0
---- ALU tests complete ----
$finish called at time : 80 ns : File "C:/Users/user/Downloads/CA_lab6/CA_lab6.srcs/sim_1/new/ALU_tb.v" Line 47
INFO: [USF-XSim-96] XSim completed. Design snapshot 'ALU_tb_behav' loaded.
INFO: [USF-XSim-97] XSim simulation ran for 1000ns
launch_simulation: Time (s): cpu = 00:00:03 ; elapsed = 00:00:06 . Memory (MB): peak = 2430.840 ; gain = 1.438
close_sim
INFO: [Simtcl 6-16] Simulation closed
launch_simulation
Command: launch_simulation 
INFO: [Vivado 12-5682] Launching behavioral simulation in 'C:/Users/user/Downloads/CA_lab6/CA_lab6.sim/sim_1/behav/xsim'
INFO: [SIM-utils-51] Simulation object is 'sim_1'
INFO: [SIM-utils-54] Inspecting design source files for 'ALU_tb' in fileset 'sim_1'...
INFO: [USF-XSim-97] Finding global include files...
INFO: [USF-XSim-98] Fetching design files from 'sim_1'...
INFO: [USF-XSim-2] XSim::Compile design
INFO: [USF-XSim-61] Executing 'COMPILE and ANALYZE' step in 'C:/Users/user/Downloads/CA_lab6/CA_lab6.sim/sim_1/behav/xsim'
"xvlog --incr --relax -prj ALU_tb_vlog.prj"
INFO: [USF-XSim-69] 'compile' step finished in '2' seconds
INFO: [USF-XSim-3] XSim::Elaborate design
INFO: [USF-XSim-61] Executing 'ELABORATE' step in 'C:/Users/user/Downloads/CA_lab6/CA_lab6.sim/sim_1/behav/xsim'
"xelab -wto d5e40e47fb944a37b65f8ab441abef96 --incr --debug typical --relax --mt 2 -L xil_defaultlib -L unisims_ver -L unimacro_ver -L secureip --snapshot ALU_tb_behav xil_defaultlib.ALU_tb xil_defaultlib.glbl -log elaborate.log"
Vivado Simulator 2020.1
Copyright 1986-1999, 2001-2020 Xilinx, Inc. All Rights Reserved.
Running: C:/Xilinx/Vivado/2020.1/bin/unwrapped/win64.o/xelab.exe -wto d5e40e47fb944a37b65f8ab441abef96 --incr --debug typical --relax --mt 2 -L xil_defaultlib -L unisims_ver -L unimacro_ver -L secureip --snapshot ALU_tb_behav xil_defaultlib.ALU_tb xil_defaultlib.glbl -log elaborate.log 
Using 2 slave threads.
Starting static elaboration
Pass Through NonSizing Optimizer
Completed static elaboration
INFO: [XSIM 43-4323] No Change in HDL. Linking previously generated obj files to create kernel
INFO: [USF-XSim-69] 'elaborate' step finished in '1' seconds
INFO: [USF-XSim-4] XSim::Simulate design
INFO: [USF-XSim-61] Executing 'SIMULATE' step in 'C:/Users/user/Downloads/CA_lab6/CA_lab6.sim/sim_1/behav/xsim'
INFO: [USF-XSim-98] *** Running xsim
   with args "ALU_tb_behav -key {Behavioral:sim_1:Functional:ALU_tb} -tclbatch {ALU_tb.tcl} -log {simulate.log}"
INFO: [USF-XSim-8] Loading simulator feature
Vivado Simulator 2020.1
Time resolution is 1 ps
source ALU_tb.tcl
# set curr_wave [current_wave_config]
# if { [string length $curr_wave] == 0 } {
#   if { [llength [get_objects]] > 0} {
#     add_wave /
#     set_property needs_save false [current_wave_config]
#   } else {
#      send_msg_id Add_Wave-1 WARNING "No top level signals found. Simulator will start without a wave window. If you want to open a wave window go to 'File->New Waveform Configuration' or type 'create_wave_config' in the TCL console."
#   }
# }
# run 1000ns
---- Starting ALU tests ----
PASS: ADD | A=15 B=10 -> Result=25
PASS: SUB | A=15 B=10 -> Result=5
PASS: AND | A=4278255360 B=252645135 -> Result=251662080
PASS: OR | A=4278255360 B=252645135 -> Result=4279238415
PASS: XOR | A=4278255360 B=252645135 -> Result=4027576335
PASS: SLL | A=1 B=4 -> Result=16
PASS: SRL | A=16 B=2 -> Result=4
PASS: QUAL(zero check) | A=7 B=7 -> Result=0
---- ALU tests complete ----
$finish called at time : 80 ns : File "C:/Users/user/Downloads/CA_lab6/CA_lab6.srcs/sim_1/new/ALU_tb.v" Line 47
INFO: [USF-XSim-96] XSim completed. Design snapshot 'ALU_tb_behav' loaded.
INFO: [USF-XSim-97] XSim simulation ran for 1000ns
launch_simulation: Time (s): cpu = 00:00:03 ; elapsed = 00:00:06 . Memory (MB): peak = 2430.840 ; gain = 0.000
archive_project C:/Users/user/Downloads/CA_lab6_2nd.xpr.zip -temp_dir C:/Users/user/AppData/Roaming/Xilinx/Vivado/.Xil/Vivado-19468-DESKTOP-DUMUOR7 -force -include_local_ip_cache
INFO: [Coretcl 2-137] starting archive...
INFO: [Coretcl 2-1499] Saving project copy to temporary location 'C:/Users/user/AppData/Roaming/Xilinx/Vivado/.Xil/Vivado-19468-DESKTOP-DUMUOR7' for archiving project
Scanning sources...
Finished scanning sources
INFO: [Coretcl 2-1211] Creating project copy for archival...
INFO: [ProjectBase 1-495] The host OS only allows 260 characters in a normal path. The project is stored in a path with more than 80 characters. If you experience any problem with archiving the project, please consider setting environment variable $TEMP to a shorter path.
Current project path is 'C:/Users/user/AppData/Roaming/Xilinx/Vivado/.Xil/Vivado-19468-DESKTOP-DUMUOR7/PrjAr/_X_'.
INFO: [Coretcl 2-1213] Including run results for 'synth_1'
INFO: [Coretcl 2-1213] Including run results for 'impl_1'
INFO: [Coretcl 2-1209] Adding archive summary file to the project...
INFO: [Coretcl 2-1214] Preparing project files for archive...
INFO: [Coretcl 2-1210] Compressing project files and data...
INFO: [Coretcl 2-1215] Project archived (C:/Users/user/Downloads/CA_lab6_2nd.xpr.zip)
INFO: [Coretcl 2-1216] To view the archive summary log in GUI, double click on 'Design Sources->Text->archive_project_summary.txt', or open this file from the archived project directory.
reset_run synth_1
WARNING: [Vivado 12-1017] Problems encountered:
1. Failed to delete one or more files in run directory C:/Users/user/Downloads/CA_lab6/CA_lab6.runs/synth_1

launch_runs synth_1 -jobs 4
[Fri Sep 25 12:04:53 2026] Launched synth_1...
Run output will be captured here: C:/Users/user/Downloads/CA_lab6/CA_lab6.runs/synth_1/runme.log
launch_runs impl_1 -jobs 4
[Fri Sep 25 12:05:32 2026] Launched impl_1...
Run output will be captured here: C:/Users/user/Downloads/CA_lab6/CA_lab6.runs/impl_1/runme.log
launch_runs impl_1 -to_step write_bitstream -jobs 4
[Fri Sep 25 12:06:23 2026] Launched impl_1...
Run output will be captured here: C:/Users/user/Downloads/CA_lab6/CA_lab6.runs/impl_1/runme.log
open_hw_manager
connect_hw_server -allow_non_jtag
INFO: [Labtools 27-2285] Connecting to hw_server url TCP:localhost:3121
INFO: [Labtools 27-2222] Launching hw_server...
INFO: [Labtools 27-2221] Launch Output:

****** Xilinx hw_server v2020.1
  **** Build date : May 27 2020 at 20:24:38
    ** Copyright 1986-2020 Xilinx, Inc. All Rights Reserved.


INFO: [Labtools 27-3415] Connecting to cs_server url TCP:localhost:3042
INFO: [Labtools 27-3417] Launching cs_server...
INFO: [Labtools 27-2221] Launch Output:


****** Xilinx cs_server v2020.1.0
  **** Build date : May 14 2020-06:10:29
    ** Copyright 2017-2020 Xilinx, Inc. All Rights Reserved.



connect_hw_server: Time (s): cpu = 00:00:00 ; elapsed = 00:00:07 . Memory (MB): peak = 2430.840 ; gain = 0.000
open_hw_target
INFO: [Labtoolstcl 44-466] Opening hw_target localhost:3121/xilinx_tcf/Digilent/210183AF3071A
set_property PROGRAM.FILE {C:/Users/user/Downloads/CA_lab6/CA_lab6.runs/impl_1/fsm_top.bit} [get_hw_devices xc7a35t_0]
current_hw_device [get_hw_devices xc7a35t_0]
refresh_hw_device -update_hw_probes false [lindex [get_hw_devices xc7a35t_0] 0]
INFO: [Labtools 27-1434] Device xc7a35t (JTAG device index = 0) is programmed with a design that has no supported debug core(s) in it.
set_property PROBES.FILE {} [get_hw_devices xc7a35t_0]
set_property FULL_PROBES.FILE {} [get_hw_devices xc7a35t_0]
set_property PROGRAM.FILE {C:/Users/user/Downloads/CA_lab6/CA_lab6.runs/impl_1/fsm_top.bit} [get_hw_devices xc7a35t_0]
program_hw_devices [get_hw_devices xc7a35t_0]
INFO: [Labtools 27-3164] End of startup status: HIGH
refresh_hw_device [lindex [get_hw_devices xc7a35t_0] 0]
INFO: [Labtools 27-1434] Device xc7a35t (JTAG device index = 0) is programmed with a design that has no supported debug core(s) in it.
ERROR: [Labtoolstcl 44-513] HW Target shutdown. Closing target: localhost:3121/xilinx_tcf/Digilent/210183AF3071A
INFO: [Labtoolstcl 44-466] Opening hw_target localhost:3121/xilinx_tcf/Digilent/210183AF3071A
INFO: [Labtools 27-1434] Device xc7a35t (JTAG device index = 0) is programmed with a design that has no supported debug core(s) in it.
WARNING: [Labtoolstcl 44-129] No matching hw_ila_data was found.
set_property PROBES.FILE {} [get_hw_devices xc7a35t_0]
set_property FULL_PROBES.FILE {} [get_hw_devices xc7a35t_0]
set_property PROGRAM.FILE {C:/Users/user/Downloads/CA_lab6/CA_lab6.runs/impl_1/fsm_top.bit} [get_hw_devices xc7a35t_0]
program_hw_devices [get_hw_devices xc7a35t_0]
INFO: [Labtools 27-3164] End of startup status: HIGH
refresh_hw_device [lindex [get_hw_devices xc7a35t_0] 0]
INFO: [Labtools 27-1434] Device xc7a35t (JTAG device index = 0) is programmed with a design that has no supported debug core(s) in it.
set_property PROBES.FILE {} [get_hw_devices xc7a35t_0]
set_property FULL_PROBES.FILE {} [get_hw_devices xc7a35t_0]
set_property PROGRAM.FILE {C:/Users/user/Downloads/CA_lab6/CA_lab6.runs/impl_1/fsm_top.bit} [get_hw_devices xc7a35t_0]
program_hw_devices [get_hw_devices xc7a35t_0]
INFO: [Labtools 27-3164] End of startup status: HIGH
refresh_hw_device [lindex [get_hw_devices xc7a35t_0] 0]
INFO: [Labtools 27-1434] Device xc7a35t (JTAG device index = 0) is programmed with a design that has no supported debug core(s) in it.
ERROR: [Labtoolstcl 44-513] HW Target shutdown. Closing target: localhost:3121/xilinx_tcf/Digilent/210183AF3071A
INFO: [Labtoolstcl 44-466] Opening hw_target localhost:3121/xilinx_tcf/Digilent/210183AF3071A
INFO: [Labtools 27-1434] Device xc7a35t (JTAG device index = 0) is programmed with a design that has no supported debug core(s) in it.
WARNING: [Labtoolstcl 44-129] No matching hw_ila_data was found.
set_property PROBES.FILE {} [get_hw_devices xc7a35t_0]
set_property FULL_PROBES.FILE {} [get_hw_devices xc7a35t_0]
set_property PROGRAM.FILE {C:/Users/user/Downloads/CA_lab6/CA_lab6.runs/impl_1/fsm_top.bit} [get_hw_devices xc7a35t_0]
program_hw_devices [get_hw_devices xc7a35t_0]
INFO: [Labtools 27-3164] End of startup status: HIGH
refresh_hw_device [lindex [get_hw_devices xc7a35t_0] 0]
INFO: [Labtools 27-1434] Device xc7a35t (JTAG device index = 0) is programmed with a design that has no supported debug core(s) in it.
ERROR: [Labtoolstcl 44-513] HW Target shutdown. Closing target: localhost:3121/xilinx_tcf/Digilent/210183AF3071A
INFO: [Labtoolstcl 44-466] Opening hw_target localhost:3121/xilinx_tcf/Digilent/210183AF3071A
INFO: [Labtools 27-1434] Device xc7a35t (JTAG device index = 0) is programmed with a design that has no supported debug core(s) in it.
WARNING: [Labtoolstcl 44-129] No matching hw_ila_data was found.
set_property PROBES.FILE {} [get_hw_devices xc7a35t_0]
set_property FULL_PROBES.FILE {} [get_hw_devices xc7a35t_0]
set_property PROGRAM.FILE {C:/Users/user/Downloads/CA_lab6/CA_lab6.runs/impl_1/fsm_top.bit} [get_hw_devices xc7a35t_0]
program_hw_devices [get_hw_devices xc7a35t_0]
INFO: [Labtools 27-3164] End of startup status: HIGH
refresh_hw_device [lindex [get_hw_devices xc7a35t_0] 0]
INFO: [Labtools 27-1434] Device xc7a35t (JTAG device index = 0) is programmed with a design that has no supported debug core(s) in it.
ERROR: [Labtoolstcl 44-513] HW Target shutdown. Closing target: localhost:3121/xilinx_tcf/Digilent/210183AF3071A
INFO: [Labtoolstcl 44-466] Opening hw_target localhost:3121/xilinx_tcf/Digilent/210183AF3071A
INFO: [Labtools 27-1434] Device xc7a35t (JTAG device index = 0) is programmed with a design that has no supported debug core(s) in it.
WARNING: [Labtoolstcl 44-129] No matching hw_ila_data was found.
set_property PROBES.FILE {} [get_hw_devices xc7a35t_0]
set_property FULL_PROBES.FILE {} [get_hw_devices xc7a35t_0]
set_property PROGRAM.FILE {C:/Users/user/Downloads/CA_lab6/CA_lab6.runs/impl_1/fsm_top.bit} [get_hw_devices xc7a35t_0]
program_hw_devices [get_hw_devices xc7a35t_0]
INFO: [Labtools 27-3164] End of startup status: HIGH
refresh_hw_device [lindex [get_hw_devices xc7a35t_0] 0]
INFO: [Labtools 27-1434] Device xc7a35t (JTAG device index = 0) is programmed with a design that has no supported debug core(s) in it.
ERROR: [Labtoolstcl 44-513] HW Target shutdown. Closing target: localhost:3121/xilinx_tcf/Digilent/210183AF3071A
archive_project C:/Users/user/Downloads/CA_lab6_final.xpr.zip -temp_dir C:/Users/user/AppData/Roaming/Xilinx/Vivado/.Xil/Vivado-19468-DESKTOP-DUMUOR7 -force -include_local_ip_cache
INFO: [Coretcl 2-137] starting archive...
INFO: [Coretcl 2-1499] Saving project copy to temporary location 'C:/Users/user/AppData/Roaming/Xilinx/Vivado/.Xil/Vivado-19468-DESKTOP-DUMUOR7' for archiving project
Scanning sources...
Finished scanning sources
INFO: [Coretcl 2-1211] Creating project copy for archival...
INFO: [ProjectBase 1-495] The host OS only allows 260 characters in a normal path. The project is stored in a path with more than 80 characters. If you experience any problem with archiving the project, please consider setting environment variable $TEMP to a shorter path.
Current project path is 'C:/Users/user/AppData/Roaming/Xilinx/Vivado/.Xil/Vivado-19468-DESKTOP-DUMUOR7/PrjAr/_X_'.
INFO: [Coretcl 2-1213] Including run results for 'synth_1'
INFO: [Coretcl 2-1213] Including run results for 'impl_1'
