Copyright 1986-2020 Xilinx, Inc. All Rights Reserved.
--------------------------------------------------------------------------------------------------------------------------------------------------------------------------------------------
| Tool Version : Vivado v.2020.1 (win64) Build 2902540 Wed May 27 19:54:49 MDT 2020
| Date         : Thu Oct  8 13:34:05 2026
| Host         : HU-DOPX-ML22 running 64-bit major release  (build 9200)
| Command      : report_timing_summary -max_paths 10 -file fsm_top_timing_summary_routed.rpt -pb fsm_top_timing_summary_routed.pb -rpx fsm_top_timing_summary_routed.rpx -warn_on_violation
| Design       : fsm_top
| Device       : 7a35t-cpg236
| Speed File   : -1  PRODUCTION 1.23 2018-06-13
--------------------------------------------------------------------------------------------------------------------------------------------------------------------------------------------

Timing Summary Report

------------------------------------------------------------------------------------------------
| Timer Settings
| --------------
------------------------------------------------------------------------------------------------

  Enable Multi Corner Analysis               :  Yes
  Enable Pessimism Removal                   :  Yes
  Pessimism Removal Resolution               :  Nearest Common Node
  Enable Input Delay Default Clock           :  No
  Enable Preset / Clear Arcs                 :  No
  Disable Flight Delays                      :  No
  Ignore I/O Paths                           :  No
  Timing Early Launch at Borrowing Latches   :  No
  Borrow Time for Max Delay Exceptions       :  Yes
  Merge Timing Exceptions                    :  Yes

  Corner  Analyze    Analyze    
  Name    Max Paths  Min Paths  
  ------  ---------  ---------  
  Slow    Yes        Yes        
  Fast    Yes        Yes        



check_timing report

Table of Contents
-----------------
1. checking no_clock (0)
2. checking constant_clock (0)
3. checking pulse_width_clock (0)
4. checking unconstrained_internal_endpoints (0)
5. checking no_input_delay (5)
6. checking no_output_delay (13)
7. checking multiple_clock (0)
8. checking generated_clocks (0)
9. checking loops (0)
10. checking partial_input_delay (0)
11. checking partial_output_delay (0)
12. checking latch_loops (0)

1. checking no_clock (0)
------------------------
 There are 0 register/latch pins with no clock.


2. checking constant_clock (0)
------------------------------
 There are 0 register/latch pins with constant_clock.


3. checking pulse_width_clock (0)
---------------------------------
 There are 0 register/latch pins which need pulse_width check


4. checking unconstrained_internal_endpoints (0)
------------------------------------------------
 There are 0 pins that are not constrained for maximum delay.

 There are 0 pins that are not constrained for maximum delay due to constant clock.


5. checking no_input_delay (5)
------------------------------
 There are 5 input ports with no input delay specified. (HIGH)

 There are 0 input ports with no input delay but user has a false path constraint.


6. checking no_output_delay (13)
--------------------------------
 There are 13 ports with no output delay specified. (HIGH)

 There are 0 ports with no output delay but user has a false path constraint

 There are 0 ports with no output delay but with a timing clock defined on it or propagating through it


7. checking multiple_clock (0)
------------------------------
 There are 0 register/latch pins with multiple clocks.


8. checking generated_clocks (0)
--------------------------------
 There are 0 generated clocks that are not connected to a clock source.


9. checking loops (0)
---------------------
 There are 0 combinational loops in the design.


10. checking partial_input_delay (0)
------------------------------------
 There are 0 input ports with partial input delay specified.


11. checking partial_output_delay (0)
-------------------------------------
 There are 0 ports with partial output delay specified.


12. checking latch_loops (0)
----------------------------
 There are 0 combinational latch loops in the design through latch input



------------------------------------------------------------------------------------------------
| Design Timing Summary
| ---------------------
------------------------------------------------------------------------------------------------

    WNS(ns)      TNS(ns)  TNS Failing Endpoints  TNS Total Endpoints      WHS(ns)      THS(ns)  THS Failing Endpoints  THS Total Endpoints     WPWS(ns)     TPWS(ns)  TPWS Failing Endpoints  TPWS Total Endpoints  
    -------      -------  ---------------------  -------------------      -------      -------  ---------------------  -------------------     --------     --------  ----------------------  --------------------  
      5.362        0.000                      0                   77        0.163        0.000                      0                   77        4.500        0.000                       0                    45  


All user specified timing constraints are met.


------------------------------------------------------------------------------------------------
| Clock Summary
| -------------
------------------------------------------------------------------------------------------------

Clock        Waveform(ns)       Period(ns)      Frequency(MHz)
-----        ------------       ----------      --------------
sys_clk_pin  {0.000 5.000}      10.000          100.000         


------------------------------------------------------------------------------------------------
| Intra Clock Table
| -----------------
------------------------------------------------------------------------------------------------

Clock             WNS(ns)      TNS(ns)  TNS Failing Endpoints  TNS Total Endpoints      WHS(ns)      THS(ns)  THS Failing Endpoints  THS Total Endpoints     WPWS(ns)     TPWS(ns)  TPWS Failing Endpoints  TPWS Total Endpoints  
-----             -------      -------  ---------------------  -------------------      -------      -------  ---------------------  -------------------     --------     --------  ----------------------  --------------------  
sys_clk_pin         5.362        0.000                      0                   77        0.163        0.000                      0                   77        4.500        0.000                       0                    45  


------------------------------------------------------------------------------------------------
| Inter Clock Table
| -----------------
------------------------------------------------------------------------------------------------

From Clock    To Clock          WNS(ns)      TNS(ns)  TNS Failing Endpoints  TNS Total Endpoints      WHS(ns)      THS(ns)  THS Failing Endpoints  THS Total Endpoints  
----------    --------          -------      -------  ---------------------  -------------------      -------      -------  ---------------------  -------------------  


------------------------------------------------------------------------------------------------
| Other Path Groups Table
| -----------------------
------------------------------------------------------------------------------------------------

Path Group    From Clock    To Clock          WNS(ns)      TNS(ns)  TNS Failing Endpoints  TNS Total Endpoints      WHS(ns)      THS(ns)  THS Failing Endpoints  THS Total Endpoints  
----------    ----------    --------          -------      -------  ---------------------  -------------------      -------      -------  ---------------------  -------------------  


------------------------------------------------------------------------------------------------
| Timing Details
| --------------
------------------------------------------------------------------------------------------------


---------------------------------------------------------------------------------------------------
From Clock:  sys_clk_pin
  To Clock:  sys_clk_pin

Setup :            0  Failing Endpoints,  Worst Slack        5.362ns,  Total Violation        0.000ns
Hold  :            0  Failing Endpoints,  Worst Slack        0.163ns,  Total Violation        0.000ns
PW    :            0  Failing Endpoints,  Worst Slack        4.500ns,  Total Violation        0.000ns
---------------------------------------------------------------------------------------------------


Max Delay Paths
--------------------------------------------------------------------------------------
Slack (MET) :             5.362ns  (required time - arrival time)
  Source:                 rst_db/count_reg[8]/C
                            (rising edge-triggered cell FDRE clocked by sys_clk_pin  {rise@0.000ns fall@5.000ns period=10.000ns})
  Destination:            rst_db/btn_out_reg/CE
                            (rising edge-triggered cell FDRE clocked by sys_clk_pin  {rise@0.000ns fall@5.000ns period=10.000ns})
  Path Group:             sys_clk_pin
  Path Type:              Setup (Max at Slow Process Corner)
  Requirement:            10.000ns  (sys_clk_pin rise@10.000ns - sys_clk_pin rise@0.000ns)
  Data Path Delay:        4.376ns  (logic 0.964ns (22.031%)  route 3.412ns (77.969%))
  Logic Levels:           3  (LUT3=1 LUT4=1 LUT5=1)
  Clock Path Skew:        -0.022ns (DCD - SCD + CPR)
    Destination Clock Delay (DCD):    4.850ns = ( 14.850 - 10.000 ) 
    Source Clock Delay      (SCD):    5.146ns
    Clock Pessimism Removal (CPR):    0.274ns
  Clock Uncertainty:      0.035ns  ((TSJ^2 + TIJ^2)^1/2 + DJ) / 2 + PE
    Total System Jitter     (TSJ):    0.071ns
    Total Input Jitter      (TIJ):    0.000ns
    Discrete Jitter          (DJ):    0.000ns
    Phase Error              (PE):    0.000ns

    Location             Delay type                Incr(ns)  Path(ns)    Netlist Resource(s)
  -------------------------------------------------------------------    -------------------
                         (clock sys_clk_pin rise edge)
                                                      0.000     0.000 r  
    W5                                                0.000     0.000 r  clk (IN)
                         net (fo=0)                   0.000     0.000    clk
    W5                   IBUF (Prop_ibuf_I_O)         1.458     1.458 r  clk_IBUF_inst/O
                         net (fo=1, routed)           1.967     3.425    clk_IBUF
    BUFGCTRL_X0Y0        BUFG (Prop_bufg_I_O)         0.096     3.521 r  clk_IBUF_BUFG_inst/O
                         net (fo=44, routed)          1.625     5.146    rst_db/clk_IBUF_BUFG
    SLICE_X1Y20          FDRE                                         r  rst_db/count_reg[8]/C
  -------------------------------------------------------------------    -------------------
    SLICE_X1Y20          FDRE (Prop_fdre_C_Q)         0.419     5.565 f  rst_db/count_reg[8]/Q
                         net (fo=2, routed)           0.884     6.449    rst_db/count[8]
    SLICE_X3Y21          LUT4 (Prop_lut4_I1_O)        0.297     6.746 f  rst_db/count[19]_i_4/O
                         net (fo=1, routed)           1.006     7.752    rst_db/count[19]_i_4_n_0
    SLICE_X3Y20          LUT5 (Prop_lut5_I0_O)        0.124     7.876 r  rst_db/count[19]_i_3/O
                         net (fo=20, routed)          1.003     8.879    rst_db/count[19]_i_3_n_0
    SLICE_X3Y18          LUT3 (Prop_lut3_I0_O)        0.124     9.003 r  rst_db/btn_out_i_1/O
                         net (fo=1, routed)           0.519     9.522    rst_db/btn_out_i_1_n_0
    SLICE_X3Y18          FDRE                                         r  rst_db/btn_out_reg/CE
  -------------------------------------------------------------------    -------------------

                         (clock sys_clk_pin rise edge)
                                                     10.000    10.000 r  
    W5                                                0.000    10.000 r  clk (IN)
                         net (fo=0)                   0.000    10.000    clk
    W5                   IBUF (Prop_ibuf_I_O)         1.388    11.388 r  clk_IBUF_inst/O
                         net (fo=1, routed)           1.862    13.250    clk_IBUF
    BUFGCTRL_X0Y0        BUFG (Prop_bufg_I_O)         0.091    13.341 r  clk_IBUF_BUFG_inst/O
                         net (fo=44, routed)          1.509    14.850    rst_db/clk_IBUF_BUFG
    SLICE_X3Y18          FDRE                                         r  rst_db/btn_out_reg/C
                         clock pessimism              0.274    15.124    
                         clock uncertainty           -0.035    15.089    
    SLICE_X3Y18          FDRE (Setup_fdre_C_CE)      -0.205    14.884    rst_db/btn_out_reg
  -------------------------------------------------------------------
                         required time                         14.884    
                         arrival time                          -9.522    
  -------------------------------------------------------------------
                         slack                                  5.362    

Slack (MET) :             6.225ns  (required time - arrival time)
  Source:                 rst_db/count_reg[5]/C
                            (rising edge-triggered cell FDRE clocked by sys_clk_pin  {rise@0.000ns fall@5.000ns period=10.000ns})
  Destination:            rst_db/count_reg[17]/D
                            (rising edge-triggered cell FDRE clocked by sys_clk_pin  {rise@0.000ns fall@5.000ns period=10.000ns})
  Path Group:             sys_clk_pin
  Path Type:              Setup (Max at Slow Process Corner)
  Requirement:            10.000ns  (sys_clk_pin rise@10.000ns - sys_clk_pin rise@0.000ns)
  Data Path Delay:        3.788ns  (logic 2.004ns (52.899%)  route 1.784ns (47.101%))
  Logic Levels:           5  (CARRY4=4 LUT2=1)
  Clock Path Skew:        -0.026ns (DCD - SCD + CPR)
    Destination Clock Delay (DCD):    4.846ns = ( 14.846 - 10.000 ) 
    Source Clock Delay      (SCD):    5.146ns
    Clock Pessimism Removal (CPR):    0.274ns
  Clock Uncertainty:      0.035ns  ((TSJ^2 + TIJ^2)^1/2 + DJ) / 2 + PE
    Total System Jitter     (TSJ):    0.071ns
    Total Input Jitter      (TIJ):    0.000ns
    Discrete Jitter          (DJ):    0.000ns
    Phase Error              (PE):    0.000ns

    Location             Delay type                Incr(ns)  Path(ns)    Netlist Resource(s)
  -------------------------------------------------------------------    -------------------
                         (clock sys_clk_pin rise edge)
                                                      0.000     0.000 r  
    W5                                                0.000     0.000 r  clk (IN)
                         net (fo=0)                   0.000     0.000    clk
    W5                   IBUF (Prop_ibuf_I_O)         1.458     1.458 r  clk_IBUF_inst/O
                         net (fo=1, routed)           1.967     3.425    clk_IBUF
    BUFGCTRL_X0Y0        BUFG (Prop_bufg_I_O)         0.096     3.521 r  clk_IBUF_BUFG_inst/O
                         net (fo=44, routed)          1.625     5.146    rst_db/clk_IBUF_BUFG
    SLICE_X1Y20          FDRE                                         r  rst_db/count_reg[5]/C
  -------------------------------------------------------------------    -------------------
    SLICE_X1Y20          FDRE (Prop_fdre_C_Q)         0.419     5.565 r  rst_db/count_reg[5]/Q
                         net (fo=2, routed)           0.814     6.380    rst_db/count[5]
    SLICE_X2Y20          CARRY4 (Prop_carry4_S[0]_CO[3])
                                                      0.809     7.189 r  rst_db/count0_inferred__0/i__carry__0/CO[3]
                         net (fo=1, routed)           0.000     7.189    rst_db/count0_inferred__0/i__carry__0_n_0
    SLICE_X2Y21          CARRY4 (Prop_carry4_CI_CO[3])
                                                      0.117     7.306 r  rst_db/count0_inferred__0/i__carry__1/CO[3]
                         net (fo=1, routed)           0.000     7.306    rst_db/count0_inferred__0/i__carry__1_n_0
    SLICE_X2Y22          CARRY4 (Prop_carry4_CI_CO[3])
                                                      0.117     7.423 r  rst_db/count0_inferred__0/i__carry__2/CO[3]
                         net (fo=1, routed)           0.000     7.423    rst_db/count0_inferred__0/i__carry__2_n_0
    SLICE_X2Y23          CARRY4 (Prop_carry4_CI_O[0])
                                                      0.219     7.642 r  rst_db/count0_inferred__0/i__carry__3/O[0]
                         net (fo=1, routed)           0.970     8.612    rst_db/count0_inferred__0/i__carry__3_n_7
    SLICE_X3Y22          LUT2 (Prop_lut2_I0_O)        0.323     8.935 r  rst_db/count[17]_i_1/O
                         net (fo=1, routed)           0.000     8.935    rst_db/count_0[17]
    SLICE_X3Y22          FDRE                                         r  rst_db/count_reg[17]/D
  -------------------------------------------------------------------    -------------------

                         (clock sys_clk_pin rise edge)
                                                     10.000    10.000 r  
    W5                                                0.000    10.000 r  clk (IN)
                         net (fo=0)                   0.000    10.000    clk
    W5                   IBUF (Prop_ibuf_I_O)         1.388    11.388 r  clk_IBUF_inst/O
                         net (fo=1, routed)           1.862    13.250    clk_IBUF
    BUFGCTRL_X0Y0        BUFG (Prop_bufg_I_O)         0.091    13.341 r  clk_IBUF_BUFG_inst/O
                         net (fo=44, routed)          1.505    14.846    rst_db/clk_IBUF_BUFG
    SLICE_X3Y22          FDRE                                         r  rst_db/count_reg[17]/C
                         clock pessimism              0.274    15.120    
                         clock uncertainty           -0.035    15.085    
    SLICE_X3Y22          FDRE (Setup_fdre_C_D)        0.075    15.160    rst_db/count_reg[17]
  -------------------------------------------------------------------
                         required time                         15.160    
                         arrival time                          -8.935    
  -------------------------------------------------------------------
                         slack                                  6.225    

Slack (MET) :             6.254ns  (required time - arrival time)
  Source:                 rst_db/count_reg[8]/C
                            (rising edge-triggered cell FDRE clocked by sys_clk_pin  {rise@0.000ns fall@5.000ns period=10.000ns})
  Destination:            rst_db/count_reg[2]/D
                            (rising edge-triggered cell FDRE clocked by sys_clk_pin  {rise@0.000ns fall@5.000ns period=10.000ns})
  Path Group:             sys_clk_pin
  Path Type:              Setup (Max at Slow Process Corner)
  Requirement:            10.000ns  (sys_clk_pin rise@10.000ns - sys_clk_pin rise@0.000ns)
  Data Path Delay:        3.716ns  (logic 0.964ns (25.940%)  route 2.752ns (74.060%))
  Logic Levels:           3  (LUT2=1 LUT4=1 LUT5=1)
  Clock Path Skew:        -0.023ns (DCD - SCD + CPR)
    Destination Clock Delay (DCD):    4.849ns = ( 14.849 - 10.000 ) 
    Source Clock Delay      (SCD):    5.146ns
    Clock Pessimism Removal (CPR):    0.274ns
  Clock Uncertainty:      0.035ns  ((TSJ^2 + TIJ^2)^1/2 + DJ) / 2 + PE
    Total System Jitter     (TSJ):    0.071ns
    Total Input Jitter      (TIJ):    0.000ns
    Discrete Jitter          (DJ):    0.000ns
    Phase Error              (PE):    0.000ns

    Location             Delay type                Incr(ns)  Path(ns)    Netlist Resource(s)
  -------------------------------------------------------------------    -------------------
                         (clock sys_clk_pin rise edge)
                                                      0.000     0.000 r  
    W5                                                0.000     0.000 r  clk (IN)
                         net (fo=0)                   0.000     0.000    clk
    W5                   IBUF (Prop_ibuf_I_O)         1.458     1.458 r  clk_IBUF_inst/O
                         net (fo=1, routed)           1.967     3.425    clk_IBUF
    BUFGCTRL_X0Y0        BUFG (Prop_bufg_I_O)         0.096     3.521 r  clk_IBUF_BUFG_inst/O
                         net (fo=44, routed)          1.625     5.146    rst_db/clk_IBUF_BUFG
    SLICE_X1Y20          FDRE                                         r  rst_db/count_reg[8]/C
  -------------------------------------------------------------------    -------------------
    SLICE_X1Y20          FDRE (Prop_fdre_C_Q)         0.419     5.565 r  rst_db/count_reg[8]/Q
                         net (fo=2, routed)           0.884     6.449    rst_db/count[8]
    SLICE_X3Y21          LUT4 (Prop_lut4_I1_O)        0.297     6.746 r  rst_db/count[19]_i_4/O
                         net (fo=1, routed)           1.006     7.752    rst_db/count[19]_i_4_n_0
    SLICE_X3Y20          LUT5 (Prop_lut5_I0_O)        0.124     7.876 f  rst_db/count[19]_i_3/O
                         net (fo=20, routed)          0.863     8.739    rst_db/count[19]_i_3_n_0
    SLICE_X3Y19          LUT2 (Prop_lut2_I1_O)        0.124     8.863 r  rst_db/count[2]_i_1/O
                         net (fo=1, routed)           0.000     8.863    rst_db/count_0[2]
    SLICE_X3Y19          FDRE                                         r  rst_db/count_reg[2]/D
  -------------------------------------------------------------------    -------------------

                         (clock sys_clk_pin rise edge)
                                                     10.000    10.000 r  
    W5                                                0.000    10.000 r  clk (IN)
                         net (fo=0)                   0.000    10.000    clk
    W5                   IBUF (Prop_ibuf_I_O)         1.388    11.388 r  clk_IBUF_inst/O
                         net (fo=1, routed)           1.862    13.250    clk_IBUF
    BUFGCTRL_X0Y0        BUFG (Prop_bufg_I_O)         0.091    13.341 r  clk_IBUF_BUFG_inst/O
                         net (fo=44, routed)          1.508    14.849    rst_db/clk_IBUF_BUFG
    SLICE_X3Y19          FDRE                                         r  rst_db/count_reg[2]/C
                         clock pessimism              0.274    15.123    
                         clock uncertainty           -0.035    15.088    
    SLICE_X3Y19          FDRE (Setup_fdre_C_D)        0.029    15.117    rst_db/count_reg[2]
  -------------------------------------------------------------------
                         required time                         15.117    
                         arrival time                          -8.863    
  -------------------------------------------------------------------
                         slack                                  6.254    

Slack (MET) :             6.257ns  (required time - arrival time)
  Source:                 rst_db/count_reg[8]/C
                            (rising edge-triggered cell FDRE clocked by sys_clk_pin  {rise@0.000ns fall@5.000ns period=10.000ns})
  Destination:            rst_db/count_reg[1]/D
                            (rising edge-triggered cell FDRE clocked by sys_clk_pin  {rise@0.000ns fall@5.000ns period=10.000ns})
  Path Group:             sys_clk_pin
  Path Type:              Setup (Max at Slow Process Corner)
  Requirement:            10.000ns  (sys_clk_pin rise@10.000ns - sys_clk_pin rise@0.000ns)
  Data Path Delay:        3.715ns  (logic 0.964ns (25.947%)  route 2.751ns (74.053%))
  Logic Levels:           3  (LUT2=1 LUT4=1 LUT5=1)
  Clock Path Skew:        -0.023ns (DCD - SCD + CPR)
    Destination Clock Delay (DCD):    4.849ns = ( 14.849 - 10.000 ) 
    Source Clock Delay      (SCD):    5.146ns
    Clock Pessimism Removal (CPR):    0.274ns
  Clock Uncertainty:      0.035ns  ((TSJ^2 + TIJ^2)^1/2 + DJ) / 2 + PE
    Total System Jitter     (TSJ):    0.071ns
    Total Input Jitter      (TIJ):    0.000ns
    Discrete Jitter          (DJ):    0.000ns
    Phase Error              (PE):    0.000ns

    Location             Delay type                Incr(ns)  Path(ns)    Netlist Resource(s)
  -------------------------------------------------------------------    -------------------
                         (clock sys_clk_pin rise edge)
                                                      0.000     0.000 r  
    W5                                                0.000     0.000 r  clk (IN)
                         net (fo=0)                   0.000     0.000    clk
    W5                   IBUF (Prop_ibuf_I_O)         1.458     1.458 r  clk_IBUF_inst/O
                         net (fo=1, routed)           1.967     3.425    clk_IBUF
    BUFGCTRL_X0Y0        BUFG (Prop_bufg_I_O)         0.096     3.521 r  clk_IBUF_BUFG_inst/O
                         net (fo=44, routed)          1.625     5.146    rst_db/clk_IBUF_BUFG
    SLICE_X1Y20          FDRE                                         r  rst_db/count_reg[8]/C
  -------------------------------------------------------------------    -------------------
    SLICE_X1Y20          FDRE (Prop_fdre_C_Q)         0.419     5.565 r  rst_db/count_reg[8]/Q
                         net (fo=2, routed)           0.884     6.449    rst_db/count[8]
    SLICE_X3Y21          LUT4 (Prop_lut4_I1_O)        0.297     6.746 r  rst_db/count[19]_i_4/O
                         net (fo=1, routed)           1.006     7.752    rst_db/count[19]_i_4_n_0
    SLICE_X3Y20          LUT5 (Prop_lut5_I0_O)        0.124     7.876 f  rst_db/count[19]_i_3/O
                         net (fo=20, routed)          0.862     8.738    rst_db/count[19]_i_3_n_0
    SLICE_X3Y19          LUT2 (Prop_lut2_I1_O)        0.124     8.862 r  rst_db/count[1]_i_1/O
                         net (fo=1, routed)           0.000     8.862    rst_db/count_0[1]
    SLICE_X3Y19          FDRE                                         r  rst_db/count_reg[1]/D
  -------------------------------------------------------------------    -------------------

                         (clock sys_clk_pin rise edge)
                                                     10.000    10.000 r  
    W5                                                0.000    10.000 r  clk (IN)
                         net (fo=0)                   0.000    10.000    clk
    W5                   IBUF (Prop_ibuf_I_O)         1.388    11.388 r  clk_IBUF_inst/O
                         net (fo=1, routed)           1.862    13.250    clk_IBUF
    BUFGCTRL_X0Y0        BUFG (Prop_bufg_I_O)         0.091    13.341 r  clk_IBUF_BUFG_inst/O
                         net (fo=44, routed)          1.508    14.849    rst_db/clk_IBUF_BUFG
    SLICE_X3Y19          FDRE                                         r  rst_db/count_reg[1]/C
                         clock pessimism              0.274    15.123    
                         clock uncertainty           -0.035    15.088    
    SLICE_X3Y19          FDRE (Setup_fdre_C_D)        0.031    15.119    rst_db/count_reg[1]
  -------------------------------------------------------------------
                         required time                         15.119    
                         arrival time                          -8.862    
  -------------------------------------------------------------------
                         slack                                  6.257    

Slack (MET) :             6.261ns  (required time - arrival time)
  Source:                 rst_db/count_reg[8]/C
                            (rising edge-triggered cell FDRE clocked by sys_clk_pin  {rise@0.000ns fall@5.000ns period=10.000ns})
  Destination:            rst_db/count_reg[18]/D
                            (rising edge-triggered cell FDRE clocked by sys_clk_pin  {rise@0.000ns fall@5.000ns period=10.000ns})
  Path Group:             sys_clk_pin
  Path Type:              Setup (Max at Slow Process Corner)
  Requirement:            10.000ns  (sys_clk_pin rise@10.000ns - sys_clk_pin rise@0.000ns)
  Data Path Delay:        3.709ns  (logic 0.964ns (25.994%)  route 2.745ns (74.006%))
  Logic Levels:           3  (LUT2=1 LUT4=1 LUT5=1)
  Clock Path Skew:        -0.026ns (DCD - SCD + CPR)
    Destination Clock Delay (DCD):    4.846ns = ( 14.846 - 10.000 ) 
    Source Clock Delay      (SCD):    5.146ns
    Clock Pessimism Removal (CPR):    0.274ns
  Clock Uncertainty:      0.035ns  ((TSJ^2 + TIJ^2)^1/2 + DJ) / 2 + PE
    Total System Jitter     (TSJ):    0.071ns
    Total Input Jitter      (TIJ):    0.000ns
    Discrete Jitter          (DJ):    0.000ns
    Phase Error              (PE):    0.000ns

    Location             Delay type                Incr(ns)  Path(ns)    Netlist Resource(s)
  -------------------------------------------------------------------    -------------------
                         (clock sys_clk_pin rise edge)
                                                      0.000     0.000 r  
    W5                                                0.000     0.000 r  clk (IN)
                         net (fo=0)                   0.000     0.000    clk
    W5                   IBUF (Prop_ibuf_I_O)         1.458     1.458 r  clk_IBUF_inst/O
                         net (fo=1, routed)           1.967     3.425    clk_IBUF
    BUFGCTRL_X0Y0        BUFG (Prop_bufg_I_O)         0.096     3.521 r  clk_IBUF_BUFG_inst/O
                         net (fo=44, routed)          1.625     5.146    rst_db/clk_IBUF_BUFG
    SLICE_X1Y20          FDRE                                         r  rst_db/count_reg[8]/C
  -------------------------------------------------------------------    -------------------
    SLICE_X1Y20          FDRE (Prop_fdre_C_Q)         0.419     5.565 r  rst_db/count_reg[8]/Q
                         net (fo=2, routed)           0.884     6.449    rst_db/count[8]
    SLICE_X3Y21          LUT4 (Prop_lut4_I1_O)        0.297     6.746 r  rst_db/count[19]_i_4/O
                         net (fo=1, routed)           1.006     7.752    rst_db/count[19]_i_4_n_0
    SLICE_X3Y20          LUT5 (Prop_lut5_I0_O)        0.124     7.876 f  rst_db/count[19]_i_3/O
                         net (fo=20, routed)          0.855     8.731    rst_db/count[19]_i_3_n_0
    SLICE_X3Y22          LUT2 (Prop_lut2_I1_O)        0.124     8.855 r  rst_db/count[18]_i_1/O
                         net (fo=1, routed)           0.000     8.855    rst_db/count_0[18]
    SLICE_X3Y22          FDRE                                         r  rst_db/count_reg[18]/D
  -------------------------------------------------------------------    -------------------

                         (clock sys_clk_pin rise edge)
                                                     10.000    10.000 r  
    W5                                                0.000    10.000 r  clk (IN)
                         net (fo=0)                   0.000    10.000    clk
    W5                   IBUF (Prop_ibuf_I_O)         1.388    11.388 r  clk_IBUF_inst/O
                         net (fo=1, routed)           1.862    13.250    clk_IBUF
    BUFGCTRL_X0Y0        BUFG (Prop_bufg_I_O)         0.091    13.341 r  clk_IBUF_BUFG_inst/O
                         net (fo=44, routed)          1.505    14.846    rst_db/clk_IBUF_BUFG
    SLICE_X3Y22          FDRE                                         r  rst_db/count_reg[18]/C
                         clock pessimism              0.274    15.120    
                         clock uncertainty           -0.035    15.085    
    SLICE_X3Y22          FDRE (Setup_fdre_C_D)        0.031    15.116    rst_db/count_reg[18]
  -------------------------------------------------------------------
                         required time                         15.116    
                         arrival time                          -8.855    
  -------------------------------------------------------------------
                         slack                                  6.261    

Slack (MET) :             6.272ns  (required time - arrival time)
  Source:                 rst_db/count_reg[8]/C
                            (rising edge-triggered cell FDRE clocked by sys_clk_pin  {rise@0.000ns fall@5.000ns period=10.000ns})
  Destination:            rst_db/count_reg[3]/D
                            (rising edge-triggered cell FDRE clocked by sys_clk_pin  {rise@0.000ns fall@5.000ns period=10.000ns})
  Path Group:             sys_clk_pin
  Path Type:              Setup (Max at Slow Process Corner)
  Requirement:            10.000ns  (sys_clk_pin rise@10.000ns - sys_clk_pin rise@0.000ns)
  Data Path Delay:        3.744ns  (logic 0.992ns (26.494%)  route 2.752ns (73.506%))
  Logic Levels:           3  (LUT2=1 LUT4=1 LUT5=1)
  Clock Path Skew:        -0.023ns (DCD - SCD + CPR)
    Destination Clock Delay (DCD):    4.849ns = ( 14.849 - 10.000 ) 
    Source Clock Delay      (SCD):    5.146ns
    Clock Pessimism Removal (CPR):    0.274ns
  Clock Uncertainty:      0.035ns  ((TSJ^2 + TIJ^2)^1/2 + DJ) / 2 + PE
    Total System Jitter     (TSJ):    0.071ns
    Total Input Jitter      (TIJ):    0.000ns
    Discrete Jitter          (DJ):    0.000ns
    Phase Error              (PE):    0.000ns

    Location             Delay type                Incr(ns)  Path(ns)    Netlist Resource(s)
  -------------------------------------------------------------------    -------------------
                         (clock sys_clk_pin rise edge)
                                                      0.000     0.000 r  
    W5                                                0.000     0.000 r  clk (IN)
                         net (fo=0)                   0.000     0.000    clk
    W5                   IBUF (Prop_ibuf_I_O)         1.458     1.458 r  clk_IBUF_inst/O
                         net (fo=1, routed)           1.967     3.425    clk_IBUF
    BUFGCTRL_X0Y0        BUFG (Prop_bufg_I_O)         0.096     3.521 r  clk_IBUF_BUFG_inst/O
                         net (fo=44, routed)          1.625     5.146    rst_db/clk_IBUF_BUFG
    SLICE_X1Y20          FDRE                                         r  rst_db/count_reg[8]/C
  -------------------------------------------------------------------    -------------------
    SLICE_X1Y20          FDRE (Prop_fdre_C_Q)         0.419     5.565 r  rst_db/count_reg[8]/Q
                         net (fo=2, routed)           0.884     6.449    rst_db/count[8]
    SLICE_X3Y21          LUT4 (Prop_lut4_I1_O)        0.297     6.746 r  rst_db/count[19]_i_4/O
                         net (fo=1, routed)           1.006     7.752    rst_db/count[19]_i_4_n_0
    SLICE_X3Y20          LUT5 (Prop_lut5_I0_O)        0.124     7.876 f  rst_db/count[19]_i_3/O
                         net (fo=20, routed)          0.863     8.739    rst_db/count[19]_i_3_n_0
    SLICE_X3Y19          LUT2 (Prop_lut2_I1_O)        0.152     8.891 r  rst_db/count[3]_i_1/O
                         net (fo=1, routed)           0.000     8.891    rst_db/count_0[3]
    SLICE_X3Y19          FDRE                                         r  rst_db/count_reg[3]/D
  -------------------------------------------------------------------    -------------------

                         (clock sys_clk_pin rise edge)
                                                     10.000    10.000 r  
    W5                                                0.000    10.000 r  clk (IN)
                         net (fo=0)                   0.000    10.000    clk
    W5                   IBUF (Prop_ibuf_I_O)         1.388    11.388 r  clk_IBUF_inst/O
                         net (fo=1, routed)           1.862    13.250    clk_IBUF
    BUFGCTRL_X0Y0        BUFG (Prop_bufg_I_O)         0.091    13.341 r  clk_IBUF_BUFG_inst/O
                         net (fo=44, routed)          1.508    14.849    rst_db/clk_IBUF_BUFG
    SLICE_X3Y19          FDRE                                         r  rst_db/count_reg[3]/C
                         clock pessimism              0.274    15.123    
                         clock uncertainty           -0.035    15.088    
    SLICE_X3Y19          FDRE (Setup_fdre_C_D)        0.075    15.163    rst_db/count_reg[3]
  -------------------------------------------------------------------
                         required time                         15.163    
                         arrival time                          -8.891    
  -------------------------------------------------------------------
                         slack                                  6.272    

Slack (MET) :             6.275ns  (required time - arrival time)
  Source:                 rst_db/count_reg[8]/C
                            (rising edge-triggered cell FDRE clocked by sys_clk_pin  {rise@0.000ns fall@5.000ns period=10.000ns})
  Destination:            rst_db/count_reg[19]/D
                            (rising edge-triggered cell FDRE clocked by sys_clk_pin  {rise@0.000ns fall@5.000ns period=10.000ns})
  Path Group:             sys_clk_pin
  Path Type:              Setup (Max at Slow Process Corner)
  Requirement:            10.000ns  (sys_clk_pin rise@10.000ns - sys_clk_pin rise@0.000ns)
  Data Path Delay:        3.739ns  (logic 0.994ns (26.588%)  route 2.745ns (73.412%))
  Logic Levels:           3  (LUT2=1 LUT4=1 LUT5=1)
  Clock Path Skew:        -0.026ns (DCD - SCD + CPR)
    Destination Clock Delay (DCD):    4.846ns = ( 14.846 - 10.000 ) 
    Source Clock Delay      (SCD):    5.146ns
    Clock Pessimism Removal (CPR):    0.274ns
  Clock Uncertainty:      0.035ns  ((TSJ^2 + TIJ^2)^1/2 + DJ) / 2 + PE
    Total System Jitter     (TSJ):    0.071ns
    Total Input Jitter      (TIJ):    0.000ns
    Discrete Jitter          (DJ):    0.000ns
    Phase Error              (PE):    0.000ns

    Location             Delay type                Incr(ns)  Path(ns)    Netlist Resource(s)
  -------------------------------------------------------------------    -------------------
                         (clock sys_clk_pin rise edge)
                                                      0.000     0.000 r  
    W5                                                0.000     0.000 r  clk (IN)
                         net (fo=0)                   0.000     0.000    clk
    W5                   IBUF (Prop_ibuf_I_O)         1.458     1.458 r  clk_IBUF_inst/O
                         net (fo=1, routed)           1.967     3.425    clk_IBUF
    BUFGCTRL_X0Y0        BUFG (Prop_bufg_I_O)         0.096     3.521 r  clk_IBUF_BUFG_inst/O
                         net (fo=44, routed)          1.625     5.146    rst_db/clk_IBUF_BUFG
    SLICE_X1Y20          FDRE                                         r  rst_db/count_reg[8]/C
  -------------------------------------------------------------------    -------------------
    SLICE_X1Y20          FDRE (Prop_fdre_C_Q)         0.419     5.565 r  rst_db/count_reg[8]/Q
                         net (fo=2, routed)           0.884     6.449    rst_db/count[8]
    SLICE_X3Y21          LUT4 (Prop_lut4_I1_O)        0.297     6.746 r  rst_db/count[19]_i_4/O
                         net (fo=1, routed)           1.006     7.752    rst_db/count[19]_i_4_n_0
    SLICE_X3Y20          LUT5 (Prop_lut5_I0_O)        0.124     7.876 f  rst_db/count[19]_i_3/O
                         net (fo=20, routed)          0.855     8.731    rst_db/count[19]_i_3_n_0
    SLICE_X3Y22          LUT2 (Prop_lut2_I1_O)        0.154     8.885 r  rst_db/count[19]_i_2/O
                         net (fo=1, routed)           0.000     8.885    rst_db/count_0[19]
    SLICE_X3Y22          FDRE                                         r  rst_db/count_reg[19]/D
  -------------------------------------------------------------------    -------------------

                         (clock sys_clk_pin rise edge)
                                                     10.000    10.000 r  
    W5                                                0.000    10.000 r  clk (IN)
                         net (fo=0)                   0.000    10.000    clk
    W5                   IBUF (Prop_ibuf_I_O)         1.388    11.388 r  clk_IBUF_inst/O
                         net (fo=1, routed)           1.862    13.250    clk_IBUF
    BUFGCTRL_X0Y0        BUFG (Prop_bufg_I_O)         0.091    13.341 r  clk_IBUF_BUFG_inst/O
                         net (fo=44, routed)          1.505    14.846    rst_db/clk_IBUF_BUFG
    SLICE_X3Y22          FDRE                                         r  rst_db/count_reg[19]/C
                         clock pessimism              0.274    15.120    
                         clock uncertainty           -0.035    15.085    
    SLICE_X3Y22          FDRE (Setup_fdre_C_D)        0.075    15.160    rst_db/count_reg[19]
  -------------------------------------------------------------------
                         required time                         15.160    
                         arrival time                          -8.885    
  -------------------------------------------------------------------
                         slack                                  6.275    

Slack (MET) :             6.287ns  (required time - arrival time)
  Source:                 rst_db/count_reg[8]/C
                            (rising edge-triggered cell FDRE clocked by sys_clk_pin  {rise@0.000ns fall@5.000ns period=10.000ns})
  Destination:            rst_db/count_reg[7]/D
                            (rising edge-triggered cell FDRE clocked by sys_clk_pin  {rise@0.000ns fall@5.000ns period=10.000ns})
  Path Group:             sys_clk_pin
  Path Type:              Setup (Max at Slow Process Corner)
  Requirement:            10.000ns  (sys_clk_pin rise@10.000ns - sys_clk_pin rise@0.000ns)
  Data Path Delay:        3.708ns  (logic 0.964ns (25.995%)  route 2.744ns (74.005%))
  Logic Levels:           3  (LUT2=1 LUT4=1 LUT5=1)
  Clock Path Skew:        0.000ns (DCD - SCD + CPR)
    Destination Clock Delay (DCD):    4.849ns = ( 14.849 - 10.000 ) 
    Source Clock Delay      (SCD):    5.146ns
    Clock Pessimism Removal (CPR):    0.297ns
  Clock Uncertainty:      0.035ns  ((TSJ^2 + TIJ^2)^1/2 + DJ) / 2 + PE
    Total System Jitter     (TSJ):    0.071ns
    Total Input Jitter      (TIJ):    0.000ns
    Discrete Jitter          (DJ):    0.000ns
    Phase Error              (PE):    0.000ns

    Location             Delay type                Incr(ns)  Path(ns)    Netlist Resource(s)
  -------------------------------------------------------------------    -------------------
                         (clock sys_clk_pin rise edge)
                                                      0.000     0.000 r  
    W5                                                0.000     0.000 r  clk (IN)
                         net (fo=0)                   0.000     0.000    clk
    W5                   IBUF (Prop_ibuf_I_O)         1.458     1.458 r  clk_IBUF_inst/O
                         net (fo=1, routed)           1.967     3.425    clk_IBUF
    BUFGCTRL_X0Y0        BUFG (Prop_bufg_I_O)         0.096     3.521 r  clk_IBUF_BUFG_inst/O
                         net (fo=44, routed)          1.625     5.146    rst_db/clk_IBUF_BUFG
    SLICE_X1Y20          FDRE                                         r  rst_db/count_reg[8]/C
  -------------------------------------------------------------------    -------------------
    SLICE_X1Y20          FDRE (Prop_fdre_C_Q)         0.419     5.565 r  rst_db/count_reg[8]/Q
                         net (fo=2, routed)           0.884     6.449    rst_db/count[8]
    SLICE_X3Y21          LUT4 (Prop_lut4_I1_O)        0.297     6.746 r  rst_db/count[19]_i_4/O
                         net (fo=1, routed)           1.006     7.752    rst_db/count[19]_i_4_n_0
    SLICE_X3Y20          LUT5 (Prop_lut5_I0_O)        0.124     7.876 f  rst_db/count[19]_i_3/O
                         net (fo=20, routed)          0.855     8.731    rst_db/count[19]_i_3_n_0
    SLICE_X1Y20          LUT2 (Prop_lut2_I1_O)        0.124     8.855 r  rst_db/count[7]_i_1/O
                         net (fo=1, routed)           0.000     8.855    rst_db/count_0[7]
    SLICE_X1Y20          FDRE                                         r  rst_db/count_reg[7]/D
  -------------------------------------------------------------------    -------------------

                         (clock sys_clk_pin rise edge)
                                                     10.000    10.000 r  
    W5                                                0.000    10.000 r  clk (IN)
                         net (fo=0)                   0.000    10.000    clk
    W5                   IBUF (Prop_ibuf_I_O)         1.388    11.388 r  clk_IBUF_inst/O
                         net (fo=1, routed)           1.862    13.250    clk_IBUF
    BUFGCTRL_X0Y0        BUFG (Prop_bufg_I_O)         0.091    13.341 r  clk_IBUF_BUFG_inst/O
                         net (fo=44, routed)          1.508    14.849    rst_db/clk_IBUF_BUFG
    SLICE_X1Y20          FDRE                                         r  rst_db/count_reg[7]/C
                         clock pessimism              0.297    15.146    
                         clock uncertainty           -0.035    15.111    
    SLICE_X1Y20          FDRE (Setup_fdre_C_D)        0.031    15.142    rst_db/count_reg[7]
  -------------------------------------------------------------------
                         required time                         15.142    
                         arrival time                          -8.855    
  -------------------------------------------------------------------
                         slack                                  6.287    

Slack (MET) :             6.301ns  (required time - arrival time)
  Source:                 rst_db/count_reg[8]/C
                            (rising edge-triggered cell FDRE clocked by sys_clk_pin  {rise@0.000ns fall@5.000ns period=10.000ns})
  Destination:            rst_db/count_reg[8]/D
                            (rising edge-triggered cell FDRE clocked by sys_clk_pin  {rise@0.000ns fall@5.000ns period=10.000ns})
  Path Group:             sys_clk_pin
  Path Type:              Setup (Max at Slow Process Corner)
  Requirement:            10.000ns  (sys_clk_pin rise@10.000ns - sys_clk_pin rise@0.000ns)
  Data Path Delay:        3.738ns  (logic 0.994ns (26.589%)  route 2.744ns (73.411%))
  Logic Levels:           3  (LUT2=1 LUT4=1 LUT5=1)
  Clock Path Skew:        0.000ns (DCD - SCD + CPR)
    Destination Clock Delay (DCD):    4.849ns = ( 14.849 - 10.000 ) 
    Source Clock Delay      (SCD):    5.146ns
    Clock Pessimism Removal (CPR):    0.297ns
  Clock Uncertainty:      0.035ns  ((TSJ^2 + TIJ^2)^1/2 + DJ) / 2 + PE
    Total System Jitter     (TSJ):    0.071ns
    Total Input Jitter      (TIJ):    0.000ns
    Discrete Jitter          (DJ):    0.000ns
    Phase Error              (PE):    0.000ns

    Location             Delay type                Incr(ns)  Path(ns)    Netlist Resource(s)
  -------------------------------------------------------------------    -------------------
                         (clock sys_clk_pin rise edge)
                                                      0.000     0.000 r  
    W5                                                0.000     0.000 r  clk (IN)
                         net (fo=0)                   0.000     0.000    clk
    W5                   IBUF (Prop_ibuf_I_O)         1.458     1.458 r  clk_IBUF_inst/O
                         net (fo=1, routed)           1.967     3.425    clk_IBUF
    BUFGCTRL_X0Y0        BUFG (Prop_bufg_I_O)         0.096     3.521 r  clk_IBUF_BUFG_inst/O
                         net (fo=44, routed)          1.625     5.146    rst_db/clk_IBUF_BUFG
    SLICE_X1Y20          FDRE                                         r  rst_db/count_reg[8]/C
  -------------------------------------------------------------------    -------------------
    SLICE_X1Y20          FDRE (Prop_fdre_C_Q)         0.419     5.565 r  rst_db/count_reg[8]/Q
                         net (fo=2, routed)           0.884     6.449    rst_db/count[8]
    SLICE_X3Y21          LUT4 (Prop_lut4_I1_O)        0.297     6.746 r  rst_db/count[19]_i_4/O
                         net (fo=1, routed)           1.006     7.752    rst_db/count[19]_i_4_n_0
    SLICE_X3Y20          LUT5 (Prop_lut5_I0_O)        0.124     7.876 f  rst_db/count[19]_i_3/O
                         net (fo=20, routed)          0.855     8.731    rst_db/count[19]_i_3_n_0
    SLICE_X1Y20          LUT2 (Prop_lut2_I1_O)        0.154     8.885 r  rst_db/count[8]_i_1/O
                         net (fo=1, routed)           0.000     8.885    rst_db/count_0[8]
    SLICE_X1Y20          FDRE                                         r  rst_db/count_reg[8]/D
  -------------------------------------------------------------------    -------------------

                         (clock sys_clk_pin rise edge)
                                                     10.000    10.000 r  
    W5                                                0.000    10.000 r  clk (IN)
                         net (fo=0)                   0.000    10.000    clk
    W5                   IBUF (Prop_ibuf_I_O)         1.388    11.388 r  clk_IBUF_inst/O
                         net (fo=1, routed)           1.862    13.250    clk_IBUF
    BUFGCTRL_X0Y0        BUFG (Prop_bufg_I_O)         0.091    13.341 r  clk_IBUF_BUFG_inst/O
                         net (fo=44, routed)          1.508    14.849    rst_db/clk_IBUF_BUFG
    SLICE_X1Y20          FDRE                                         r  rst_db/count_reg[8]/C
                         clock pessimism              0.297    15.146    
                         clock uncertainty           -0.035    15.111    
    SLICE_X1Y20          FDRE (Setup_fdre_C_D)        0.075    15.186    rst_db/count_reg[8]
  -------------------------------------------------------------------
                         required time                         15.186    
                         arrival time                          -8.885    
  -------------------------------------------------------------------
                         slack                                  6.301    

Slack (MET) :             6.323ns  (required time - arrival time)
  Source:                 rst_db/count_reg[8]/C
                            (rising edge-triggered cell FDRE clocked by sys_clk_pin  {rise@0.000ns fall@5.000ns period=10.000ns})
  Destination:            rst_db/count_reg[14]/D
                            (rising edge-triggered cell FDRE clocked by sys_clk_pin  {rise@0.000ns fall@5.000ns period=10.000ns})
  Path Group:             sys_clk_pin
  Path Type:              Setup (Max at Slow Process Corner)
  Requirement:            10.000ns  (sys_clk_pin rise@10.000ns - sys_clk_pin rise@0.000ns)
  Data Path Delay:        3.644ns  (logic 0.964ns (26.452%)  route 2.680ns (73.548%))
  Logic Levels:           3  (LUT2=1 LUT4=1 LUT5=1)
  Clock Path Skew:        -0.026ns (DCD - SCD + CPR)
    Destination Clock Delay (DCD):    4.846ns = ( 14.846 - 10.000 ) 
    Source Clock Delay      (SCD):    5.146ns
    Clock Pessimism Removal (CPR):    0.274ns
  Clock Uncertainty:      0.035ns  ((TSJ^2 + TIJ^2)^1/2 + DJ) / 2 + PE
    Total System Jitter     (TSJ):    0.071ns
    Total Input Jitter      (TIJ):    0.000ns
    Discrete Jitter          (DJ):    0.000ns
    Phase Error              (PE):    0.000ns

    Location             Delay type                Incr(ns)  Path(ns)    Netlist Resource(s)
  -------------------------------------------------------------------    -------------------
                         (clock sys_clk_pin rise edge)
                                                      0.000     0.000 r  
    W5                                                0.000     0.000 r  clk (IN)
                         net (fo=0)                   0.000     0.000    clk
    W5                   IBUF (Prop_ibuf_I_O)         1.458     1.458 r  clk_IBUF_inst/O
                         net (fo=1, routed)           1.967     3.425    clk_IBUF
    BUFGCTRL_X0Y0        BUFG (Prop_bufg_I_O)         0.096     3.521 r  clk_IBUF_BUFG_inst/O
                         net (fo=44, routed)          1.625     5.146    rst_db/clk_IBUF_BUFG
    SLICE_X1Y20          FDRE                                         r  rst_db/count_reg[8]/C
  -------------------------------------------------------------------    -------------------
    SLICE_X1Y20          FDRE (Prop_fdre_C_Q)         0.419     5.565 r  rst_db/count_reg[8]/Q
                         net (fo=2, routed)           0.884     6.449    rst_db/count[8]
    SLICE_X3Y21          LUT4 (Prop_lut4_I1_O)        0.297     6.746 r  rst_db/count[19]_i_4/O
                         net (fo=1, routed)           1.006     7.752    rst_db/count[19]_i_4_n_0
    SLICE_X3Y20          LUT5 (Prop_lut5_I0_O)        0.124     7.876 f  rst_db/count[19]_i_3/O
                         net (fo=20, routed)          0.791     8.667    rst_db/count[19]_i_3_n_0
    SLICE_X3Y22          LUT2 (Prop_lut2_I1_O)        0.124     8.791 r  rst_db/count[14]_i_1/O
                         net (fo=1, routed)           0.000     8.791    rst_db/count_0[14]
    SLICE_X3Y22          FDRE                                         r  rst_db/count_reg[14]/D
  -------------------------------------------------------------------    -------------------

                         (clock sys_clk_pin rise edge)
                                                     10.000    10.000 r  
    W5                                                0.000    10.000 r  clk (IN)
                         net (fo=0)                   0.000    10.000    clk
    W5                   IBUF (Prop_ibuf_I_O)         1.388    11.388 r  clk_IBUF_inst/O
                         net (fo=1, routed)           1.862    13.250    clk_IBUF
    BUFGCTRL_X0Y0        BUFG (Prop_bufg_I_O)         0.091    13.341 r  clk_IBUF_BUFG_inst/O
                         net (fo=44, routed)          1.505    14.846    rst_db/clk_IBUF_BUFG
    SLICE_X3Y22          FDRE                                         r  rst_db/count_reg[14]/C
                         clock pessimism              0.274    15.120    
                         clock uncertainty           -0.035    15.085    
    SLICE_X3Y22          FDRE (Setup_fdre_C_D)        0.029    15.114    rst_db/count_reg[14]
  -------------------------------------------------------------------
                         required time                         15.114    
                         arrival time                          -8.791    
  -------------------------------------------------------------------
                         slack                                  6.323    





Min Delay Paths
--------------------------------------------------------------------------------------
Slack (MET) :             0.163ns  (arrival time - required time)
  Source:                 rst_db/btn_out_reg/C
                            (rising edge-triggered cell FDRE clocked by sys_clk_pin  {rise@0.000ns fall@5.000ns period=10.000ns})
  Destination:            FSM_onehot_state_reg[2]/D
                            (rising edge-triggered cell FDRE clocked by sys_clk_pin  {rise@0.000ns fall@5.000ns period=10.000ns})
  Path Group:             sys_clk_pin
  Path Type:              Hold (Min at Fast Process Corner)
  Requirement:            0.000ns  (sys_clk_pin rise@0.000ns - sys_clk_pin rise@0.000ns)
  Data Path Delay:        0.296ns  (logic 0.186ns (62.752%)  route 0.110ns (37.248%))
  Logic Levels:           1  (LUT4=1)
  Clock Path Skew:        0.013ns (DCD - SCD - CPR)
    Destination Clock Delay (DCD):    1.984ns
    Source Clock Delay      (SCD):    1.471ns
    Clock Pessimism Removal (CPR):    0.500ns

    Location             Delay type                Incr(ns)  Path(ns)    Netlist Resource(s)
  -------------------------------------------------------------------    -------------------
                         (clock sys_clk_pin rise edge)
                                                      0.000     0.000 r  
    W5                                                0.000     0.000 r  clk (IN)
                         net (fo=0)                   0.000     0.000    clk
    W5                   IBUF (Prop_ibuf_I_O)         0.226     0.226 r  clk_IBUF_inst/O
                         net (fo=1, routed)           0.631     0.858    clk_IBUF
    BUFGCTRL_X0Y0        BUFG (Prop_bufg_I_O)         0.026     0.884 r  clk_IBUF_BUFG_inst/O
                         net (fo=44, routed)          0.588     1.471    rst_db/clk_IBUF_BUFG
    SLICE_X3Y18          FDRE                                         r  rst_db/btn_out_reg/C
  -------------------------------------------------------------------    -------------------
    SLICE_X3Y18          FDRE (Prop_fdre_C_Q)         0.141     1.612 f  rst_db/btn_out_reg/Q
                         net (fo=6, routed)           0.110     1.723    rst_db/rst_clean
    SLICE_X2Y18          LUT4 (Prop_lut4_I2_O)        0.045     1.768 r  rst_db/FSM_onehot_state[2]_i_1/O
                         net (fo=1, routed)           0.000     1.768    rst_db_n_2
    SLICE_X2Y18          FDRE                                         r  FSM_onehot_state_reg[2]/D
  -------------------------------------------------------------------    -------------------

                         (clock sys_clk_pin rise edge)
                                                      0.000     0.000 r  
    W5                                                0.000     0.000 r  clk (IN)
                         net (fo=0)                   0.000     0.000    clk
    W5                   IBUF (Prop_ibuf_I_O)         0.414     0.414 r  clk_IBUF_inst/O
                         net (fo=1, routed)           0.685     1.099    clk_IBUF
    BUFGCTRL_X0Y0        BUFG (Prop_bufg_I_O)         0.029     1.128 r  clk_IBUF_BUFG_inst/O
                         net (fo=44, routed)          0.857     1.984    clk_IBUF_BUFG
    SLICE_X2Y18          FDRE                                         r  FSM_onehot_state_reg[2]/C
                         clock pessimism             -0.500     1.484    
    SLICE_X2Y18          FDRE (Hold_fdre_C_D)         0.120     1.604    FSM_onehot_state_reg[2]
  -------------------------------------------------------------------
                         required time                         -1.604    
                         arrival time                           1.768    
  -------------------------------------------------------------------
                         slack                                  0.163    

Slack (MET) :             0.189ns  (arrival time - required time)
  Source:                 ALUResult_latched_reg[8]/C
                            (rising edge-triggered cell FDRE clocked by sys_clk_pin  {rise@0.000ns fall@5.000ns period=10.000ns})
  Destination:            led_writer/leds_reg[8]_lopt_replica/D
                            (rising edge-triggered cell FDRE clocked by sys_clk_pin  {rise@0.000ns fall@5.000ns period=10.000ns})
  Path Group:             sys_clk_pin
  Path Type:              Hold (Min at Fast Process Corner)
  Requirement:            0.000ns  (sys_clk_pin rise@0.000ns - sys_clk_pin rise@0.000ns)
  Data Path Delay:        0.272ns  (logic 0.141ns (51.860%)  route 0.131ns (48.140%))
  Logic Levels:           0  
  Clock Path Skew:        0.013ns (DCD - SCD - CPR)
    Destination Clock Delay (DCD):    1.988ns
    Source Clock Delay      (SCD):    1.474ns
    Clock Pessimism Removal (CPR):    0.501ns

    Location             Delay type                Incr(ns)  Path(ns)    Netlist Resource(s)
  -------------------------------------------------------------------    -------------------
                         (clock sys_clk_pin rise edge)
                                                      0.000     0.000 r  
    W5                                                0.000     0.000 r  clk (IN)
                         net (fo=0)                   0.000     0.000    clk
    W5                   IBUF (Prop_ibuf_I_O)         0.226     0.226 r  clk_IBUF_inst/O
                         net (fo=1, routed)           0.631     0.858    clk_IBUF
    BUFGCTRL_X0Y0        BUFG (Prop_bufg_I_O)         0.026     0.884 r  clk_IBUF_BUFG_inst/O
                         net (fo=44, routed)          0.591     1.474    clk_IBUF_BUFG
    SLICE_X0Y14          FDRE                                         r  ALUResult_latched_reg[8]/C
  -------------------------------------------------------------------    -------------------
    SLICE_X0Y14          FDRE (Prop_fdre_C_Q)         0.141     1.615 r  ALUResult_latched_reg[8]/Q
                         net (fo=2, routed)           0.131     1.746    led_writer/in1[0]
    SLICE_X1Y14          FDRE                                         r  led_writer/leds_reg[8]_lopt_replica/D
  -------------------------------------------------------------------    -------------------

                         (clock sys_clk_pin rise edge)
                                                      0.000     0.000 r  
    W5                                                0.000     0.000 r  clk (IN)
                         net (fo=0)                   0.000     0.000    clk
    W5                   IBUF (Prop_ibuf_I_O)         0.414     0.414 r  clk_IBUF_inst/O
                         net (fo=1, routed)           0.685     1.099    clk_IBUF
    BUFGCTRL_X0Y0        BUFG (Prop_bufg_I_O)         0.029     1.128 r  clk_IBUF_BUFG_inst/O
                         net (fo=44, routed)          0.861     1.988    led_writer/clk_IBUF_BUFG
    SLICE_X1Y14          FDRE                                         r  led_writer/leds_reg[8]_lopt_replica/C
                         clock pessimism             -0.501     1.487    
    SLICE_X1Y14          FDRE (Hold_fdre_C_D)         0.070     1.557    led_writer/leds_reg[8]_lopt_replica
  -------------------------------------------------------------------
                         required time                         -1.557    
                         arrival time                           1.746    
  -------------------------------------------------------------------
                         slack                                  0.189    

Slack (MET) :             0.259ns  (arrival time - required time)
  Source:                 ALUResult_latched_reg[12]/C
                            (rising edge-triggered cell FDRE clocked by sys_clk_pin  {rise@0.000ns fall@5.000ns period=10.000ns})
  Destination:            led_writer/leds_reg[12]/D
                            (rising edge-triggered cell FDRE clocked by sys_clk_pin  {rise@0.000ns fall@5.000ns period=10.000ns})
  Path Group:             sys_clk_pin
  Path Type:              Hold (Min at Fast Process Corner)
  Requirement:            0.000ns  (sys_clk_pin rise@0.000ns - sys_clk_pin rise@0.000ns)
  Data Path Delay:        0.342ns  (logic 0.141ns (41.227%)  route 0.201ns (58.773%))
  Logic Levels:           0  
  Clock Path Skew:        0.013ns (DCD - SCD - CPR)
    Destination Clock Delay (DCD):    1.985ns
    Source Clock Delay      (SCD):    1.473ns
    Clock Pessimism Removal (CPR):    0.499ns

    Location             Delay type                Incr(ns)  Path(ns)    Netlist Resource(s)
  -------------------------------------------------------------------    -------------------
                         (clock sys_clk_pin rise edge)
                                                      0.000     0.000 r  
    W5                                                0.000     0.000 r  clk (IN)
                         net (fo=0)                   0.000     0.000    clk
    W5                   IBUF (Prop_ibuf_I_O)         0.226     0.226 r  clk_IBUF_inst/O
                         net (fo=1, routed)           0.631     0.858    clk_IBUF
    BUFGCTRL_X0Y0        BUFG (Prop_bufg_I_O)         0.026     0.884 r  clk_IBUF_BUFG_inst/O
                         net (fo=44, routed)          0.590     1.473    clk_IBUF_BUFG
    SLICE_X0Y16          FDRE                                         r  ALUResult_latched_reg[12]/C
  -------------------------------------------------------------------    -------------------
    SLICE_X0Y16          FDRE (Prop_fdre_C_Q)         0.141     1.614 r  ALUResult_latched_reg[12]/Q
                         net (fo=2, routed)           0.201     1.815    led_writer/in1[3]
    SLICE_X0Y17          FDRE                                         r  led_writer/leds_reg[12]/D
  -------------------------------------------------------------------    -------------------

                         (clock sys_clk_pin rise edge)
                                                      0.000     0.000 r  
    W5                                                0.000     0.000 r  clk (IN)
                         net (fo=0)                   0.000     0.000    clk
    W5                   IBUF (Prop_ibuf_I_O)         0.414     0.414 r  clk_IBUF_inst/O
                         net (fo=1, routed)           0.685     1.099    clk_IBUF
    BUFGCTRL_X0Y0        BUFG (Prop_bufg_I_O)         0.029     1.128 r  clk_IBUF_BUFG_inst/O
                         net (fo=44, routed)          0.858     1.985    led_writer/clk_IBUF_BUFG
    SLICE_X0Y17          FDRE                                         r  led_writer/leds_reg[12]/C
                         clock pessimism             -0.499     1.486    
    SLICE_X0Y17          FDRE (Hold_fdre_C_D)         0.070     1.556    led_writer/leds_reg[12]
  -------------------------------------------------------------------
                         required time                         -1.556    
                         arrival time                           1.815    
  -------------------------------------------------------------------
                         slack                                  0.259    

Slack (MET) :             0.261ns  (arrival time - required time)
  Source:                 ALUResult_latched_reg[10]/C
                            (rising edge-triggered cell FDRE clocked by sys_clk_pin  {rise@0.000ns fall@5.000ns period=10.000ns})
  Destination:            led_writer/leds_reg[10]_lopt_replica_3/D
                            (rising edge-triggered cell FDRE clocked by sys_clk_pin  {rise@0.000ns fall@5.000ns period=10.000ns})
  Path Group:             sys_clk_pin
  Path Type:              Hold (Min at Fast Process Corner)
  Requirement:            0.000ns  (sys_clk_pin rise@0.000ns - sys_clk_pin rise@0.000ns)
  Data Path Delay:        0.342ns  (logic 0.141ns (41.183%)  route 0.201ns (58.817%))
  Logic Levels:           0  
  Clock Path Skew:        0.011ns (DCD - SCD - CPR)
    Destination Clock Delay (DCD):    1.983ns
    Source Clock Delay      (SCD):    1.473ns
    Clock Pessimism Removal (CPR):    0.499ns

    Location             Delay type                Incr(ns)  Path(ns)    Netlist Resource(s)
  -------------------------------------------------------------------    -------------------
                         (clock sys_clk_pin rise edge)
                                                      0.000     0.000 r  
    W5                                                0.000     0.000 r  clk (IN)
                         net (fo=0)                   0.000     0.000    clk
    W5                   IBUF (Prop_ibuf_I_O)         0.226     0.226 r  clk_IBUF_inst/O
                         net (fo=1, routed)           0.631     0.858    clk_IBUF
    BUFGCTRL_X0Y0        BUFG (Prop_bufg_I_O)         0.026     0.884 r  clk_IBUF_BUFG_inst/O
                         net (fo=44, routed)          0.590     1.473    clk_IBUF_BUFG
    SLICE_X0Y16          FDRE                                         r  ALUResult_latched_reg[10]/C
  -------------------------------------------------------------------    -------------------
    SLICE_X0Y16          FDRE (Prop_fdre_C_Q)         0.141     1.614 r  ALUResult_latched_reg[10]/Q
                         net (fo=4, routed)           0.201     1.816    led_writer/in1[1]
    SLICE_X0Y19          FDRE                                         r  led_writer/leds_reg[10]_lopt_replica_3/D
  -------------------------------------------------------------------    -------------------

                         (clock sys_clk_pin rise edge)
                                                      0.000     0.000 r  
    W5                                                0.000     0.000 r  clk (IN)
                         net (fo=0)                   0.000     0.000    clk
    W5                   IBUF (Prop_ibuf_I_O)         0.414     0.414 r  clk_IBUF_inst/O
                         net (fo=1, routed)           0.685     1.099    clk_IBUF
    BUFGCTRL_X0Y0        BUFG (Prop_bufg_I_O)         0.029     1.128 r  clk_IBUF_BUFG_inst/O
                         net (fo=44, routed)          0.856     1.983    led_writer/clk_IBUF_BUFG
    SLICE_X0Y19          FDRE                                         r  led_writer/leds_reg[10]_lopt_replica_3/C
                         clock pessimism             -0.499     1.484    
    SLICE_X0Y19          FDRE (Hold_fdre_C_D)         0.070     1.554    led_writer/leds_reg[10]_lopt_replica_3
  -------------------------------------------------------------------
                         required time                         -1.554    
                         arrival time                           1.816    
  -------------------------------------------------------------------
                         slack                                  0.261    

Slack (MET) :             0.264ns  (arrival time - required time)
  Source:                 ALUResult_latched_reg[8]/C
                            (rising edge-triggered cell FDRE clocked by sys_clk_pin  {rise@0.000ns fall@5.000ns period=10.000ns})
  Destination:            led_writer/leds_reg[8]/D
                            (rising edge-triggered cell FDRE clocked by sys_clk_pin  {rise@0.000ns fall@5.000ns period=10.000ns})
  Path Group:             sys_clk_pin
  Path Type:              Hold (Min at Fast Process Corner)
  Requirement:            0.000ns  (sys_clk_pin rise@0.000ns - sys_clk_pin rise@0.000ns)
  Data Path Delay:        0.343ns  (logic 0.141ns (41.057%)  route 0.202ns (58.943%))
  Logic Levels:           0  
  Clock Path Skew:        0.013ns (DCD - SCD - CPR)
    Destination Clock Delay (DCD):    1.988ns
    Source Clock Delay      (SCD):    1.474ns
    Clock Pessimism Removal (CPR):    0.501ns

    Location             Delay type                Incr(ns)  Path(ns)    Netlist Resource(s)
  -------------------------------------------------------------------    -------------------
                         (clock sys_clk_pin rise edge)
                                                      0.000     0.000 r  
    W5                                                0.000     0.000 r  clk (IN)
                         net (fo=0)                   0.000     0.000    clk
    W5                   IBUF (Prop_ibuf_I_O)         0.226     0.226 r  clk_IBUF_inst/O
                         net (fo=1, routed)           0.631     0.858    clk_IBUF
    BUFGCTRL_X0Y0        BUFG (Prop_bufg_I_O)         0.026     0.884 r  clk_IBUF_BUFG_inst/O
                         net (fo=44, routed)          0.591     1.474    clk_IBUF_BUFG
    SLICE_X0Y14          FDRE                                         r  ALUResult_latched_reg[8]/C
  -------------------------------------------------------------------    -------------------
    SLICE_X0Y14          FDRE (Prop_fdre_C_Q)         0.141     1.615 r  ALUResult_latched_reg[8]/Q
                         net (fo=2, routed)           0.202     1.818    led_writer/in1[0]
    SLICE_X1Y14          FDRE                                         r  led_writer/leds_reg[8]/D
  -------------------------------------------------------------------    -------------------

                         (clock sys_clk_pin rise edge)
                                                      0.000     0.000 r  
    W5                                                0.000     0.000 r  clk (IN)
                         net (fo=0)                   0.000     0.000    clk
    W5                   IBUF (Prop_ibuf_I_O)         0.414     0.414 r  clk_IBUF_inst/O
                         net (fo=1, routed)           0.685     1.099    clk_IBUF
    BUFGCTRL_X0Y0        BUFG (Prop_bufg_I_O)         0.029     1.128 r  clk_IBUF_BUFG_inst/O
                         net (fo=44, routed)          0.861     1.988    led_writer/clk_IBUF_BUFG
    SLICE_X1Y14          FDRE                                         r  led_writer/leds_reg[8]/C
                         clock pessimism             -0.501     1.487    
    SLICE_X1Y14          FDRE (Hold_fdre_C_D)         0.066     1.553    led_writer/leds_reg[8]
  -------------------------------------------------------------------
                         required time                         -1.553    
                         arrival time                           1.818    
  -------------------------------------------------------------------
                         slack                                  0.264    

Slack (MET) :             0.279ns  (arrival time - required time)
  Source:                 Zero_latched_reg/C
                            (rising edge-triggered cell FDRE clocked by sys_clk_pin  {rise@0.000ns fall@5.000ns period=10.000ns})
  Destination:            led_writer/leds_reg[15]/D
                            (rising edge-triggered cell FDRE clocked by sys_clk_pin  {rise@0.000ns fall@5.000ns period=10.000ns})
  Path Group:             sys_clk_pin
  Path Type:              Hold (Min at Fast Process Corner)
  Requirement:            0.000ns  (sys_clk_pin rise@0.000ns - sys_clk_pin rise@0.000ns)
  Data Path Delay:        0.357ns  (logic 0.141ns (39.533%)  route 0.216ns (60.467%))
  Logic Levels:           0  
  Clock Path Skew:        0.012ns (DCD - SCD - CPR)
    Destination Clock Delay (DCD):    1.985ns
    Source Clock Delay      (SCD):    1.474ns
    Clock Pessimism Removal (CPR):    0.499ns

    Location             Delay type                Incr(ns)  Path(ns)    Netlist Resource(s)
  -------------------------------------------------------------------    -------------------
                         (clock sys_clk_pin rise edge)
                                                      0.000     0.000 r  
    W5                                                0.000     0.000 r  clk (IN)
                         net (fo=0)                   0.000     0.000    clk
    W5                   IBUF (Prop_ibuf_I_O)         0.226     0.226 r  clk_IBUF_inst/O
                         net (fo=1, routed)           0.631     0.858    clk_IBUF
    BUFGCTRL_X0Y0        BUFG (Prop_bufg_I_O)         0.026     0.884 r  clk_IBUF_BUFG_inst/O
                         net (fo=44, routed)          0.591     1.474    clk_IBUF_BUFG
    SLICE_X0Y15          FDRE                                         r  Zero_latched_reg/C
  -------------------------------------------------------------------    -------------------
    SLICE_X0Y15          FDRE (Prop_fdre_C_Q)         0.141     1.615 r  Zero_latched_reg/Q
                         net (fo=2, routed)           0.216     1.831    led_writer/in1[5]
    SLICE_X0Y17          FDRE                                         r  led_writer/leds_reg[15]/D
  -------------------------------------------------------------------    -------------------

                         (clock sys_clk_pin rise edge)
                                                      0.000     0.000 r  
    W5                                                0.000     0.000 r  clk (IN)
                         net (fo=0)                   0.000     0.000    clk
    W5                   IBUF (Prop_ibuf_I_O)         0.414     0.414 r  clk_IBUF_inst/O
                         net (fo=1, routed)           0.685     1.099    clk_IBUF
    BUFGCTRL_X0Y0        BUFG (Prop_bufg_I_O)         0.029     1.128 r  clk_IBUF_BUFG_inst/O
                         net (fo=44, routed)          0.858     1.985    led_writer/clk_IBUF_BUFG
    SLICE_X0Y17          FDRE                                         r  led_writer/leds_reg[15]/C
                         clock pessimism             -0.499     1.486    
    SLICE_X0Y17          FDRE (Hold_fdre_C_D)         0.066     1.552    led_writer/leds_reg[15]
  -------------------------------------------------------------------
                         required time                         -1.552    
                         arrival time                           1.831    
  -------------------------------------------------------------------
                         slack                                  0.279    

Slack (MET) :             0.280ns  (arrival time - required time)
  Source:                 Zero_latched_reg/C
                            (rising edge-triggered cell FDRE clocked by sys_clk_pin  {rise@0.000ns fall@5.000ns period=10.000ns})
  Destination:            Zero_latched_reg/D
                            (rising edge-triggered cell FDRE clocked by sys_clk_pin  {rise@0.000ns fall@5.000ns period=10.000ns})
  Path Group:             sys_clk_pin
  Path Type:              Hold (Min at Fast Process Corner)
  Requirement:            0.000ns  (sys_clk_pin rise@0.000ns - sys_clk_pin rise@0.000ns)
  Data Path Delay:        0.371ns  (logic 0.186ns (50.171%)  route 0.185ns (49.829%))
  Logic Levels:           1  (LUT6=1)
  Clock Path Skew:        0.000ns (DCD - SCD - CPR)
    Destination Clock Delay (DCD):    1.987ns
    Source Clock Delay      (SCD):    1.474ns
    Clock Pessimism Removal (CPR):    0.513ns

    Location             Delay type                Incr(ns)  Path(ns)    Netlist Resource(s)
  -------------------------------------------------------------------    -------------------
                         (clock sys_clk_pin rise edge)
                                                      0.000     0.000 r  
    W5                                                0.000     0.000 r  clk (IN)
                         net (fo=0)                   0.000     0.000    clk
    W5                   IBUF (Prop_ibuf_I_O)         0.226     0.226 r  clk_IBUF_inst/O
                         net (fo=1, routed)           0.631     0.858    clk_IBUF
    BUFGCTRL_X0Y0        BUFG (Prop_bufg_I_O)         0.026     0.884 r  clk_IBUF_BUFG_inst/O
                         net (fo=44, routed)          0.591     1.474    clk_IBUF_BUFG
    SLICE_X0Y15          FDRE                                         r  Zero_latched_reg/C
  -------------------------------------------------------------------    -------------------
    SLICE_X0Y15          FDRE (Prop_fdre_C_Q)         0.141     1.615 r  Zero_latched_reg/Q
                         net (fo=2, routed)           0.185     1.800    in1[15]
    SLICE_X0Y15          LUT6 (Prop_lut6_I5_O)        0.045     1.845 r  Zero_latched_i_1/O
                         net (fo=1, routed)           0.000     1.845    Zero_latched_i_1_n_0
    SLICE_X0Y15          FDRE                                         r  Zero_latched_reg/D
  -------------------------------------------------------------------    -------------------

                         (clock sys_clk_pin rise edge)
                                                      0.000     0.000 r  
    W5                                                0.000     0.000 r  clk (IN)
                         net (fo=0)                   0.000     0.000    clk
    W5                   IBUF (Prop_ibuf_I_O)         0.414     0.414 r  clk_IBUF_inst/O
                         net (fo=1, routed)           0.685     1.099    clk_IBUF
    BUFGCTRL_X0Y0        BUFG (Prop_bufg_I_O)         0.029     1.128 r  clk_IBUF_BUFG_inst/O
                         net (fo=44, routed)          0.860     1.987    clk_IBUF_BUFG
    SLICE_X0Y15          FDRE                                         r  Zero_latched_reg/C
                         clock pessimism             -0.513     1.474    
    SLICE_X0Y15          FDRE (Hold_fdre_C_D)         0.091     1.565    Zero_latched_reg
  -------------------------------------------------------------------
                         required time                         -1.565    
                         arrival time                           1.845    
  -------------------------------------------------------------------
                         slack                                  0.280    

Slack (MET) :             0.284ns  (arrival time - required time)
  Source:                 btn_prev_reg/C
                            (rising edge-triggered cell FDRE clocked by sys_clk_pin  {rise@0.000ns fall@5.000ns period=10.000ns})
  Destination:            FSM_onehot_state_reg[1]/D
                            (rising edge-triggered cell FDRE clocked by sys_clk_pin  {rise@0.000ns fall@5.000ns period=10.000ns})
  Path Group:             sys_clk_pin
  Path Type:              Hold (Min at Fast Process Corner)
  Requirement:            0.000ns  (sys_clk_pin rise@0.000ns - sys_clk_pin rise@0.000ns)
  Data Path Delay:        0.415ns  (logic 0.249ns (60.018%)  route 0.166ns (39.982%))
  Logic Levels:           1  (LUT4=1)
  Clock Path Skew:        0.000ns (DCD - SCD - CPR)
    Destination Clock Delay (DCD):    1.984ns
    Source Clock Delay      (SCD):    1.471ns
    Clock Pessimism Removal (CPR):    0.513ns

    Location             Delay type                Incr(ns)  Path(ns)    Netlist Resource(s)
  -------------------------------------------------------------------    -------------------
                         (clock sys_clk_pin rise edge)
                                                      0.000     0.000 r  
    W5                                                0.000     0.000 r  clk (IN)
                         net (fo=0)                   0.000     0.000    clk
    W5                   IBUF (Prop_ibuf_I_O)         0.226     0.226 r  clk_IBUF_inst/O
                         net (fo=1, routed)           0.631     0.858    clk_IBUF
    BUFGCTRL_X0Y0        BUFG (Prop_bufg_I_O)         0.026     0.884 r  clk_IBUF_BUFG_inst/O
                         net (fo=44, routed)          0.588     1.471    clk_IBUF_BUFG
    SLICE_X2Y18          FDRE                                         r  btn_prev_reg/C
  -------------------------------------------------------------------    -------------------
    SLICE_X2Y18          FDRE (Prop_fdre_C_Q)         0.148     1.619 f  btn_prev_reg/Q
                         net (fo=3, routed)           0.166     1.785    rst_db/btn_prev
    SLICE_X2Y18          LUT4 (Prop_lut4_I1_O)        0.101     1.886 r  rst_db/FSM_onehot_state[1]_i_1/O
                         net (fo=1, routed)           0.000     1.886    rst_db_n_3
    SLICE_X2Y18          FDRE                                         r  FSM_onehot_state_reg[1]/D
  -------------------------------------------------------------------    -------------------

                         (clock sys_clk_pin rise edge)
                                                      0.000     0.000 r  
    W5                                                0.000     0.000 r  clk (IN)
                         net (fo=0)                   0.000     0.000    clk
    W5                   IBUF (Prop_ibuf_I_O)         0.414     0.414 r  clk_IBUF_inst/O
                         net (fo=1, routed)           0.685     1.099    clk_IBUF
    BUFGCTRL_X0Y0        BUFG (Prop_bufg_I_O)         0.029     1.128 r  clk_IBUF_BUFG_inst/O
                         net (fo=44, routed)          0.857     1.984    clk_IBUF_BUFG
    SLICE_X2Y18          FDRE                                         r  FSM_onehot_state_reg[1]/C
                         clock pessimism             -0.513     1.471    
    SLICE_X2Y18          FDRE (Hold_fdre_C_D)         0.131     1.602    FSM_onehot_state_reg[1]
  -------------------------------------------------------------------
                         required time                         -1.602    
                         arrival time                           1.886    
  -------------------------------------------------------------------
                         slack                                  0.284    

Slack (MET) :             0.289ns  (arrival time - required time)
  Source:                 ALUResult_latched_reg[11]/C
                            (rising edge-triggered cell FDRE clocked by sys_clk_pin  {rise@0.000ns fall@5.000ns period=10.000ns})
  Destination:            led_writer/leds_reg[11]/D
                            (rising edge-triggered cell FDRE clocked by sys_clk_pin  {rise@0.000ns fall@5.000ns period=10.000ns})
  Path Group:             sys_clk_pin
  Path Type:              Hold (Min at Fast Process Corner)
  Requirement:            0.000ns  (sys_clk_pin rise@0.000ns - sys_clk_pin rise@0.000ns)
  Data Path Delay:        0.312ns  (logic 0.128ns (41.053%)  route 0.184ns (58.947%))
  Logic Levels:           0  
  Clock Path Skew:        0.011ns (DCD - SCD - CPR)
    Destination Clock Delay (DCD):    1.983ns
    Source Clock Delay      (SCD):    1.473ns
    Clock Pessimism Removal (CPR):    0.499ns

    Location             Delay type                Incr(ns)  Path(ns)    Netlist Resource(s)
  -------------------------------------------------------------------    -------------------
                         (clock sys_clk_pin rise edge)
                                                      0.000     0.000 r  
    W5                                                0.000     0.000 r  clk (IN)
                         net (fo=0)                   0.000     0.000    clk
    W5                   IBUF (Prop_ibuf_I_O)         0.226     0.226 r  clk_IBUF_inst/O
                         net (fo=1, routed)           0.631     0.858    clk_IBUF
    BUFGCTRL_X0Y0        BUFG (Prop_bufg_I_O)         0.026     0.884 r  clk_IBUF_BUFG_inst/O
                         net (fo=44, routed)          0.590     1.473    clk_IBUF_BUFG
    SLICE_X0Y16          FDRE                                         r  ALUResult_latched_reg[11]/C
  -------------------------------------------------------------------    -------------------
    SLICE_X0Y16          FDRE (Prop_fdre_C_Q)         0.128     1.601 r  ALUResult_latched_reg[11]/Q
                         net (fo=2, routed)           0.184     1.785    led_writer/in1[2]
    SLICE_X0Y19          FDRE                                         r  led_writer/leds_reg[11]/D
  -------------------------------------------------------------------    -------------------

                         (clock sys_clk_pin rise edge)
                                                      0.000     0.000 r  
    W5                                                0.000     0.000 r  clk (IN)
                         net (fo=0)                   0.000     0.000    clk
    W5                   IBUF (Prop_ibuf_I_O)         0.414     0.414 r  clk_IBUF_inst/O
                         net (fo=1, routed)           0.685     1.099    clk_IBUF
    BUFGCTRL_X0Y0        BUFG (Prop_bufg_I_O)         0.029     1.128 r  clk_IBUF_BUFG_inst/O
                         net (fo=44, routed)          0.856     1.983    led_writer/clk_IBUF_BUFG
    SLICE_X0Y19          FDRE                                         r  led_writer/leds_reg[11]/C
                         clock pessimism             -0.499     1.484    
    SLICE_X0Y19          FDRE (Hold_fdre_C_D)         0.012     1.496    led_writer/leds_reg[11]
  -------------------------------------------------------------------
                         required time                         -1.496    
                         arrival time                           1.785    
  -------------------------------------------------------------------
                         slack                                  0.289    

Slack (MET) :             0.290ns  (arrival time - required time)
  Source:                 rst_db/count_reg[0]/C
                            (rising edge-triggered cell FDRE clocked by sys_clk_pin  {rise@0.000ns fall@5.000ns period=10.000ns})
  Destination:            rst_db/count_reg[0]/D
                            (rising edge-triggered cell FDRE clocked by sys_clk_pin  {rise@0.000ns fall@5.000ns period=10.000ns})
  Path Group:             sys_clk_pin
  Path Type:              Hold (Min at Fast Process Corner)
  Requirement:            0.000ns  (sys_clk_pin rise@0.000ns - sys_clk_pin rise@0.000ns)
  Data Path Delay:        0.395ns  (logic 0.187ns (47.392%)  route 0.208ns (52.608%))
  Logic Levels:           1  (LUT1=1)
  Clock Path Skew:        0.000ns (DCD - SCD - CPR)
    Destination Clock Delay (DCD):    1.982ns
    Source Clock Delay      (SCD):    1.469ns
    Clock Pessimism Removal (CPR):    0.513ns

    Location             Delay type                Incr(ns)  Path(ns)    Netlist Resource(s)
  -------------------------------------------------------------------    -------------------
                         (clock sys_clk_pin rise edge)
                                                      0.000     0.000 r  
    W5                                                0.000     0.000 r  clk (IN)
                         net (fo=0)                   0.000     0.000    clk
    W5                   IBUF (Prop_ibuf_I_O)         0.226     0.226 r  clk_IBUF_inst/O
                         net (fo=1, routed)           0.631     0.858    clk_IBUF
    BUFGCTRL_X0Y0        BUFG (Prop_bufg_I_O)         0.026     0.884 r  clk_IBUF_BUFG_inst/O
                         net (fo=44, routed)          0.586     1.469    rst_db/clk_IBUF_BUFG
    SLICE_X1Y20          FDRE                                         r  rst_db/count_reg[0]/C
  -------------------------------------------------------------------    -------------------
    SLICE_X1Y20          FDRE (Prop_fdre_C_Q)         0.141     1.610 f  rst_db/count_reg[0]/Q
                         net (fo=3, routed)           0.208     1.818    rst_db/count[0]
    SLICE_X1Y20          LUT1 (Prop_lut1_I0_O)        0.046     1.864 r  rst_db/count[0]_i_1/O
                         net (fo=1, routed)           0.000     1.864    rst_db/count_0[0]
    SLICE_X1Y20          FDRE                                         r  rst_db/count_reg[0]/D
  -------------------------------------------------------------------    -------------------

                         (clock sys_clk_pin rise edge)
                                                      0.000     0.000 r  
    W5                                                0.000     0.000 r  clk (IN)
                         net (fo=0)                   0.000     0.000    clk
    W5                   IBUF (Prop_ibuf_I_O)         0.414     0.414 r  clk_IBUF_inst/O
                         net (fo=1, routed)           0.685     1.099    clk_IBUF
    BUFGCTRL_X0Y0        BUFG (Prop_bufg_I_O)         0.029     1.128 r  clk_IBUF_BUFG_inst/O
                         net (fo=44, routed)          0.855     1.982    rst_db/clk_IBUF_BUFG
    SLICE_X1Y20          FDRE                                         r  rst_db/count_reg[0]/C
                         clock pessimism             -0.513     1.469    
    SLICE_X1Y20          FDRE (Hold_fdre_C_D)         0.105     1.574    rst_db/count_reg[0]
  -------------------------------------------------------------------
                         required time                         -1.574    
                         arrival time                           1.864    
  -------------------------------------------------------------------
                         slack                                  0.290    





Pulse Width Checks
--------------------------------------------------------------------------------------
Clock Name:         sys_clk_pin
Waveform(ns):       { 0.000 5.000 }
Period(ns):         10.000
Sources:            { clk }

Check Type        Corner  Lib Pin  Reference Pin  Required(ns)  Actual(ns)  Slack(ns)  Location       Pin
Min Period        n/a     BUFG/I   n/a            2.155         10.000      7.845      BUFGCTRL_X0Y0  clk_IBUF_BUFG_inst/I
Min Period        n/a     FDRE/C   n/a            1.000         10.000      9.000      SLICE_X0Y16    ALUResult_latched_reg[10]/C
Min Period        n/a     FDRE/C   n/a            1.000         10.000      9.000      SLICE_X0Y16    ALUResult_latched_reg[11]/C
Min Period        n/a     FDRE/C   n/a            1.000         10.000      9.000      SLICE_X0Y16    ALUResult_latched_reg[12]/C
Min Period        n/a     FDRE/C   n/a            1.000         10.000      9.000      SLICE_X0Y16    ALUResult_latched_reg[13]/C
Min Period        n/a     FDRE/C   n/a            1.000         10.000      9.000      SLICE_X0Y14    ALUResult_latched_reg[8]/C
Min Period        n/a     FDRE/C   n/a            1.000         10.000      9.000      SLICE_X2Y18    FSM_onehot_state_reg[0]/C
Min Period        n/a     FDRE/C   n/a            1.000         10.000      9.000      SLICE_X2Y18    FSM_onehot_state_reg[1]/C
Min Period        n/a     FDRE/C   n/a            1.000         10.000      9.000      SLICE_X2Y18    FSM_onehot_state_reg[2]/C
Min Period        n/a     FDRE/C   n/a            1.000         10.000      9.000      SLICE_X0Y15    Zero_latched_reg/C
Low Pulse Width   Fast    FDRE/C   n/a            0.500         5.000       4.500      SLICE_X0Y16    ALUResult_latched_reg[10]/C
Low Pulse Width   Fast    FDRE/C   n/a            0.500         5.000       4.500      SLICE_X0Y16    ALUResult_latched_reg[11]/C
Low Pulse Width   Fast    FDRE/C   n/a            0.500         5.000       4.500      SLICE_X0Y16    ALUResult_latched_reg[12]/C
Low Pulse Width   Fast    FDRE/C   n/a            0.500         5.000       4.500      SLICE_X0Y16    ALUResult_latched_reg[13]/C
Low Pulse Width   Fast    FDRE/C   n/a            0.500         5.000       4.500      SLICE_X0Y14    ALUResult_latched_reg[8]/C
Low Pulse Width   Slow    FDRE/C   n/a            0.500         5.000       4.500      SLICE_X2Y18    FSM_onehot_state_reg[0]/C
Low Pulse Width   Slow    FDRE/C   n/a            0.500         5.000       4.500      SLICE_X2Y18    FSM_onehot_state_reg[1]/C
Low Pulse Width   Slow    FDRE/C   n/a            0.500         5.000       4.500      SLICE_X2Y18    FSM_onehot_state_reg[2]/C
Low Pulse Width   Fast    FDRE/C   n/a            0.500         5.000       4.500      SLICE_X0Y15    Zero_latched_reg/C
Low Pulse Width   Slow    FDRE/C   n/a            0.500         5.000       4.500      SLICE_X2Y18    btn_prev_reg/C
High Pulse Width  Slow    FDRE/C   n/a            0.500         5.000       4.500      SLICE_X0Y16    ALUResult_latched_reg[10]/C
High Pulse Width  Fast    FDRE/C   n/a            0.500         5.000       4.500      SLICE_X0Y16    ALUResult_latched_reg[10]/C
High Pulse Width  Slow    FDRE/C   n/a            0.500         5.000       4.500      SLICE_X0Y16    ALUResult_latched_reg[11]/C
High Pulse Width  Fast    FDRE/C   n/a            0.500         5.000       4.500      SLICE_X0Y16    ALUResult_latched_reg[11]/C
High Pulse Width  Slow    FDRE/C   n/a            0.500         5.000       4.500      SLICE_X0Y16    ALUResult_latched_reg[12]/C
High Pulse Width  Fast    FDRE/C   n/a            0.500         5.000       4.500      SLICE_X0Y16    ALUResult_latched_reg[12]/C
High Pulse Width  Slow    FDRE/C   n/a            0.500         5.000       4.500      SLICE_X0Y16    ALUResult_latched_reg[13]/C
High Pulse Width  Fast    FDRE/C   n/a            0.500         5.000       4.500      SLICE_X0Y16    ALUResult_latched_reg[13]/C
High Pulse Width  Slow    FDRE/C   n/a            0.500         5.000       4.500      SLICE_X0Y15    Zero_latched_reg/C
High Pulse Width  Slow    FDRE/C   n/a            0.500         5.000       4.500      SLICE_X0Y17    led_writer/leds_reg[12]/C



